Archive member included to satisfy reference by file (symbol)

e:/software/mounr/mounriver_studio/toolchain/risc-v embedded gcc/bin/../lib/gcc/riscv-none-embed/8.2.0/rv32imac/ilp32\libgcc.a(adddf3.o)
                              ./CODE/motor.o (__adddf3)
e:/software/mounr/mounriver_studio/toolchain/risc-v embedded gcc/bin/../lib/gcc/riscv-none-embed/8.2.0/rv32imac/ilp32\libgcc.a(divdf3.o)
                              ./CODE/filter.o (__divdf3)
e:/software/mounr/mounriver_studio/toolchain/risc-v embedded gcc/bin/../lib/gcc/riscv-none-embed/8.2.0/rv32imac/ilp32\libgcc.a(eqdf2.o)
                              ./Libraries/seekfree_peripheral/SEEKFREE_PRINTF.o (__nedf2)
e:/software/mounr/mounriver_studio/toolchain/risc-v embedded gcc/bin/../lib/gcc/riscv-none-embed/8.2.0/rv32imac/ilp32\libgcc.a(ledf2.o)
                              ./Libraries/seekfree_peripheral/SEEKFREE_18TFT.o (__ltdf2)
e:/software/mounr/mounriver_studio/toolchain/risc-v embedded gcc/bin/../lib/gcc/riscv-none-embed/8.2.0/rv32imac/ilp32\libgcc.a(muldf3.o)
                              ./Libraries/seekfree_peripheral/SEEKFREE_PRINTF.o (__muldf3)
e:/software/mounr/mounriver_studio/toolchain/risc-v embedded gcc/bin/../lib/gcc/riscv-none-embed/8.2.0/rv32imac/ilp32\libgcc.a(subdf3.o)
                              ./Libraries/seekfree_peripheral/SEEKFREE_PRINTF.o (__subdf3)
e:/software/mounr/mounriver_studio/toolchain/risc-v embedded gcc/bin/../lib/gcc/riscv-none-embed/8.2.0/rv32imac/ilp32\libgcc.a(fixdfsi.o)
                              ./Libraries/seekfree_peripheral/SEEKFREE_PRINTF.o (__fixdfsi)
e:/software/mounr/mounriver_studio/toolchain/risc-v embedded gcc/bin/../lib/gcc/riscv-none-embed/8.2.0/rv32imac/ilp32\libgcc.a(floatsidf.o)
                              ./USER/isr.o (__floatsidf)
e:/software/mounr/mounriver_studio/toolchain/risc-v embedded gcc/bin/../lib/gcc/riscv-none-embed/8.2.0/rv32imac/ilp32\libgcc.a(addsf3.o)
                              ./CODE/filter.o (__addsf3)
e:/software/mounr/mounriver_studio/toolchain/risc-v embedded gcc/bin/../lib/gcc/riscv-none-embed/8.2.0/rv32imac/ilp32\libgcc.a(gesf2.o)
                              ./CODE/pid.o (__gtsf2)
e:/software/mounr/mounriver_studio/toolchain/risc-v embedded gcc/bin/../lib/gcc/riscv-none-embed/8.2.0/rv32imac/ilp32\libgcc.a(lesf2.o)
                              ./CODE/pid.o (__ltsf2)
e:/software/mounr/mounriver_studio/toolchain/risc-v embedded gcc/bin/../lib/gcc/riscv-none-embed/8.2.0/rv32imac/ilp32\libgcc.a(mulsf3.o)
                              ./CODE/filter.o (__mulsf3)
e:/software/mounr/mounriver_studio/toolchain/risc-v embedded gcc/bin/../lib/gcc/riscv-none-embed/8.2.0/rv32imac/ilp32\libgcc.a(subsf3.o)
                              ./CODE/pid.o (__subsf3)
e:/software/mounr/mounriver_studio/toolchain/risc-v embedded gcc/bin/../lib/gcc/riscv-none-embed/8.2.0/rv32imac/ilp32\libgcc.a(fixsfsi.o)
                              ./USER/isr.o (__fixsfsi)
e:/software/mounr/mounriver_studio/toolchain/risc-v embedded gcc/bin/../lib/gcc/riscv-none-embed/8.2.0/rv32imac/ilp32\libgcc.a(floatsisf.o)
                              ./USER/isr.o (__floatsisf)
e:/software/mounr/mounriver_studio/toolchain/risc-v embedded gcc/bin/../lib/gcc/riscv-none-embed/8.2.0/rv32imac/ilp32\libgcc.a(floatunsisf.o)
                              ./CODE/pid.o (__floatunsisf)
e:/software/mounr/mounriver_studio/toolchain/risc-v embedded gcc/bin/../lib/gcc/riscv-none-embed/8.2.0/rv32imac/ilp32\libgcc.a(_clzsi2.o)
                              e:/software/mounr/mounriver_studio/toolchain/risc-v embedded gcc/bin/../lib/gcc/riscv-none-embed/8.2.0/rv32imac/ilp32\libgcc.a(adddf3.o) (__clzsi2)
e:/software/mounr/mounriver_studio/toolchain/risc-v embedded gcc/bin/../lib/gcc/riscv-none-embed/8.2.0/rv32imac/ilp32\libgcc.a(_clz.o)
                              e:/software/mounr/mounriver_studio/toolchain/risc-v embedded gcc/bin/../lib/gcc/riscv-none-embed/8.2.0/rv32imac/ilp32\libgcc.a(_clzsi2.o) (__clz_tab)
e:/software/mounr/mounriver_studio/toolchain/risc-v embedded gcc/bin/../lib/gcc/riscv-none-embed/8.2.0/../../../../riscv-none-embed/lib/rv32imac/ilp32\libg_nano.a(lib_a-assert.o)
                              ./Libraries/seekfree_peripheral/SEEKFREE_18TFT.o (__assert_func)
e:/software/mounr/mounriver_studio/toolchain/risc-v embedded gcc/bin/../lib/gcc/riscv-none-embed/8.2.0/../../../../riscv-none-embed/lib/rv32imac/ilp32\libg_nano.a(lib_a-fprintf.o)
                              e:/software/mounr/mounriver_studio/toolchain/risc-v embedded gcc/bin/../lib/gcc/riscv-none-embed/8.2.0/../../../../riscv-none-embed/lib/rv32imac/ilp32\libg_nano.a(lib_a-assert.o) (fiprintf)
e:/software/mounr/mounriver_studio/toolchain/risc-v embedded gcc/bin/../lib/gcc/riscv-none-embed/8.2.0/../../../../riscv-none-embed/lib/rv32imac/ilp32\libg_nano.a(lib_a-impure.o)
[...]
Memory Configuration

Name             Origin             Length             Attributes
FLASH            0x0000000000000000 0x0000000000010000 xr
RAM              0x0000000020000000 0x0000000000005000 xrw
*default*        0x0000000000000000 0xffffffffffffffff

Linker script and memory map

LOAD ./USER/isr.o
LOAD ./USER/main.o
LOAD ./Libraries/wch_libraries/Startup/startup_ch32v10x.o
LOAD ./Libraries/wch_libraries/Peripheral/ch32v10x_adc.o
LOAD ./Libraries/wch_libraries/Peripheral/ch32v10x_bkp.o
LOAD ./Libraries/wch_libraries/Peripheral/ch32v10x_crc.o
LOAD ./Libraries/wch_libraries/Peripheral/ch32v10x_dbgmcu.o
LOAD ./Libraries/wch_libraries/Peripheral/ch32v10x_dma.o
LOAD ./Libraries/wch_libraries/Peripheral/ch32v10x_exti.o
LOAD ./Libraries/wch_libraries/Peripheral/ch32v10x_flash.o
LOAD ./Libraries/wch_libraries/Peripheral/ch32v10x_gpio.o
LOAD ./Libraries/wch_libraries/Peripheral/ch32v10x_i2c.o
LOAD ./Libraries/wch_libraries/Peripheral/ch32v10x_iwdg.o
LOAD ./Libraries/wch_libraries/Peripheral/ch32v10x_misc.o
LOAD ./Libraries/wch_libraries/Peripheral/ch32v10x_pwr.o
LOAD ./Libraries/wch_libraries/Peripheral/ch32v10x_rcc.o
LOAD ./Libraries/wch_libraries/Peripheral/ch32v10x_rtc.o
LOAD ./Libraries/wch_libraries/Peripheral/ch32v10x_spi.o
LOAD ./Libraries/wch_libraries/Peripheral/ch32v10x_tim.o
LOAD ./Libraries/wch_libraries/Peripheral/ch32v10x_usart.o
LOAD ./Libraries/wch_libraries/Peripheral/ch32v10x_usb.o
LOAD ./Libraries/wch_libraries/Peripheral/ch32v10x_usb_host.o
LOAD ./Libraries/wch_libraries/Peripheral/ch32v10x_wwdg.o
LOAD ./Libraries/wch_libraries/Core/core_riscv.o
LOAD ./Libraries/seekfree_peripheral/SEEKFREE_18TFT.o
LOAD ./Libraries/seekfree_peripheral/SEEKFREE_ABSOLUTE_ENCODER.o
LOAD ./Libraries/seekfree_peripheral/SEEKFREE_FONT.o
LOAD ./Libraries/seekfree_peripheral/SEEKFREE_ICM20602.o
LOAD ./Libraries/seekfree_peripheral/SEEKFREE_IIC.o
LOAD ./Libraries/seekfree_peripheral/SEEKFREE_IPS114_SPI.o
LOAD ./Libraries/seekfree_peripheral/SEEKFREE_MPU6050.o
LOAD ./Libraries/seekfree_peripheral/SEEKFREE_OLED.o
LOAD ./Libraries/seekfree_peripheral/SEEKFREE_PRINTF.o
LOAD ./Libraries/seekfree_peripheral/SEEKFREE_TSL1401.o
LOAD ./Libraries/seekfree_peripheral/SEEKFREE_UART_7725.o
LOAD ./Libraries/seekfree_peripheral/SEEKFREE_VIRSCO.o
LOAD ./Libraries/seekfree_peripheral/SEEKFREE_WIRELESS.o
LOAD ./Libraries/seekfree_libraries/common.o
LOAD ./Libraries/seekfree_libraries/misc.o
LOAD ./Libraries/seekfree_libraries/zf_adc.o
LOAD ./Libraries/seekfree_libraries/zf_camera.o
LOAD ./Libraries/seekfree_libraries/zf_flash.o
LOAD ./Libraries/seekfree_libraries/zf_gpio.o
LOAD ./Libraries/seekfree_libraries/zf_nvic.o
LOAD ./Libraries/seekfree_libraries/zf_pit.o
LOAD ./Libraries/seekfree_libraries/zf_pwm.o
LOAD ./Libraries/seekfree_libraries/zf_qtimer.o
LOAD ./Libraries/seekfree_libraries/zf_spi.o
LOAD ./Libraries/seekfree_libraries/zf_systick.o
LOAD ./Libraries/seekfree_libraries/zf_uart.o
LOAD ./Libraries/rtthread_libraries/src/clock.o
LOAD ./Libraries/rtthread_libraries/src/components.o
LOAD ./Libraries/rtthread_libraries/src/cpu.o
LOAD ./Libraries/rtthread_libraries/src/idle.o
LOAD ./Libraries/rtthread_libraries/src/ipc.o
LOAD ./Libraries/rtthread_libraries/src/irq.o
LOAD ./Libraries/rtthread_libraries/src/kservice.o
LOAD ./Libraries/rtthread_libraries/src/mem.o
LOAD ./Libraries/rtthread_libraries/src/memheap.o
LOAD ./Libraries/rtthread_libraries/src/mempool.o
LOAD ./Libraries/rtthread_libraries/src/object.o
LOAD ./Libraries/rtthread_libraries/src/scheduler.o
LOAD ./Libraries/rtthread_libraries/src/slab.o
LOAD ./Libraries/rtthread_libraries/src/thread.o
LOAD ./Libraries/rtthread_libraries/src/timer.o
LOAD ./Libraries/rtthread_libraries/libcpu/context_gcc.o
LOAD ./Libraries/rtthread_libraries/libcpu/cpuport.o
LOAD ./Libraries/rtthread_libraries/libcpu/interrupt_gcc.o
LOAD ./Libraries/rtthread_libraries/components/finsh/cmd.o
LOAD ./Libraries/rtthread_libraries/components/finsh/msh.o
LOAD ./Libraries/rtthread_libraries/components/finsh/shell.o
LOAD ./Libraries/board/board.o
LOAD ./Libraries/board/clock_config.o
LOAD ./CODE/button.o
LOAD ./CODE/buzzer.o
LOAD ./CODE/communication.o
LOAD ./CODE/display.o
LOAD ./CODE/encoder.o
LOAD ./CODE/esp8266.o
LOAD ./CODE/filter.o
LOAD ./CODE/motor.o
LOAD ./CODE/pid.o
LOAD ./CODE/timer_pit.o
LOAD ./CODE/value.o
LOAD e:/software/mounr/mounriver_studio/toolchain/risc-v embedded gcc/bin/../lib/gcc/riscv-none-embed/8.2.0/../../../../riscv-none-embed/lib/rv32imac/ilp32\libm.a
LOAD e:/software/mounr/mounriver_studio/toolchain/risc-v embedded gcc/bin/../lib/gcc/riscv-none-embed/8.2.0/rv32imac/ilp32\libgcc.a
LOAD e:/software/mounr/mounriver_studio/toolchain/risc-v embedded gcc/bin/../lib/gcc/riscv-none-embed/8.2.0/../../../../riscv-none-embed/lib/rv32imac/ilp32\libg_nano.a
LOAD e:/software/mounr/mounriver_studio/toolchain/risc-v embedded gcc/bin/../lib/gcc/riscv-none-embed/8.2.0/../../../../riscv-none-embed/lib/rv32imac/ilp32\libc_nano.a
LOAD e:/software/mounr/mounriver_studio/toolchain/risc-v embedded gcc/bin/../lib/gcc/riscv-none-embed/8.2.0/rv32imac/ilp32\libgcc.a
START GROUP
LOAD e:/software/mounr/mounriver_studio/toolchain/risc-v embedded gcc/bin/../lib/gcc/riscv-none-embed/8.2.0/rv32imac/ilp32\libgcc.a
LOAD e:/software/mounr/mounriver_studio/toolchain/risc-v embedded gcc/bin/../lib/gcc/riscv-none-embed/8.2.0/../../../../riscv-none-embed/lib/rv32imac/ilp32\libc_nano.a
LOAD e:/software/mounr/mounriver_studio/toolchain/risc-v embedded gcc/bin/../lib/gcc/riscv-none-embed/8.2.0/../../../../riscv-none-embed/lib/rv32imac/ilp32\libnosys.a
END GROUP
START GROUP
LOAD e:/software/mounr/mounriver_studio/toolchain/risc-v embedded gcc/bin/../lib/gcc/riscv-none-embed/8.2.0/rv32imac/ilp32\libgcc.a
LOAD e:/software/mounr/mounriver_studio/toolchain/risc-v embedded gcc/bin/../lib/gcc/riscv-none-embed/8.2.0/../../../../riscv-none-embed/lib/rv32imac/ilp32\libc_nano.a
LOAD e:/software/mounr/mounriver_studio/toolchain/risc-v embedded gcc/bin/../lib/gcc/riscv-none-embed/8.2.0/../../../../riscv-none-embed/lib/rv32imac/ilp32\libnosys.a
END GROUP
                0x0000000000000100                __stack_size = 0x100
                [!provide]                        PROVIDE (_stack_size = __stack_size)

.init           0x0000000000000000       0x38
                0x0000000000000000                _sinit = .
                0x0000000000000000                . = ALIGN (0x4)
 *(SORT_NONE(.init))
 .init          0x0000000000000000       0x38 ./Libraries/wch_libraries/Startup/startup_ch32v10x.o
                0x0000000000000000                _start
                0x0000000000000038                . = ALIGN (0x4)
                0x0000000000000038                _einit = .

.vector         0x0000000000000038      0x108
 *(.vector)
 .vector        0x0000000000000038       0xf0 ./Libraries/wch_libraries/Startup/startup_ch32v10x.o
                0x0000000000000140                . = ALIGN (0x40)
 *fill*         0x0000000000000128       0x18 

.text           0x0000000000000140     0xbc14
                0x0000000000000140                . = ALIGN (0x4)
 *(.text)
 .text          0x0000000000000140       0xce ./Libraries/rtthread_libraries/libcpu/context_gcc.o
                0x0000000000000140                rt_hw_interrupt_disable
                0x0000000000000146                rt_hw_interrupt_enable
                0x000000000000014c                rt_hw_context_switch_to
                0x0000000000000160                SW_handler
                0x00000000000001c0                rt_hw_context_switch_exit
 .text          0x000000000000020e       0xa8 e:/software/mounr/mounriver_studio/toolchain/risc-v embedded gcc/bin/../lib/gcc/riscv-none-embed/8.2.0/../../../../riscv-none-embed/lib/rv32imac/ilp32\libg_nano.a(lib_a-memset.o)
                0x000000000000020e                memset
 .text          0x00000000000002b6      0x11e e:/software/mounr/mounriver_studio/toolchain/risc-v embedded gcc/bin/../lib/gcc/riscv-none-embed/8.2.0/../../../../riscv-none-embed/lib/rv32imac/ilp32\libg_nano.a(lib_a-strcmp.o)
                0x00000000000002b6                strcmp
 *(.text.*)
 .text.EXTI0_IRQHandler
                0x00000000000003d4       0x64 ./USER/isr.o
                0x00000000000003d4                EXTI0_IRQHandler
 .text.EXTI1_IRQHandler
                0x0000000000000438       0x64 ./USER/isr.o
                0x0000000000000438                EXTI1_IRQHandler
 .text.EXTI2_IRQHandler
                0x000000000000049c      0x1ea ./USER/isr.o
                0x000000000000049c                EXTI2_IRQHandler
 .text.EXTI3_IRQHandler
                0x0000000000000686       0x64 ./USER/isr.o
                0x0000000000000686                EXTI3_IRQHandler
 .text.EXTI4_IRQHandler
                0x00000000000006ea       0x64 ./USER/isr.o
                0x00000000000006ea                EXTI4_IRQHandler
 .text.EXTI9_5_IRQHandler
                0x000000000000074e       0xc6 ./USER/isr.o
                0x000000000000074e                EXTI9_5_IRQHandler
 .text.EXTI15_10_IRQHandler
                0x0000000000000814       0xd2 ./USER/isr.o
                0x0000000000000814                EXTI15_10_IRQHandler
 .text.ADC1_2_IRQHandler
                0x00000000000008e6       0x50 ./USER/isr.o
                0x00000000000008e6                ADC1_2_IRQHandler
 .text.TIM1_BRK_IRQHandler
                0x0000000000000936       0x74 ./USER/isr.o
                0x0000000000000936                TIM1_BRK_IRQHandler
 .text.TIM1_UP_IRQHandler
                0x00000000000009aa       0x70 ./USER/isr.o
                0x00000000000009aa                TIM1_UP_IRQHandler
 .text.TIM1_TRG_COM_IRQHandler
                0x0000000000000a1a       0x98 ./USER/isr.o
                0x0000000000000a1a                TIM1_TRG_COM_IRQHandler
 .text.TIM1_CC_IRQHandler
                0x0000000000000ab2       0xd0 ./USER/isr.o
                0x0000000000000ab2                TIM1_CC_IRQHandler
 .text.TIM2_IRQHandler
                0x0000000000000b82       0x2a ./USER/isr.o
                0x0000000000000b82                TIM2_IRQHandler
 .text.TIM3_IRQHandler
                0x0000000000000bac       0x70 ./USER/isr.o
                0x0000000000000bac                TIM3_IRQHandler
 .text.TIM4_IRQHandler
                0x0000000000000c1c       0x70 ./USER/isr.o
                0x0000000000000c1c                TIM4_IRQHandler
 .text.USART2_IRQHandler
                0x0000000000000c8c       0xac ./USER/isr.o
                0x0000000000000c8c                USART2_IRQHandler
 .text.USART3_IRQHandler
                0x0000000000000d38       0x88 ./USER/isr.o
                0x0000000000000d38                USART3_IRQHandler
 .text.DMA1_Channel4_IRQHandler
                0x0000000000000dc0       0x60 ./USER/isr.o
                0x0000000000000dc0                DMA1_Channel4_IRQHandler
 .text.NMI_Handler
                0x0000000000000e20       0x50 ./USER/isr.o
                0x0000000000000e20                NMI_Handler
 .text.HardFault_Handler
                0x0000000000000e70       0x28 ./USER/isr.o
                0x0000000000000e70                HardFault_Handler
 .text.WWDG_IRQHandler
                0x0000000000000e98       0x50 ./USER/isr.o
                0x0000000000000e98                WWDG_IRQHandler
 .text.TAMPER_IRQHandler
                0x0000000000000ee8       0x12 ./USER/isr.o
                0x0000000000000ee8                TAMPER_IRQHandler
 .text.RTC_IRQHandler
                0x0000000000000efa       0x12 ./USER/isr.o
                0x0000000000000efa                RTC_IRQHandler
 .text.FLASH_IRQHandler
                0x0000000000000f0c       0x12 ./USER/isr.o
                0x0000000000000f0c                FLASH_IRQHandler
 .text.RCC_IRQHandler
                0x0000000000000f1e       0x12 ./USER/isr.o
                0x0000000000000f1e                RCC_IRQHandler
 .text.DMA1_Channel1_IRQHandler
                0x0000000000000f30       0x50 ./USER/isr.o
                0x0000000000000f30                DMA1_Channel1_IRQHandler
 .text.DMA1_Channel2_IRQHandler
                0x0000000000000f80       0x50 ./USER/isr.o
                0x0000000000000f80                DMA1_Channel2_IRQHandler
 .text.DMA1_Channel3_IRQHandler
                0x0000000000000fd0       0x50 ./USER/isr.o
                0x0000000000000fd0                DMA1_Channel3_IRQHandler
 .text.DMA1_Channel5_IRQHandler
                0x0000000000001020       0x50 ./USER/isr.o
                0x0000000000001020                DMA1_Channel5_IRQHandler
 .text.DMA1_Channel6_IRQHandler
                0x0000000000001070       0x50 ./USER/isr.o
                0x0000000000001070                DMA1_Channel6_IRQHandler
 .text.DMA1_Channel7_IRQHandler
                0x00000000000010c0       0x50 ./USER/isr.o
                0x00000000000010c0                DMA1_Channel7_IRQHandler
 .text.main     0x0000000000001110      0x110 ./USER/main.o
                0x0000000000001110                main
 .text.handle_reset
                0x0000000000001220       0x86 ./Libraries/wch_libraries/Startup/startup_ch32v10x.o
                0x0000000000001220                handle_reset
 .text.DMA_GetFlagStatus
                0x00000000000012a6       0x20 ./Libraries/wch_libraries/Peripheral/ch32v10x_dma.o
                0x00000000000012a6                DMA_GetFlagStatus
 .text.DMA_ClearFlag
                0x00000000000012c6       0x1a ./Libraries/wch_libraries/Peripheral/ch32v10x_dma.o
                0x00000000000012c6                DMA_ClearFlag
 .text.EXTI_Init
                0x00000000000012e0       0xa2 ./Libraries/wch_libraries/Peripheral/ch32v10x_exti.o
                0x00000000000012e0                EXTI_Init
 .text.EXTI_GetITStatus
                0x0000000000001382       0x1c ./Libraries/wch_libraries/Peripheral/ch32v10x_exti.o
                0x0000000000001382                EXTI_GetITStatus
 .text.EXTI_ClearITPendingBit
                0x000000000000139e        0xa ./Libraries/wch_libraries/Peripheral/ch32v10x_exti.o
                0x000000000000139e                EXTI_ClearITPendingBit
 .text.GPIO_Init
                0x00000000000013a8       0xca ./Libraries/wch_libraries/Peripheral/ch32v10x_gpio.o
                0x00000000000013a8                GPIO_Init
 .text.GPIO_WriteBit
                0x0000000000001472        0xa ./Libraries/wch_libraries/Peripheral/ch32v10x_gpio.o
                0x0000000000001472                GPIO_WriteBit
 .text.GPIO_PinRemapConfig
                0x000000000000147c       0x9a ./Libraries/wch_libraries/Peripheral/ch32v10x_gpio.o
                0x000000000000147c                GPIO_PinRemapConfig
 .text.GPIO_EXTILineConfig
                0x0000000000001516       0x2c ./Libraries/wch_libraries/Peripheral/ch32v10x_gpio.o
                0x0000000000001516                GPIO_EXTILineConfig
 .text.NVIC_Init
                0x0000000000001542       0xae ./Libraries/wch_libraries/Peripheral/ch32v10x_misc.o
                0x0000000000001542                NVIC_Init
 .text.RCC_GetClocksFreq
                0x00000000000015f0       0xf2 ./Libraries/wch_libraries/Peripheral/ch32v10x_rcc.o
                0x00000000000015f0                RCC_GetClocksFreq
 .text.RCC_APB2PeriphClockCmd
                0x00000000000016e2       0x1e ./Libraries/wch_libraries/Peripheral/ch32v10x_rcc.o
                0x00000000000016e2                RCC_APB2PeriphClockCmd
 .text.RCC_APB1PeriphClockCmd
                0x0000000000001700       0x1e ./Libraries/wch_libraries/Peripheral/ch32v10x_rcc.o
                0x0000000000001700                RCC_APB1PeriphClockCmd
 .text.SPI_Init
                0x000000000000171e       0x5a ./Libraries/wch_libraries/Peripheral/ch32v10x_spi.o
                0x000000000000171e                SPI_Init
 .text.SPI_Cmd  0x0000000000001778       0x26 ./Libraries/wch_libraries/Peripheral/ch32v10x_spi.o
                0x0000000000001778                SPI_Cmd
 .text.TIM_TimeBaseInit
                0x000000000000179e       0xb6 ./Libraries/wch_libraries/Peripheral/ch32v10x_tim.o
                0x000000000000179e                TIM_TimeBaseInit
 .text.TIM_OC1Init
                0x0000000000001854       0x8a ./Libraries/wch_libraries/Peripheral/ch32v10x_tim.o
                0x0000000000001854                TIM_OC1Init
 .text.TIM_OC2Init
                0x00000000000018de       0xb2 ./Libraries/wch_libraries/Peripheral/ch32v10x_tim.o
                0x00000000000018de                TIM_OC2Init
 .text.TIM_OC3Init
                0x0000000000001990       0xb0 ./Libraries/wch_libraries/Peripheral/ch32v10x_tim.o
                0x0000000000001990                TIM_OC3Init
 .text.TIM_OC4Init
                0x0000000000001a40       0x84 ./Libraries/wch_libraries/Peripheral/ch32v10x_tim.o
                0x0000000000001a40                TIM_OC4Init
 .text.TIM_TimeBaseStructInit
                0x0000000000001ac4       0x18 ./Libraries/wch_libraries/Peripheral/ch32v10x_tim.o
                0x0000000000001ac4                TIM_TimeBaseStructInit
 .text.TIM_Cmd  0x0000000000001adc       0x24 ./Libraries/wch_libraries/Peripheral/ch32v10x_tim.o
                0x0000000000001adc                TIM_Cmd
 .text.TIM_CtrlPWMOutputs
                0x0000000000001b00       0x1e ./Libraries/wch_libraries/Peripheral/ch32v10x_tim.o
                0x0000000000001b00                TIM_CtrlPWMOutputs
 .text.TIM_EncoderInterfaceConfig
                0x0000000000001b1e       0x46 ./Libraries/wch_libraries/Peripheral/ch32v10x_tim.o
                0x0000000000001b1e                TIM_EncoderInterfaceConfig
 .text.TIM_OC1PreloadConfig
                0x0000000000001b64       0x12 ./Libraries/wch_libraries/Peripheral/ch32v10x_tim.o
                0x0000000000001b64                TIM_OC1PreloadConfig
 .text.TIM_OC2PreloadConfig
                0x0000000000001b76       0x1a ./Libraries/wch_libraries/Peripheral/ch32v10x_tim.o
                0x0000000000001b76                TIM_OC2PreloadConfig
 .text.TIM_OC3PreloadConfig
                0x0000000000001b90       0x12 ./Libraries/wch_libraries/Peripheral/ch32v10x_tim.o
                0x0000000000001b90                TIM_OC3PreloadConfig
 .text.TIM_OC4PreloadConfig
                0x0000000000001ba2       0x1a ./Libraries/wch_libraries/Peripheral/ch32v10x_tim.o
                0x0000000000001ba2                TIM_OC4PreloadConfig
 .text.TIM_OC1FastConfig
                0x0000000000001bbc       0x12 ./Libraries/wch_libraries/Peripheral/ch32v10x_tim.o
                0x0000000000001bbc                TIM_OC1FastConfig
 .text.TIM_OC2FastConfig
                0x0000000000001bce       0x1a ./Libraries/wch_libraries/Peripheral/ch32v10x_tim.o
                0x0000000000001bce                TIM_OC2FastConfig
 .text.TIM_OC3FastConfig
                0x0000000000001be8       0x12 ./Libraries/wch_libraries/Peripheral/ch32v10x_tim.o
                0x0000000000001be8                TIM_OC3FastConfig
 .text.TIM_OC4FastConfig
                0x0000000000001bfa       0x1a ./Libraries/wch_libraries/Peripheral/ch32v10x_tim.o
                0x0000000000001bfa                TIM_OC4FastConfig
 .text.TIM_GetITStatus
                0x0000000000001c14       0x1c ./Libraries/wch_libraries/Peripheral/ch32v10x_tim.o
                0x0000000000001c14                TIM_GetITStatus
 .text.TIM_ClearITPendingBit
                0x0000000000001c30        0xe ./Libraries/wch_libraries/Peripheral/ch32v10x_tim.o
                0x0000000000001c30                TIM_ClearITPendingBit
 .text.USART_Init
                0x0000000000001c3e       0xf8 ./Libraries/wch_libraries/Peripheral/ch32v10x_usart.o
                0x0000000000001c3e                USART_Init
 .text.USART_Cmd
                0x0000000000001d36       0x20 ./Libraries/wch_libraries/Peripheral/ch32v10x_usart.o
                0x0000000000001d36                USART_Cmd
 .text.USART_ITConfig
                0x0000000000001d56       0x3c ./Libraries/wch_libraries/Peripheral/ch32v10x_usart.o
                0x0000000000001d56                USART_ITConfig
 .text.USART_SendData
                0x0000000000001d92        0xa ./Libraries/wch_libraries/Peripheral/ch32v10x_usart.o
                0x0000000000001d92                USART_SendData
 .text.USART_ReceiveData
                0x0000000000001d9c        0xa ./Libraries/wch_libraries/Peripheral/ch32v10x_usart.o
                0x0000000000001d9c                USART_ReceiveData
 .text.USART_GetFlagStatus
                0x0000000000001da6        0xc ./Libraries/wch_libraries/Peripheral/ch32v10x_usart.o
                0x0000000000001da6                USART_GetFlagStatus
 .text.USART_GetITStatus
                0x0000000000001db2       0x4c ./Libraries/wch_libraries/Peripheral/ch32v10x_usart.o
                0x0000000000001db2                USART_GetITStatus
 .text.USART_ClearITPendingBit
                0x0000000000001dfe       0x16 ./Libraries/wch_libraries/Peripheral/ch32v10x_usart.o
                0x0000000000001dfe                USART_ClearITPendingBit
 .text.icm_spi_w_reg_byte
                0x0000000000001e14       0x36 ./Libraries/seekfree_peripheral/SEEKFREE_ICM20602.o
                0x0000000000001e14                icm_spi_w_reg_byte
 .text.icm_spi_r_reg_byte
                0x0000000000001e4a       0x4c ./Libraries/seekfree_peripheral/SEEKFREE_ICM20602.o
                0x0000000000001e4a                icm_spi_r_reg_byte
 .text.icm_spi_r_reg_bytes
                0x0000000000001e96       0x2e ./Libraries/seekfree_peripheral/SEEKFREE_ICM20602.o
                0x0000000000001e96                icm_spi_r_reg_bytes
 .text.icm20602_self3_check
                0x0000000000001ec4       0x2e ./Libraries/seekfree_peripheral/SEEKFREE_ICM20602.o
                0x0000000000001ec4                icm20602_self3_check
 .text.icm20602_init_spi
                0x0000000000001ef2       0x92 ./Libraries/seekfree_peripheral/SEEKFREE_ICM20602.o
                0x0000000000001ef2                icm20602_init_spi
 .text.get_icm20602_accdata_spi
                0x0000000000001f84       0x48 ./Libraries/seekfree_peripheral/SEEKFREE_ICM20602.o
                0x0000000000001f84                get_icm20602_accdata_spi
 .text.get_icm20602_gyro_spi
                0x0000000000001fcc       0x48 ./Libraries/seekfree_peripheral/SEEKFREE_ICM20602.o
                0x0000000000001fcc                get_icm20602_gyro_spi
 .text.ips114_writeIndex
                0x0000000000002014       0x34 ./Libraries/seekfree_peripheral/SEEKFREE_IPS114_SPI.o
                0x0000000000002014                ips114_writeIndex
 .text.ips114_writeData
                0x0000000000002048       0x34 ./Libraries/seekfree_peripheral/SEEKFREE_IPS114_SPI.o
                0x0000000000002048                ips114_writeData
 .text.ips114_writedata_16bit
                0x000000000000207c       0x3a ./Libraries/seekfree_peripheral/SEEKFREE_IPS114_SPI.o
                0x000000000000207c                ips114_writedata_16bit
 .text.ips114_set_region
                0x00000000000020b6       0x5c ./Libraries/seekfree_peripheral/SEEKFREE_IPS114_SPI.o
                0x00000000000020b6                ips114_set_region
 .text.ips114_clear
                0x0000000000002112       0x50 ./Libraries/seekfree_peripheral/SEEKFREE_IPS114_SPI.o
                0x0000000000002112                ips114_clear
 .text.ips114_init
                0x0000000000002162      0x1c8 ./Libraries/seekfree_peripheral/SEEKFREE_IPS114_SPI.o
                0x0000000000002162                ips114_init
 .text.ips114_showchar
                0x000000000000232a       0xaa ./Libraries/seekfree_peripheral/SEEKFREE_IPS114_SPI.o
                0x000000000000232a                ips114_showchar
 .text.ips114_showstr
                0x00000000000023d4       0x4c ./Libraries/seekfree_peripheral/SEEKFREE_IPS114_SPI.o
                0x00000000000023d4                ips114_showstr
 .text.gpio_init
                0x0000000000002420      0x112 ./Libraries/seekfree_libraries/zf_gpio.o
                0x0000000000002420                gpio_init
 .text.gpio_set
                0x0000000000002532       0x3a ./Libraries/seekfree_libraries/zf_gpio.o
                0x0000000000002532                gpio_set
 .text.gpio_get
                0x000000000000256c       0x22 ./Libraries/seekfree_libraries/zf_gpio.o
                0x000000000000256c                gpio_get
 .text.gpio_interrupt_init
                0x000000000000258e       0x52 ./Libraries/seekfree_libraries/zf_gpio.o
                0x000000000000258e                gpio_interrupt_init
 .text.close_all_irq
                0x00000000000025e0       0x10 ./Libraries/seekfree_libraries/zf_nvic.o
                0x00000000000025e0                close_all_irq
 .text.nvic_init
                0x00000000000025f0       0x50 ./Libraries/seekfree_libraries/zf_nvic.o
                0x00000000000025f0                nvic_init
 .text.pwm_gpio_init
                0x0000000000002640      0x29a ./Libraries/seekfree_libraries/zf_pwm.o
                0x0000000000002640                pwm_gpio_init
 .text.pwm_init
                0x00000000000028da      0x206 ./Libraries/seekfree_libraries/zf_pwm.o
                0x00000000000028da                pwm_init
 .text.pwm_duty
                0x0000000000002ae0       0x90 ./Libraries/seekfree_libraries/zf_pwm.o
                0x0000000000002ae0                pwm_duty
 .text.timer_gpio_quad_init
                0x0000000000002b70      0x130 ./Libraries/seekfree_libraries/zf_qtimer.o
                0x0000000000002b70                timer_gpio_quad_init
 .text.timer_quad_init
                0x0000000000002ca0      0x106 ./Libraries/seekfree_libraries/zf_qtimer.o
                0x0000000000002ca0                timer_quad_init
 .text.timer_quad_get
                0x0000000000002da6       0x16 ./Libraries/seekfree_libraries/zf_qtimer.o
                0x0000000000002da6                timer_quad_get
 .text.timer_quad_clear
                0x0000000000002dbc       0x12 ./Libraries/seekfree_libraries/zf_qtimer.o
                0x0000000000002dbc                timer_quad_clear
 .text.spi_gpio_init
                0x0000000000002dce      0x15c ./Libraries/seekfree_libraries/zf_spi.o
                0x0000000000002dce                spi_gpio_init
 .text.spi_init
                0x0000000000002f2a       0xfc ./Libraries/seekfree_libraries/zf_spi.o
                0x0000000000002f2a                spi_init
 .text.spi_mosi
                0x0000000000003026       0x3a ./Libraries/seekfree_libraries/zf_spi.o
                0x0000000000003026                spi_mosi
 .text.systick_delay2
                0x0000000000003060        0xe ./Libraries/seekfree_libraries/zf_systick.o
                0x0000000000003060                systick_delay2
 .text.uart_gpio_init
                0x000000000000306e       0xc6 ./Libraries/seekfree_libraries/zf_uart.o
                0x000000000000306e                uart_gpio_init
 .text.uart_init
                0x0000000000003134       0xca ./Libraries/seekfree_libraries/zf_uart.o
                0x0000000000003134                uart_init
 .text.uart_putchar
                0x00000000000031fe       0x20 ./Libraries/seekfree_libraries/zf_uart.o
                0x00000000000031fe                uart_putchar
 .text.uart_putstr
                0x000000000000321e       0x2a ./Libraries/seekfree_libraries/zf_uart.o
                0x000000000000321e                uart_putstr
 .text.uart_rx_irq
                0x0000000000003248       0x3c ./Libraries/seekfree_libraries/zf_uart.o
                0x0000000000003248                uart_rx_irq
 .text.uart_getchar
                0x0000000000003284       0x20 ./Libraries/seekfree_libraries/zf_uart.o
                0x0000000000003284                uart_getchar
 .text.rt_tick_get
                0x00000000000032a4        0x6 ./Libraries/rtthread_libraries/src/clock.o
                0x00000000000032a4                rt_tick_get
 .text.rt_tick_increase
                0x00000000000032aa       0x2e ./Libraries/rtthread_libraries/src/clock.o
                0x00000000000032aa                rt_tick_increase
 .text.rt_tick_from_millisecond
                0x00000000000032d8       0x28 ./Libraries/rtthread_libraries/src/clock.o
                0x00000000000032d8                rt_tick_from_millisecond
 .text.rti_start
                0x0000000000003300        0x4 ./Libraries/rtthread_libraries/src/components.o
 .text.rti_board_start
                0x0000000000003304        0x4 ./Libraries/rtthread_libraries/src/components.o
 .text.rti_board_end
                0x0000000000003308        0x4 ./Libraries/rtthread_libraries/src/components.o
 .text.rti_end  0x000000000000330c        0x4 ./Libraries/rtthread_libraries/src/components.o
 .text.rt_components_board_init
                0x0000000000003310       0x46 ./Libraries/rtthread_libraries/src/components.o
                0x0000000000003310                rt_components_board_init
 .text.rt_components_init
                0x0000000000003356       0x46 ./Libraries/rtthread_libraries/src/components.o
                0x0000000000003356                rt_components_init
 .text.main_thread_entry
                0x000000000000339c       0x12 ./Libraries/rtthread_libraries/src/components.o
                0x000000000000339c                main_thread_entry
 .text.rt_application_init
                0x00000000000033ae       0x2c ./Libraries/rtthread_libraries/src/components.o
                0x00000000000033ae                rt_application_init
 .text.rtthread_startup
                0x00000000000033da       0x2e ./Libraries/rtthread_libraries/src/components.o
                0x00000000000033da                rtthread_startup
 .text.entry    0x0000000000003408       0x10 ./Libraries/rtthread_libraries/src/components.o
                0x0000000000003408                entry
 .text.rt_thread_idle_excute
                0x0000000000003418       0xa8 ./Libraries/rtthread_libraries/src/idle.o
                0x0000000000003418                rt_thread_idle_excute
 .text.rt_thread_idle_entry
                0x00000000000034c0        0xa ./Libraries/rtthread_libraries/src/idle.o
 .text.rt_thread_idle_init
                0x00000000000034ca       0x3e ./Libraries/rtthread_libraries/src/idle.o
                0x00000000000034ca                rt_thread_idle_init
 .text.rt_sem_init
                0x0000000000003508       0x36 ./Libraries/rtthread_libraries/src/ipc.o
                0x0000000000003508                rt_sem_init
 .text.rt_sem_create
                0x000000000000353e       0x30 ./Libraries/rtthread_libraries/src/ipc.o
                0x000000000000353e                rt_sem_create
 .text.rt_sem_take
                0x000000000000356e       0xea ./Libraries/rtthread_libraries/src/ipc.o
                0x000000000000356e                rt_sem_take
 .text.rt_sem_release
                0x0000000000003658       0x48 ./Libraries/rtthread_libraries/src/ipc.o
                0x0000000000003658                rt_sem_release
 .text.rt_mb_create
                0x00000000000036a0       0x66 ./Libraries/rtthread_libraries/src/ipc.o
                0x00000000000036a0                rt_mb_create
 .text.rt_mb_send_wait
                0x0000000000003706      0x1a4 ./Libraries/rtthread_libraries/src/ipc.o
                0x0000000000003706                rt_mb_send_wait
 .text.rt_mb_send
                0x00000000000038aa       0x10 ./Libraries/rtthread_libraries/src/ipc.o
                0x00000000000038aa                rt_mb_send
 .text.rt_mb_recv
                0x00000000000038ba      0x1a2 ./Libraries/rtthread_libraries/src/ipc.o
                0x00000000000038ba                rt_mb_recv
 .text.rt_interrupt_enter
                0x0000000000003a5c       0x24 ./Libraries/rtthread_libraries/src/irq.o
                0x0000000000003a5c                rt_interrupt_enter
 .text.rt_interrupt_leave
                0x0000000000003a80       0x24 ./Libraries/rtthread_libraries/src/irq.o
                0x0000000000003a80                rt_interrupt_leave
 .text.print_number
                0x0000000000003aa4      0x1b6 ./Libraries/rtthread_libraries/src/kservice.o
 .text.rt_memset
                0x0000000000003c5a       0x8e ./Libraries/rtthread_libraries/src/kservice.o
                0x0000000000003c5a                rt_memset
 .text.rt_memmove
                0x0000000000003ce8       0x40 ./Libraries/rtthread_libraries/src/kservice.o
                0x0000000000003ce8                rt_memmove
 .text.rt_strncpy
                0x0000000000003d28       0x30 ./Libraries/rtthread_libraries/src/kservice.o
                0x0000000000003d28                rt_strncpy
 .text.rt_strlen
                0x0000000000003d58       0x1a ./Libraries/rtthread_libraries/src/kservice.o
                0x0000000000003d58                rt_strlen
 .text.rt_vsnprintf
                0x0000000000003d72      0x3ce ./Libraries/rtthread_libraries/src/kservice.o
                0x0000000000003d72                rt_vsnprintf
 .text.rt_kprintf
                0x0000000000004140       0x36 ./Libraries/rtthread_libraries/src/kservice.o
                0x0000000000004140                rt_kprintf
 .text.rt_show_version
                0x0000000000004176       0x48 ./Libraries/rtthread_libraries/src/kservice.o
                0x0000000000004176                rt_show_version
 .text.__rt_ffs
                0x00000000000041be       0x68 ./Libraries/rtthread_libraries/src/kservice.o
                0x00000000000041be                __rt_ffs
 .text.plug_holes
                0x0000000000004226       0x60 ./Libraries/rtthread_libraries/src/mem.o
 .text.list_mem
                0x0000000000004286       0x3a ./Libraries/rtthread_libraries/src/mem.o
                0x0000000000004286                list_mem
 .text.rt_system_heap_init
                0x00000000000042c0       0x8c ./Libraries/rtthread_libraries/src/mem.o
                0x00000000000042c0                rt_system_heap_init
 .text.rt_malloc
                0x000000000000434c      0x130 ./Libraries/rtthread_libraries/src/mem.o
                0x000000000000434c                rt_malloc
 .text.rt_calloc
                0x000000000000447c       0x2a ./Libraries/rtthread_libraries/src/mem.o
                0x000000000000447c                rt_calloc
 .text.rt_free  0x00000000000044a6       0xac ./Libraries/rtthread_libraries/src/mem.o
                0x00000000000044a6                rt_free
 .text.rt_object_get_information
                0x0000000000004552       0x54 ./Libraries/rtthread_libraries/src/object.o
                0x0000000000004552                rt_object_get_information
 .text.rt_object_init
                0x00000000000045a6       0x72 ./Libraries/rtthread_libraries/src/object.o
                0x00000000000045a6                rt_object_init
 .text.rt_object_detach
                0x0000000000004618       0x2e ./Libraries/rtthread_libraries/src/object.o
                0x0000000000004618                rt_object_detach
 .text.rt_object_allocate
                0x0000000000004646       0x64 ./Libraries/rtthread_libraries/src/object.o
                0x0000000000004646                rt_object_allocate
 .text.rt_object_delete
                0x00000000000046aa       0x34 ./Libraries/rtthread_libraries/src/object.o
                0x00000000000046aa                rt_object_delete
 .text.rt_object_is_systemobject
                0x00000000000046de        0x8 ./Libraries/rtthread_libraries/src/object.o
                0x00000000000046de                rt_object_is_systemobject
 .text.rt_system_scheduler_init
                0x00000000000046e6       0x2e ./Libraries/rtthread_libraries/src/scheduler.o
                0x00000000000046e6                rt_system_scheduler_init
 .text.rt_system_scheduler_start
                0x0000000000004714       0x2e ./Libraries/rtthread_libraries/src/scheduler.o
                0x0000000000004714                rt_system_scheduler_start
 .text.rt_schedule
                0x0000000000004742       0x70 ./Libraries/rtthread_libraries/src/scheduler.o
                0x0000000000004742                rt_schedule
 .text.rt_schedule_insert_thread
                0x00000000000047b2       0x50 ./Libraries/rtthread_libraries/src/scheduler.o
                0x00000000000047b2                rt_schedule_insert_thread
 .text.rt_schedule_remove_thread
                0x0000000000004802       0x50 ./Libraries/rtthread_libraries/src/scheduler.o
                0x0000000000004802                rt_schedule_remove_thread
 .text.rt_enter_critical
                0x0000000000004852       0x20 ./Libraries/rtthread_libraries/src/scheduler.o
                0x0000000000004852                rt_enter_critical
 .text.rt_exit_critical
                0x0000000000004872       0x3c ./Libraries/rtthread_libraries/src/scheduler.o
                0x0000000000004872                rt_exit_critical
 .text.rt_thread_exit
                0x00000000000048ae       0x66 ./Libraries/rtthread_libraries/src/thread.o
                0x00000000000048ae                rt_thread_exit
 .text.rt_thread_timeout
                0x0000000000004914       0x28 ./Libraries/rtthread_libraries/src/thread.o
                0x0000000000004914                rt_thread_timeout
 .text.rt_thread_init
                0x000000000000493c       0xb0 ./Libraries/rtthread_libraries/src/thread.o
                0x000000000000493c                rt_thread_init
 .text.rt_thread_self
                0x00000000000049ec        0x6 ./Libraries/rtthread_libraries/src/thread.o
                0x00000000000049ec                rt_thread_self
 .text.rt_thread_create
                0x00000000000049f2       0xc0 ./Libraries/rtthread_libraries/src/thread.o
                0x00000000000049f2                rt_thread_create
 .text.rt_thread_yield
                0x0000000000004ab2       0x5c ./Libraries/rtthread_libraries/src/thread.o
                0x0000000000004ab2                rt_thread_yield
 .text.rt_thread_suspend
                0x0000000000004b0e       0x4c ./Libraries/rtthread_libraries/src/thread.o
                0x0000000000004b0e                rt_thread_suspend
 .text.rt_thread_sleep
                0x0000000000004b5a       0x52 ./Libraries/rtthread_libraries/src/thread.o
                0x0000000000004b5a                rt_thread_sleep
 .text.rt_thread_mdelay
                0x0000000000004bac       0x12 ./Libraries/rtthread_libraries/src/thread.o
                0x0000000000004bac                rt_thread_mdelay
 .text.rt_thread_resume
                0x0000000000004bbe       0x50 ./Libraries/rtthread_libraries/src/thread.o
                0x0000000000004bbe                rt_thread_resume
 .text.rt_thread_startup
                0x0000000000004c0e       0x30 ./Libraries/rtthread_libraries/src/thread.o
                0x0000000000004c0e                rt_thread_startup
 .text.rt_timer_init
                0x0000000000004c3e       0x4e ./Libraries/rtthread_libraries/src/timer.o
                0x0000000000004c3e                rt_timer_init
 .text.rt_timer_detach
                0x0000000000004c8c       0x32 ./Libraries/rtthread_libraries/src/timer.o
                0x0000000000004c8c                rt_timer_detach
 .text.rt_timer_create
                0x0000000000004cbe       0x48 ./Libraries/rtthread_libraries/src/timer.o
                0x0000000000004cbe                rt_timer_create
 .text.rt_timer_start
                0x0000000000004d06       0x9c ./Libraries/rtthread_libraries/src/timer.o
                0x0000000000004d06                rt_timer_start
 .text.rt_timer_stop
                0x0000000000004da2       0x42 ./Libraries/rtthread_libraries/src/timer.o
                0x0000000000004da2                rt_timer_stop
 .text.rt_timer_control
                0x0000000000004de4       0x40 ./Libraries/rtthread_libraries/src/timer.o
                0x0000000000004de4                rt_timer_control
 .text.rt_timer_check
                0x0000000000004e24       0x90 ./Libraries/rtthread_libraries/src/timer.o
                0x0000000000004e24                rt_timer_check
 .text.rt_system_timer_init
                0x0000000000004eb4        0xa ./Libraries/rtthread_libraries/src/timer.o
                0x0000000000004eb4                rt_system_timer_init
 .text.rt_system_timer_thread_init
                0x0000000000004ebe        0x2 ./Libraries/rtthread_libraries/src/timer.o
                0x0000000000004ebe                rt_system_timer_thread_init
 .text.rt_hw_stack_init
                0x0000000000004ec0       0x34 ./Libraries/rtthread_libraries/libcpu/cpuport.o
                0x0000000000004ec0                rt_hw_stack_init
 .text.rt_hw_taskswitch
                0x0000000000004ef4        0x6 ./Libraries/rtthread_libraries/libcpu/cpuport.o
                0x0000000000004ef4                rt_hw_taskswitch
 .text.rt_hw_context_switch
                0x0000000000004efa       0x14 ./Libraries/rtthread_libraries/libcpu/cpuport.o
                0x0000000000004efa                rt_hw_context_switch
 .text.rt_hw_context_switch_interrupt
                0x0000000000004f0e       0x20 ./Libraries/rtthread_libraries/libcpu/cpuport.o
                0x0000000000004f0e                rt_hw_context_switch_interrupt
 .text.hello    0x0000000000004f2e       0x18 ./Libraries/rtthread_libraries/components/finsh/cmd.o
                0x0000000000004f2e                hello
 .text.show_wait_queue
                0x0000000000004f46       0x4c ./Libraries/rtthread_libraries/components/finsh/cmd.o
 .text.version  0x0000000000004f92       0x10 ./Libraries/rtthread_libraries/components/finsh/cmd.o
                0x0000000000004f92                version
 .text.list_get_next
                0x0000000000004fa2       0x88 ./Libraries/rtthread_libraries/components/finsh/cmd.o
 .text.list_thread
                0x000000000000502a      0x1b0 ./Libraries/rtthread_libraries/components/finsh/cmd.o
                0x000000000000502a                list_thread
 .text.list     0x00000000000051da       0x68 ./Libraries/rtthread_libraries/components/finsh/cmd.o
                0x00000000000051da                list
 .text.list_timer
                0x0000000000005242      0x10e ./Libraries/rtthread_libraries/components/finsh/cmd.o
                0x0000000000005242                list_timer
 .text.list_mailbox
                0x0000000000005350      0x128 ./Libraries/rtthread_libraries/components/finsh/cmd.o
                0x0000000000005350                list_mailbox
 .text.list_sem
                0x0000000000005478      0x120 ./Libraries/rtthread_libraries/components/finsh/cmd.o
                0x0000000000005478                list_sem
 .text.msh_help
                0x0000000000005598       0x76 ./Libraries/rtthread_libraries/components/finsh/msh.o
                0x0000000000005598                msh_help
 .text.cmd_ps   0x000000000000560e       0x10 ./Libraries/rtthread_libraries/components/finsh/msh.o
                0x000000000000560e                cmd_ps
 .text.cmd_free
                0x000000000000561e       0x10 ./Libraries/rtthread_libraries/components/finsh/msh.o
                0x000000000000561e                cmd_free
 .text.msh_is_used
                0x000000000000562e        0x4 ./Libraries/rtthread_libraries/components/finsh/msh.o
                0x000000000000562e                msh_is_used
 .text.msh_exec
                0x0000000000005632      0x220 ./Libraries/rtthread_libraries/components/finsh/msh.o
                0x0000000000005632                msh_exec
 .text.msh_auto_complete
                0x0000000000005852       0xf0 ./Libraries/rtthread_libraries/components/finsh/msh.o
                0x0000000000005852                msh_auto_complete
 .text.finsh_system_init
                0x0000000000005942       0xaa ./Libraries/rtthread_libraries/components/finsh/shell.o
                0x0000000000005942                finsh_system_init
 .text.finsh_get_prompt
                0x00000000000059ec       0x8c ./Libraries/rtthread_libraries/components/finsh/shell.o
                0x00000000000059ec                finsh_get_prompt
 .text.finsh_thread_entry
                0x0000000000005a78      0x330 ./Libraries/rtthread_libraries/components/finsh/shell.o
                0x0000000000005a78                finsh_thread_entry
 .text.rt_heap_begin_get
                0x0000000000005da8        0xa ./Libraries/board/board.o
                0x0000000000005da8                rt_heap_begin_get
 .text.rt_heap_end_get
                0x0000000000005db2        0xa ./Libraries/board/board.o
                0x0000000000005db2                rt_heap_end_get
 .text.SysTick_Handler
                0x0000000000005dbc       0x78 ./Libraries/board/board.o
                0x0000000000005dbc                SysTick_Handler
 .text.board_init
                0x0000000000005e34       0x46 ./Libraries/board/board.o
                0x0000000000005e34                board_init
 .text.rt_hw_board_init
                0x0000000000005e7a       0xcc ./Libraries/board/board.o
                0x0000000000005e7a                rt_hw_board_init
 .text._write   0x0000000000005f46       0x4e ./Libraries/board/board.o
                0x0000000000005f46                _write
 .text.rt_hw_console_output
                0x0000000000005f94       0x40 ./Libraries/board/board.o
                0x0000000000005f94                rt_hw_console_output
 .text.rt_hw_console_getchar
                0x0000000000005fd4       0x1a ./Libraries/board/board.o
                0x0000000000005fd4                rt_hw_console_getchar
 .text.USART1_IRQHandler
                0x0000000000005fee       0x7a ./Libraries/board/board.o
                0x0000000000005fee                USART1_IRQHandler
 .text.SystemInit
                0x0000000000006068      0x118 ./Libraries/board/clock_config.o
                0x0000000000006068                SystemInit
 .text.button_entry
                0x0000000000006180      0x122 ./CODE/button.o
                0x0000000000006180                button_entry
 .text.button_init
                0x00000000000062a2       0xde ./CODE/button.o
                0x00000000000062a2                button_init
 .text.get_slave_data
                0x0000000000006380       0x74 ./CODE/communication.o
                0x0000000000006380                get_slave_data
 .text.data_analysis
                0x00000000000063f4       0x5c ./CODE/communication.o
                0x00000000000063f4                data_analysis
 .text.show_speed
                0x0000000000006450       0xf6 ./CODE/display.o
                0x0000000000006450                show_speed
 .text.display_entry
                0x0000000000006546        0xa ./CODE/display.o
                0x0000000000006546                display_entry
 .text.display_init
                0x0000000000006550       0x34 ./CODE/display.o
                0x0000000000006550                display_init
 .text.encoder_init
                0x0000000000006584       0x1e ./CODE/encoder.o
                0x0000000000006584                encoder_init
 .text.encoder_get
                0x00000000000065a2       0x32 ./CODE/encoder.o
                0x00000000000065a2                encoder_get
 .text.ESP8266_Clear
                0x00000000000065d4       0x20 ./CODE/esp8266.o
                0x00000000000065d4                ESP8266_Clear
 .text.Esp_Init
                0x00000000000065f4       0x56 ./CODE/esp8266.o
                0x00000000000065f4                Esp_Init
 .text.Tcp_Decode
                0x000000000000664a       0x68 ./CODE/esp8266.o
                0x000000000000664a                Tcp_Decode
 .text.esp8266Entry
                0x00000000000066b2       0x24 ./CODE/esp8266.o
                0x00000000000066b2                esp8266Entry
 .text.esp8266Init
                0x00000000000066d6       0x54 ./CODE/esp8266.o
                0x00000000000066d6                esp8266Init
 .text.AngleZ_Get
                0x000000000000672a       0x3e ./CODE/filter.o
                0x000000000000672a                AngleZ_Get
 .text.motor_init
                0x0000000000006768       0x88 ./CODE/motor.o
                0x0000000000006768                motor_init
 .text.motor1_ctl
                0x00000000000067f0       0x40 ./CODE/motor.o
                0x00000000000067f0                motor1_ctl
 .text.motor2_ctl
                0x0000000000006830       0x40 ./CODE/motor.o
                0x0000000000006830                motor2_ctl
 .text.motor3_ctl
                0x0000000000006870       0x40 ./CODE/motor.o
                0x0000000000006870                motor3_ctl
 .text.motor4_ctl
                0x00000000000068b0       0x40 ./CODE/motor.o
                0x00000000000068b0                motor4_ctl
 .text.speed_conversion
                0x00000000000068f0       0x8e ./CODE/motor.o
                0x00000000000068f0                speed_conversion
 .text.PID_Init
                0x000000000000697e       0xe4 ./CODE/pid.o
                0x000000000000697e                PID_Init
 .text.PID_Speed
                0x0000000000006a62       0xbc ./CODE/pid.o
                0x0000000000006a62                PID_Speed
 .text.PID_Angle
                0x0000000000006b1e       0xba ./CODE/pid.o
                0x0000000000006b1e                PID_Angle
 .text.PID_Loc  0x0000000000006bd8       0x62 ./CODE/pid.o
                0x0000000000006bd8                PID_Loc
 .text.__adddf3
                0x0000000000006c3a      0x730 e:/software/mounr/mounriver_studio/toolchain/risc-v embedded gcc/bin/../lib/gcc/riscv-none-embed/8.2.0/rv32imac/ilp32\libgcc.a(adddf3.o)
                0x0000000000006c3a                __adddf3
 .text.__divdf3
                0x000000000000736a      0x5b4 e:/software/mounr/mounriver_studio/toolchain/risc-v embedded gcc/bin/../lib/gcc/riscv-none-embed/8.2.0/rv32imac/ilp32\libgcc.a(divdf3.o)
                0x000000000000736a                __divdf3
 .text.__muldf3
                0x000000000000791e      0x4b8 e:/software/mounr/mounriver_studio/toolchain/risc-v embedded gcc/bin/../lib/gcc/riscv-none-embed/8.2.0/rv32imac/ilp32\libgcc.a(muldf3.o)
                0x000000000000791e                __muldf3
 .text.__subdf3
                0x0000000000007dd6      0x73e e:/software/mounr/mounriver_studio/toolchain/risc-v embedded gcc/bin/../lib/gcc/riscv-none-embed/8.2.0/rv32imac/ilp32\libgcc.a(subdf3.o)
                0x0000000000007dd6                __subdf3
 .text.__fixdfsi
                0x0000000000008514       0x68 e:/software/mounr/mounriver_studio/toolchain/risc-v embedded gcc/bin/../lib/gcc/riscv-none-embed/8.2.0/rv32imac/ilp32\libgcc.a(fixdfsi.o)
                0x0000000000008514                __fixdfsi
 .text.__floatsidf
                0x000000000000857c       0x72 e:/software/mounr/mounriver_studio/toolchain/risc-v embedded gcc/bin/../lib/gcc/riscv-none-embed/8.2.0/rv32imac/ilp32\libgcc.a(floatsidf.o)
                0x000000000000857c                __floatsidf
 .text.__addsf3
                0x00000000000085ee      0x36a e:/software/mounr/mounriver_studio/toolchain/risc-v embedded gcc/bin/../lib/gcc/riscv-none-embed/8.2.0/rv32imac/ilp32\libgcc.a(addsf3.o)
                0x00000000000085ee                __addsf3
 .text.__gesf2  0x0000000000008958       0x86 e:/software/mounr/mounriver_studio/toolchain/risc-v embedded gcc/bin/../lib/gcc/riscv-none-embed/8.2.0/rv32imac/ilp32\libgcc.a(gesf2.o)
                0x0000000000008958                __gesf2
                0x0000000000008958                __gtsf2
 .text.__lesf2  0x00000000000089de       0x8c e:/software/mounr/mounriver_studio/toolchain/risc-v embedded gcc/bin/../lib/gcc/riscv-none-embed/8.2.0/rv32imac/ilp32\libgcc.a(lesf2.o)
                0x00000000000089de                __ltsf2
                0x00000000000089de                __lesf2
 .text.__mulsf3
                0x0000000000008a6a      0x290 e:/software/mounr/mounriver_studio/toolchain/risc-v embedded gcc/bin/../lib/gcc/riscv-none-embed/8.2.0/rv32imac/ilp32\libgcc.a(mulsf3.o)
                0x0000000000008a6a                __mulsf3
 .text.__subsf3
                0x0000000000008cfa      0x388 e:/software/mounr/mounriver_studio/toolchain/risc-v embedded gcc/bin/../lib/gcc/riscv-none-embed/8.2.0/rv32imac/ilp32\libgcc.a(subsf3.o)
                0x0000000000008cfa                __subsf3
 .text.__fixsfsi
                0x0000000000009082       0x62 e:/software/mounr/mounriver_studio/toolchain/risc-v embedded gcc/bin/../lib/gcc/riscv-none-embed/8.2.0/rv32imac/ilp32\libgcc.a(fixsfsi.o)
                0x0000000000009082                __fixsfsi
 .text.__floatsisf
                0x00000000000090e4       0xc6 e:/software/mounr/mounriver_studio/toolchain/risc-v embedded gcc/bin/../lib/gcc/riscv-none-embed/8.2.0/rv32imac/ilp32\libgcc.a(floatsisf.o)
                0x00000000000090e4                __floatsisf
 .text.__floatunsisf
                0x00000000000091aa       0xce e:/software/mounr/mounriver_studio/toolchain/risc-v embedded gcc/bin/../lib/gcc/riscv-none-embed/8.2.0/rv32imac/ilp32\libgcc.a(floatunsisf.o)
                0x00000000000091aa                __floatunsisf
 .text.__clzsi2
                0x0000000000009278       0x76 e:/software/mounr/mounriver_studio/toolchain/risc-v embedded gcc/bin/../lib/gcc/riscv-none-embed/8.2.0/rv32imac/ilp32\libgcc.a(_clzsi2.o)
                0x0000000000009278                __clzsi2
 .text.__assert_func
                0x00000000000092ee       0x3a e:/software/mounr/mounriver_studio/toolchain/risc-v embedded gcc/bin/../lib/gcc/riscv-none-embed/8.2.0/../../../../riscv-none-embed/lib/rv32imac/ilp32\libg_nano.a(lib_a-assert.o)
                0x00000000000092ee                __assert_func
 .text.fprintf  0x0000000000009328       0x26 e:/software/mounr/mounriver_studio/toolchain/risc-v embedded gcc/bin/../lib/gcc/riscv-none-embed/8.2.0/../../../../riscv-none-embed/lib/rv32imac/ilp32\libg_nano.a(lib_a-fprintf.o)
                0x0000000000009328                fiprintf
                0x0000000000009328                fprintf
 .text.memcpy   0x000000000000934e       0xb6 e:/software/mounr/mounriver_studio/toolchain/risc-v embedded gcc/bin/../lib/gcc/riscv-none-embed/8.2.0/../../../../riscv-none-embed/lib/rv32imac/ilp32\libg_nano.a(lib_a-memcpy.o)
                0x000000000000934e                memcpy
 .text.__sfputc_r
                0x0000000000009404       0x28 e:/software/mounr/mounriver_studio/toolchain/risc-v embedded gcc/bin/../lib/gcc/riscv-none-embed/8.2.0/../../../../riscv-none-embed/lib/rv32imac/ilp32\libg_nano.a(lib_a-nano-vfprintf.o)
 .text.__sfputs_r
                0x000000000000942c       0x44 e:/software/mounr/mounriver_studio/toolchain/risc-v embedded gcc/bin/../lib/gcc/riscv-none-embed/8.2.0/../../../../riscv-none-embed/lib/rv32imac/ilp32\libg_nano.a(lib_a-nano-vfprintf.o)
                0x000000000000942c                __sfputs_r
 .text._vfprintf_r
                0x0000000000009470      0x2a0 e:/software/mounr/mounriver_studio/toolchain/risc-v embedded gcc/bin/../lib/gcc/riscv-none-embed/8.2.0/../../../../riscv-none-embed/lib/rv32imac/ilp32\libg_nano.a(lib_a-nano-vfprintf.o)
                0x0000000000009470                _vfprintf_r
                0x0000000000009470                _vfiprintf_r
 .text._printf_common
                0x0000000000009710      0x10c e:/software/mounr/mounriver_studio/toolchain/risc-v embedded gcc/bin/../lib/gcc/riscv-none-embed/8.2.0/../../../../riscv-none-embed/lib/rv32imac/ilp32\libg_nano.a(lib_a-nano-vfprintf_i.o)
                0x0000000000009710                _printf_common
 .text._printf_i
                0x000000000000981c      0x2a6 e:/software/mounr/mounriver_studio/toolchain/risc-v embedded gcc/bin/../lib/gcc/riscv-none-embed/8.2.0/../../../../riscv-none-embed/lib/rv32imac/ilp32\libg_nano.a(lib_a-nano-vfprintf_i.o)
                0x000000000000981c                _printf_i
 .text.sprintf  0x0000000000009ac2       0x46 e:/software/mounr/mounriver_studio/toolchain/risc-v embedded gcc/bin/../lib/gcc/riscv-none-embed/8.2.0/../../../../riscv-none-embed/lib/rv32imac/ilp32\libg_nano.a(lib_a-sprintf.o)
                0x0000000000009ac2                siprintf
                0x0000000000009ac2                sprintf
 .text.strlen   0x0000000000009b08       0x12 e:/software/mounr/mounriver_studio/toolchain/risc-v embedded gcc/bin/../lib/gcc/riscv-none-embed/8.2.0/../../../../riscv-none-embed/lib/rv32imac/ilp32\libg_nano.a(lib_a-strlen.o)
                0x0000000000009b08                strlen
 .text.strncmp  0x0000000000009b1a       0x2c e:/software/mounr/mounriver_studio/toolchain/risc-v embedded gcc/bin/../lib/gcc/riscv-none-embed/8.2.0/../../../../riscv-none-embed/lib/rv32imac/ilp32\libg_nano.a(lib_a-strncmp.o)
                0x0000000000009b1a                strncmp
 .text.strncpy  0x0000000000009b46       0x24 e:/software/mounr/mounriver_studio/toolchain/risc-v embedded gcc/bin/../lib/gcc/riscv-none-embed/8.2.0/../../../../riscv-none-embed/lib/rv32imac/ilp32\libg_nano.a(lib_a-strncpy.o)
                0x0000000000009b46                strncpy
 .text.__swbuf_r
                0x0000000000009b6a       0xc0 e:/software/mounr/mounriver_studio/toolchain/risc-v embedded gcc/bin/../lib/gcc/riscv-none-embed/8.2.0/../../../../riscv-none-embed/lib/rv32imac/ilp32\libg_nano.a(lib_a-wbuf.o)
                0x0000000000009b6a                __swbuf_r
 .text.__swsetup_r
                0x0000000000009c2a      0x10c e:/software/mounr/mounriver_studio/toolchain/risc-v embedded gcc/bin/../lib/gcc/riscv-none-embed/8.2.0/../../../../riscv-none-embed/lib/rv32imac/ilp32\libg_nano.a(lib_a-wsetup.o)
                0x0000000000009c2a                __swsetup_r
 .text.abort    0x0000000000009d36       0x10 e:/software/mounr/mounriver_studio/toolchain/risc-v embedded gcc/bin/../lib/gcc/riscv-none-embed/8.2.0/../../../../riscv-none-embed/lib/rv32imac/ilp32\libg_nano.a(lib_a-abort.o)
                0x0000000000009d36                abort
 .text.__sflush_r
                0x0000000000009d46      0x13c e:/software/mounr/mounriver_studio/toolchain/risc-v embedded gcc/bin/../lib/gcc/riscv-none-embed/8.2.0/../../../../riscv-none-embed/lib/rv32imac/ilp32\libg_nano.a(lib_a-fflush.o)
                0x0000000000009d46                __sflush_r
 .text._fflush_r
                0x0000000000009e82       0x66 e:/software/mounr/mounriver_studio/toolchain/risc-v embedded gcc/bin/../lib/gcc/riscv-none-embed/8.2.0/../../../../riscv-none-embed/lib/rv32imac/ilp32\libg_nano.a(lib_a-fflush.o)
                0x0000000000009e82                _fflush_r
 .text.std      0x0000000000009ee8       0x6a e:/software/mounr/mounriver_studio/toolchain/risc-v embedded gcc/bin/../lib/gcc/riscv-none-embed/8.2.0/../../../../riscv-none-embed/lib/rv32imac/ilp32\libg_nano.a(lib_a-findfp.o)
 .text._cleanup_r
                0x0000000000009f52        0xa e:/software/mounr/mounriver_studio/toolchain/risc-v embedded gcc/bin/../lib/gcc/riscv-none-embed/8.2.0/../../../../riscv-none-embed/lib/rv32imac/ilp32\libg_nano.a(lib_a-findfp.o)
                0x0000000000009f52                _cleanup_r
 .text.__sfmoreglue
                0x0000000000009f5c       0x46 e:/software/mounr/mounriver_studio/toolchain/risc-v embedded gcc/bin/../lib/gcc/riscv-none-embed/8.2.0/../../../../riscv-none-embed/lib/rv32imac/ilp32\libg_nano.a(lib_a-findfp.o)
                0x0000000000009f5c                __sfmoreglue
 .text.__sinit  0x0000000000009fa2       0x6c e:/software/mounr/mounriver_studio/toolchain/risc-v embedded gcc/bin/../lib/gcc/riscv-none-embed/8.2.0/../../../../riscv-none-embed/lib/rv32imac/ilp32\libg_nano.a(lib_a-findfp.o)
                0x0000000000009fa2                __sinit
 .text.__sfp    0x000000000000a00e       0xa0 e:/software/mounr/mounriver_studio/toolchain/risc-v embedded gcc/bin/../lib/gcc/riscv-none-embed/8.2.0/../../../../riscv-none-embed/lib/rv32imac/ilp32\libg_nano.a(lib_a-findfp.o)
                0x000000000000a00e                __sfp
 .text._fwalk_reent
                0x000000000000a0ae       0x6c e:/software/mounr/mounriver_studio/toolchain/risc-v embedded gcc/bin/../lib/gcc/riscv-none-embed/8.2.0/../../../../riscv-none-embed/lib/rv32imac/ilp32\libg_nano.a(lib_a-fwalk.o)
                0x000000000000a0ae                _fwalk_reent
 .text.__swhatbuf_r
                0x000000000000a11a       0x5a e:/software/mounr/mounriver_studio/toolchain/risc-v embedded gcc/bin/../lib/gcc/riscv-none-embed/8.2.0/../../../../riscv-none-embed/lib/rv32imac/ilp32\libg_nano.a(lib_a-makebuf.o)
                0x000000000000a11a                __swhatbuf_r
 .text.__smakebuf_r
                0x000000000000a174       0xa0 e:/software/mounr/mounriver_studio/toolchain/risc-v embedded gcc/bin/../lib/gcc/riscv-none-embed/8.2.0/../../../../riscv-none-embed/lib/rv32imac/ilp32\libg_nano.a(lib_a-makebuf.o)
                0x000000000000a174                __smakebuf_r
 .text.memchr   0x000000000000a214       0x1a e:/software/mounr/mounriver_studio/toolchain/risc-v embedded gcc/bin/../lib/gcc/riscv-none-embed/8.2.0/../../../../riscv-none-embed/lib/rv32imac/ilp32\libg_nano.a(lib_a-memchr.o)
                0x000000000000a214                memchr
 .text.memmove  0x000000000000a22e       0x4a e:/software/mounr/mounriver_studio/toolchain/risc-v embedded gcc/bin/../lib/gcc/riscv-none-embed/8.2.0/../../../../riscv-none-embed/lib/rv32imac/ilp32\libg_nano.a(lib_a-memmove.o)
                0x000000000000a22e                memmove
 .text._free_r  0x000000000000a278       0xa8 e:/software/mounr/mounriver_studio/toolchain/risc-v embedded gcc/bin/../lib/gcc/riscv-none-embed/8.2.0/../../../../riscv-none-embed/lib/rv32imac/ilp32\libg_nano.a(lib_a-nano-freer.o)
                0x000000000000a278                _free_r
 .text._malloc_r
                0x000000000000a320       0xce e:/software/mounr/mounriver_studio/toolchain/risc-v embedded gcc/bin/../lib/gcc/riscv-none-embed/8.2.0/../../../../riscv-none-embed/lib/rv32imac/ilp32\libg_nano.a(lib_a-nano-mallocr.o)
                0x000000000000a320                _malloc_r
 .text._realloc_r
                0x000000000000a3ee       0x58 e:/software/mounr/mounriver_studio/toolchain/risc-v embedded gcc/bin/../lib/gcc/riscv-none-embed/8.2.0/../../../../riscv-none-embed/lib/rv32imac/ilp32\libg_nano.a(lib_a-nano-reallocr.o)
                0x000000000000a3ee                _realloc_r
 .text.__ssputs_r
                0x000000000000a446       0xee e:/software/mounr/mounriver_studio/toolchain/risc-v embedded gcc/bin/../lib/gcc/riscv-none-embed/8.2.0/../../../../riscv-none-embed/lib/rv32imac/ilp32\libg_nano.a(lib_a-nano-svfprintf.o)
                0x000000000000a446                __ssputs_r
 .text._svfprintf_r
                0x000000000000a534      0x282 e:/software/mounr/mounriver_studio/toolchain/risc-v embedded gcc/bin/../lib/gcc/riscv-none-embed/8.2.0/../../../../riscv-none-embed/lib/rv32imac/ilp32\libg_nano.a(lib_a-nano-svfprintf.o)
                0x000000000000a534                _svfiprintf_r
                0x000000000000a534                _svfprintf_r
 .text._sbrk_r  0x000000000000a7b6       0x30 e:/software/mounr/mounriver_studio/toolchain/risc-v embedded gcc/bin/../lib/gcc/riscv-none-embed/8.2.0/../../../../riscv-none-embed/lib/rv32imac/ilp32\libg_nano.a(lib_a-sbrkr.o)
                0x000000000000a7b6                _sbrk_r
 .text._raise_r
                0x000000000000a7e6       0x62 e:/software/mounr/mounriver_studio/toolchain/risc-v embedded gcc/bin/../lib/gcc/riscv-none-embed/8.2.0/../../../../riscv-none-embed/lib/rv32imac/ilp32\libg_nano.a(lib_a-signal.o)
                0x000000000000a7e6                _raise_r
 .text.raise    0x000000000000a848        0xc e:/software/mounr/mounriver_studio/toolchain/risc-v embedded gcc/bin/../lib/gcc/riscv-none-embed/8.2.0/../../../../riscv-none-embed/lib/rv32imac/ilp32\libg_nano.a(lib_a-signal.o)
                0x000000000000a848                raise
 .text._kill_r  0x000000000000a854       0x32 e:/software/mounr/mounriver_studio/toolchain/risc-v embedded gcc/bin/../lib/gcc/riscv-none-embed/8.2.0/../../../../riscv-none-embed/lib/rv32imac/ilp32\libg_nano.a(lib_a-signalr.o)
                0x000000000000a854                _kill_r
 .text._getpid_r
                0x000000000000a886        0x2 e:/software/mounr/mounriver_studio/toolchain/risc-v embedded gcc/bin/../lib/gcc/riscv-none-embed/8.2.0/../../../../riscv-none-embed/lib/rv32imac/ilp32\libg_nano.a(lib_a-signalr.o)
                0x000000000000a886                _getpid_r
 .text.__sread  0x000000000000a888       0x30 e:/software/mounr/mounriver_studio/toolchain/risc-v embedded gcc/bin/../lib/gcc/riscv-none-embed/8.2.0/../../../../riscv-none-embed/lib/rv32imac/ilp32\libg_nano.a(lib_a-stdio.o)
                0x000000000000a888                __sread
 .text.__swrite
                0x000000000000a8b8       0x4e e:/software/mounr/mounriver_studio/toolchain/risc-v embedded gcc/bin/../lib/gcc/riscv-none-embed/8.2.0/../../../../riscv-none-embed/lib/rv32imac/ilp32\libg_nano.a(lib_a-stdio.o)
                0x000000000000a8b8                __swrite
 .text.__sseek  0x000000000000a906       0x36 e:/software/mounr/mounriver_studio/toolchain/risc-v embedded gcc/bin/../lib/gcc/riscv-none-embed/8.2.0/../../../../riscv-none-embed/lib/rv32imac/ilp32\libg_nano.a(lib_a-stdio.o)
                0x000000000000a906                __sseek
 .text.__sclose
                0x000000000000a93c        0x6 e:/software/mounr/mounriver_studio/toolchain/risc-v embedded gcc/bin/../lib/gcc/riscv-none-embed/8.2.0/../../../../riscv-none-embed/lib/rv32imac/ilp32\libg_nano.a(lib_a-stdio.o)
                0x000000000000a93c                __sclose
 .text._write_r
                0x000000000000a942       0x36 e:/software/mounr/mounriver_studio/toolchain/risc-v embedded gcc/bin/../lib/gcc/riscv-none-embed/8.2.0/../../../../riscv-none-embed/lib/rv32imac/ilp32\libg_nano.a(lib_a-writer.o)
                0x000000000000a942                _write_r
 .text._close_r
                0x000000000000a978       0x30 e:/software/mounr/mounriver_studio/toolchain/risc-v embedded gcc/bin/../lib/gcc/riscv-none-embed/8.2.0/../../../../riscv-none-embed/lib/rv32imac/ilp32\libg_nano.a(lib_a-closer.o)
                0x000000000000a978                _close_r
 .text._fstat_r
                0x000000000000a9a8       0x32 e:/software/mounr/mounriver_studio/toolchain/risc-v embedded gcc/bin/../lib/gcc/riscv-none-embed/8.2.0/../../../../riscv-none-embed/lib/rv32imac/ilp32\libg_nano.a(lib_a-fstatr.o)
                0x000000000000a9a8                _fstat_r
 .text._isatty_r
                0x000000000000a9da       0x30 e:/software/mounr/mounriver_studio/toolchain/risc-v embedded gcc/bin/../lib/gcc/riscv-none-embed/8.2.0/../../../../riscv-none-embed/lib/rv32imac/ilp32\libg_nano.a(lib_a-isattyr.o)
                0x000000000000a9da                _isatty_r
 .text._lseek_r
                0x000000000000aa0a       0x34 e:/software/mounr/mounriver_studio/toolchain/risc-v embedded gcc/bin/../lib/gcc/riscv-none-embed/8.2.0/../../../../riscv-none-embed/lib/rv32imac/ilp32\libg_nano.a(lib_a-lseekr.o)
                0x000000000000aa0a                _lseek_r
 .text.__malloc_lock
                0x000000000000aa3e        0x2 e:/software/mounr/mounriver_studio/toolchain/risc-v embedded gcc/bin/../lib/gcc/riscv-none-embed/8.2.0/../../../../riscv-none-embed/lib/rv32imac/ilp32\libg_nano.a(lib_a-mlock.o)
                0x000000000000aa3e                __malloc_lock
 .text.__malloc_unlock
                0x000000000000aa40        0x2 e:/software/mounr/mounriver_studio/toolchain/risc-v embedded gcc/bin/../lib/gcc/riscv-none-embed/8.2.0/../../../../riscv-none-embed/lib/rv32imac/ilp32\libg_nano.a(lib_a-mlock.o)
                0x000000000000aa40                __malloc_unlock
 .text._malloc_usable_size_r
                0x000000000000aa42       0x14 e:/software/mounr/mounriver_studio/toolchain/risc-v embedded gcc/bin/../lib/gcc/riscv-none-embed/8.2.0/../../../../riscv-none-embed/lib/rv32imac/ilp32\libg_nano.a(lib_a-nano-msizer.o)
                0x000000000000aa42                _malloc_usable_size_r
 .text._read_r  0x000000000000aa56       0x34 e:/software/mounr/mounriver_studio/toolchain/risc-v embedded gcc/bin/../lib/gcc/riscv-none-embed/8.2.0/../../../../riscv-none-embed/lib/rv32imac/ilp32\libg_nano.a(lib_a-readr.o)
                0x000000000000aa56                _read_r
 .text._close   0x000000000000aa8a       0x10 e:/software/mounr/mounriver_studio/toolchain/risc-v embedded gcc/bin/../lib/gcc/riscv-none-embed/8.2.0/../../../../riscv-none-embed/lib/rv32imac/ilp32\libnosys.a(close.o)
                0x000000000000aa8a                _close
 .text._fstat   0x000000000000aa9a       0x10 e:/software/mounr/mounriver_studio/toolchain/risc-v embedded gcc/bin/../lib/gcc/riscv-none-embed/8.2.0/../../../../riscv-none-embed/lib/rv32imac/ilp32\libnosys.a(fstat.o)
                0x000000000000aa9a                _fstat
 .text._getpid  0x000000000000aaaa       0x10 e:/software/mounr/mounriver_studio/toolchain/risc-v embedded gcc/bin/../lib/gcc/riscv-none-embed/8.2.0/../../../../riscv-none-embed/lib/rv32imac/ilp32\libnosys.a(getpid.o)
                0x000000000000aaaa                _getpid
 .text._isatty  0x000000000000aaba       0x10 e:/software/mounr/mounriver_studio/toolchain/risc-v embedded gcc/bin/../lib/gcc/riscv-none-embed/8.2.0/../../../../riscv-none-embed/lib/rv32imac/ilp32\libnosys.a(isatty.o)
                0x000000000000aaba                _isatty
 .text._kill    0x000000000000aaca       0x10 e:/software/mounr/mounriver_studio/toolchain/risc-v embedded gcc/bin/../lib/gcc/riscv-none-embed/8.2.0/../../../../riscv-none-embed/lib/rv32imac/ilp32\libnosys.a(kill.o)
                0x000000000000aaca                _kill
 .text._lseek   0x000000000000aada       0x10 e:/software/mounr/mounriver_studio/toolchain/risc-v embedded gcc/bin/../lib/gcc/riscv-none-embed/8.2.0/../../../../riscv-none-embed/lib/rv32imac/ilp32\libnosys.a(lseek.o)
                0x000000000000aada                _lseek
 .text._read    0x000000000000aaea       0x10 e:/software/mounr/mounriver_studio/toolchain/risc-v embedded gcc/bin/../lib/gcc/riscv-none-embed/8.2.0/../../../../riscv-none-embed/lib/rv32imac/ilp32\libnosys.a(read.o)
                0x000000000000aaea                _read
 .text._sbrk    0x000000000000aafa       0x24 e:/software/mounr/mounriver_studio/toolchain/risc-v embedded gcc/bin/../lib/gcc/riscv-none-embed/8.2.0/../../../../riscv-none-embed/lib/rv32imac/ilp32\libnosys.a(sbrk.o)
                0x000000000000aafa                _sbrk
 .text._exit    0x000000000000ab1e        0x2 e:/software/mounr/mounriver_studio/toolchain/risc-v embedded gcc/bin/../lib/gcc/riscv-none-embed/8.2.0/../../../../riscv-none-embed/lib/rv32imac/ilp32\libnosys.a(_exit.o)
                0x000000000000ab1e                _exit
 *(.rodata)
 *(.rodata*)
 *fill*         0x000000000000ab20        0x0 
 .rodata.tft_ascii
                0x000000000000ab20      0x5f0 ./Libraries/seekfree_peripheral/SEEKFREE_FONT.o
                0x000000000000ab20                tft_ascii
 .rodata.GPION  0x000000000000b110       0x10 ./Libraries/seekfree_libraries/zf_gpio.o
                0x000000000000b110                GPION
 .rodata.TIMERN
                0x000000000000b120       0x10 ./Libraries/seekfree_libraries/zf_qtimer.o
                0x000000000000b120                TIMERN
 .rodata.__func__.3348
                0x000000000000b130        0xe ./Libraries/seekfree_libraries/zf_spi.o
 *fill*         0x000000000000b13e        0x2 
 .rodata.spi_gpio_init.str1.4
                0x000000000000b140       0x2d ./Libraries/seekfree_libraries/zf_spi.o
 *fill*         0x000000000000b16d        0x3 
 .rodata.UARTN  0x000000000000b170       0x10 ./Libraries/seekfree_libraries/zf_uart.o
                0x000000000000b170                UARTN
 .rodata.rt_application_init.str1.4
                0x000000000000b180        0x5 ./Libraries/rtthread_libraries/src/components.o
 *fill*         0x000000000000b185        0x3 
 .rodata.rt_thread_idle_init.str1.4
                0x000000000000b188        0x6 ./Libraries/rtthread_libraries/src/idle.o
 *fill*         0x000000000000b18e        0x2 
 .rodata.rt_vsnprintf
                0x000000000000b190      0x150 ./Libraries/rtthread_libraries/src/kservice.o
 .rodata.__lowest_bit_bitmap
                0x000000000000b2e0      0x100 ./Libraries/rtthread_libraries/src/kservice.o
                0x000000000000b2e0                __lowest_bit_bitmap
 .rodata.large_digits.2240
                0x000000000000b3e0       0x11 ./Libraries/rtthread_libraries/src/kservice.o
 *fill*         0x000000000000b3f1        0x3 
 .rodata.rt_show_version.str1.4
                0x000000000000b3f4       0x86 ./Libraries/rtthread_libraries/src/kservice.o
 *fill*         0x000000000000b47a        0x2 
 .rodata.rt_vsnprintf.str1.4
                0x000000000000b47c        0x7 ./Libraries/rtthread_libraries/src/kservice.o
 *fill*         0x000000000000b483        0x1 
 .rodata.small_digits.2239
                0x000000000000b484       0x11 ./Libraries/rtthread_libraries/src/kservice.o
 *fill*         0x000000000000b495        0x3 
 .rodata.__fsym_list_mem_name
                0x000000000000b498        0x9 ./Libraries/rtthread_libraries/src/mem.o
                0x000000000000b498                __fsym_list_mem_name
 *fill*         0x000000000000b4a1        0x3 
 .rodata.list_mem.str1.4
                0x000000000000b4a4       0x46 ./Libraries/rtthread_libraries/src/mem.o
 *fill*         0x000000000000b4ea        0x2 
 .rodata.rt_free.str1.4
                0x000000000000b4ec       0x4c ./Libraries/rtthread_libraries/src/mem.o
 .rodata.rt_system_heap_init.str1.4
                0x000000000000b538       0x42 ./Libraries/rtthread_libraries/src/mem.o
 *fill*         0x000000000000b57a        0x2 
 .rodata.__fsym___cmd_list_mailbox_name
                0x000000000000b57c       0x13 ./Libraries/rtthread_libraries/components/finsh/cmd.o
                0x000000000000b57c                __fsym___cmd_list_mailbox_name
 *fill*         0x000000000000b58f        0x1 
 .rodata.__fsym___cmd_list_sem_name
                0x000000000000b590        0xf ./Libraries/rtthread_libraries/components/finsh/cmd.o
                0x000000000000b590                __fsym___cmd_list_sem_name
 *fill*         0x000000000000b59f        0x1 
 .rodata.__fsym___cmd_list_thread_name
                0x000000000000b5a0       0x12 ./Libraries/rtthread_libraries/components/finsh/cmd.o
                0x000000000000b5a0                __fsym___cmd_list_thread_name
 *fill*         0x000000000000b5b2        0x2 
 .rodata.__fsym___cmd_list_timer_name
                0x000000000000b5b4       0x11 ./Libraries/rtthread_libraries/components/finsh/cmd.o
                0x000000000000b5b4                __fsym___cmd_list_timer_name
 *fill*         0x000000000000b5c5        0x3 
 .rodata.__fsym___cmd_version_name
                0x000000000000b5c8        0xe ./Libraries/rtthread_libraries/components/finsh/cmd.o
                0x000000000000b5c8                __fsym___cmd_version_name
 *fill*         0x000000000000b5d6        0x2 
 .rodata.__fsym_list_mailbox_name
                0x000000000000b5d8        0xd ./Libraries/rtthread_libraries/components/finsh/cmd.o
                0x000000000000b5d8                __fsym_list_mailbox_name
 *fill*         0x000000000000b5e5        0x3 
 .rodata.__fsym_list_sem_name
                0x000000000000b5e8        0x9 ./Libraries/rtthread_libraries/components/finsh/cmd.o
                0x000000000000b5e8                __fsym_list_sem_name
 *fill*         0x000000000000b5f1        0x3 
 .rodata.__fsym_list_thread_name
                0x000000000000b5f4        0xc ./Libraries/rtthread_libraries/components/finsh/cmd.o
                0x000000000000b5f4                __fsym_list_thread_name
 .rodata.__fsym_list_timer_name
                0x000000000000b600        0xb ./Libraries/rtthread_libraries/components/finsh/cmd.o
                0x000000000000b600                __fsym_list_timer_name
 *fill*         0x000000000000b60b        0x1 
 .rodata.hello.str1.4
                0x000000000000b60c       0x12 ./Libraries/rtthread_libraries/components/finsh/cmd.o
 *fill*         0x000000000000b61e        0x2 
 .rodata.list.str1.4
                0x000000000000b620       0x1c ./Libraries/rtthread_libraries/components/finsh/cmd.o
 .rodata.list_mailbox.str1.4
                0x000000000000b63c       0x76 ./Libraries/rtthread_libraries/components/finsh/cmd.o
                                         0x7a (size before relaxing)
 *fill*         0x000000000000b6b2        0x2 
 .rodata.list_sem.str1.4
                0x000000000000b6b4       0x60 ./Libraries/rtthread_libraries/components/finsh/cmd.o
 .rodata.list_thread.str1.4
                0x000000000000b714      0x100 ./Libraries/rtthread_libraries/components/finsh/cmd.o
 .rodata.list_timer.str1.4
                0x000000000000b814       0x9d ./Libraries/rtthread_libraries/components/finsh/cmd.o
 *fill*         0x000000000000b8b1        0x3 
 .rodata.show_wait_queue.str1.4
                0x000000000000b8b4        0x6 ./Libraries/rtthread_libraries/components/finsh/cmd.o
 *fill*         0x000000000000b8ba        0x2 
 .rodata.__fsym___cmd_free_name
                0x000000000000b8bc        0xb ./Libraries/rtthread_libraries/components/finsh/msh.o
                0x000000000000b8bc                __fsym___cmd_free_name
 *fill*         0x000000000000b8c7        0x1 
 .rodata.__fsym___cmd_help_name
                0x000000000000b8c8        0xb ./Libraries/rtthread_libraries/components/finsh/msh.o
                0x000000000000b8c8                __fsym___cmd_help_name
 *fill*         0x000000000000b8d3        0x1 
 .rodata.__fsym___cmd_ps_name
                0x000000000000b8d4        0x9 ./Libraries/rtthread_libraries/components/finsh/msh.o
                0x000000000000b8d4                __fsym___cmd_ps_name
 .rodata.msh_auto_complete.str1.4
                0x000000000000b8dd        0x4 ./Libraries/rtthread_libraries/components/finsh/msh.o
 *fill*         0x000000000000b8dd        0x3 
 .rodata.msh_exec.str1.4
                0x000000000000b8e0       0x38 ./Libraries/rtthread_libraries/components/finsh/msh.o
 .rodata.msh_help.str1.4
                0x000000000000b918       0x28 ./Libraries/rtthread_libraries/components/finsh/msh.o
                                         0x2a (size before relaxing)
 .rodata.finsh_system_init.str1.4
                0x000000000000b940       0x25 ./Libraries/rtthread_libraries/components/finsh/shell.o
 *fill*         0x000000000000b965        0x3 
 .rodata.finsh_thread_entry.str1.4
                0x000000000000b968       0x1c ./Libraries/rtthread_libraries/components/finsh/shell.o
                                         0x23 (size before relaxing)
 .rodata.rt_hw_board_init.str1.4
                0x000000000000b984        0x8 ./Libraries/board/board.o
 .rodata.button_init.str1.4
                0x000000000000b98c       0x2f ./CODE/button.o
 *fill*         0x000000000000b9bb        0x1 
 .rodata.display_init.str1.4
                0x000000000000b9bc        0x8 ./CODE/display.o
 .rodata.show_speed.str1.4
                0x000000000000b9c4       0x83 ./CODE/display.o
 *fill*         0x000000000000ba47        0x1 
 .rodata.Tcp_Decode.str1.4
                0x000000000000ba48       0x2a ./CODE/esp8266.o
 *fill*         0x000000000000ba72        0x2 
 .rodata.esp8266Entry.str1.4
                0x000000000000ba74        0x6 ./CODE/esp8266.o
 *fill*         0x000000000000ba7a        0x2 
 .rodata.esp8266Init.str1.4
                0x000000000000ba7c       0x1e ./CODE/esp8266.o
 *fill*         0x000000000000ba9a        0x6 
 .rodata.AngleZ_Get.cst8
                0x000000000000baa0        0x8 ./CODE/filter.o
 .rodata.speed_conversion.cst8
                0x000000000000baa8        0x8 ./CODE/motor.o
 .rodata.PID_Angle.cst4
                0x000000000000bab0        0x8 ./CODE/pid.o
 .rodata.__divdf3
                0x000000000000bab8       0x40 e:/software/mounr/mounriver_studio/toolchain/risc-v embedded gcc/bin/../lib/gcc/riscv-none-embed/8.2.0/rv32imac/ilp32\libgcc.a(divdf3.o)
 .rodata.__muldf3
                0x000000000000baf8       0x40 e:/software/mounr/mounriver_studio/toolchain/risc-v embedded gcc/bin/../lib/gcc/riscv-none-embed/8.2.0/rv32imac/ilp32\libgcc.a(muldf3.o)
 .rodata.__mulsf3
                0x000000000000bb38       0x40 e:/software/mounr/mounriver_studio/toolchain/risc-v embedded gcc/bin/../lib/gcc/riscv-none-embed/8.2.0/rv32imac/ilp32\libgcc.a(mulsf3.o)
 .rodata.__clz_tab
                0x000000000000bb78      0x100 e:/software/mounr/mounriver_studio/toolchain/risc-v embedded gcc/bin/../lib/gcc/riscv-none-embed/8.2.0/rv32imac/ilp32\libgcc.a(_clz.o)
                0x000000000000bb78                __clz_tab
 .rodata.__assert_func.str1.4
                0x000000000000bc78       0x3f e:/software/mounr/mounriver_studio/toolchain/risc-v embedded gcc/bin/../lib/gcc/riscv-none-embed/8.2.0/../../../../riscv-none-embed/lib/rv32imac/ilp32\libg_nano.a(lib_a-assert.o)
                                         0x43 (size before relaxing)
 *fill*         0x000000000000bcb7        0x1 
 .rodata._vfprintf_r.str1.4
                0x000000000000bcb8       0x13 e:/software/mounr/mounriver_studio/toolchain/risc-v embedded gcc/bin/../lib/gcc/riscv-none-embed/8.2.0/../../../../riscv-none-embed/lib/rv32imac/ilp32\libg_nano.a(lib_a-nano-vfprintf.o)
 *fill*         0x000000000000bccb        0x1 
 .rodata._printf_i.str1.4
                0x000000000000bccc       0x28 e:/software/mounr/mounriver_studio/toolchain/risc-v embedded gcc/bin/../lib/gcc/riscv-none-embed/8.2.0/../../../../riscv-none-embed/lib/rv32imac/ilp32\libg_nano.a(lib_a-nano-vfprintf_i.o)
                                         0x25 (size before relaxing)
 .rodata.__sf_fake_stderr
                0x000000000000bcf4       0x20 e:/software/mounr/mounriver_studio/toolchain/risc-v embedded gcc/bin/../lib/gcc/riscv-none-embed/8.2.0/../../../../riscv-none-embed/lib/rv32imac/ilp32\libg_nano.a(lib_a-findfp.o)
                0x000000000000bcf4                __sf_fake_stderr
 .rodata.__sf_fake_stdin
                0x000000000000bd14       0x20 e:/software/mounr/mounriver_studio/toolchain/risc-v embedded gcc/bin/../lib/gcc/riscv-none-embed/8.2.0/../../../../riscv-none-embed/lib/rv32imac/ilp32\libg_nano.a(lib_a-findfp.o)
                0x000000000000bd14                __sf_fake_stdin
 .rodata.__sf_fake_stdout
                0x000000000000bd34       0x20 e:/software/mounr/mounriver_studio/toolchain/risc-v embedded gcc/bin/../lib/gcc/riscv-none-embed/8.2.0/../../../../riscv-none-embed/lib/rv32imac/ilp32\libg_nano.a(lib_a-findfp.o)
                0x000000000000bd34                __sf_fake_stdout
 .rodata._svfprintf_r.str1.4
                0x000000000000bd54       0x13 e:/software/mounr/mounriver_studio/toolchain/risc-v embedded gcc/bin/../lib/gcc/riscv-none-embed/8.2.0/../../../../riscv-none-embed/lib/rv32imac/ilp32\libg_nano.a(lib_a-nano-svfprintf.o)
 *(.glue_7)
 *(.glue_7t)
 *(.gnu.linkonce.t.*)
                0x000000000000bd68                . = ALIGN (0x4)

.rodata         0x000000000000bd54       0x94
                0x000000000000bd54                . = ALIGN (0x4)
 *(.rdata)
 *(.rodata .rodata.*)
                0x000000000000bd54                . = ALIGN (0x4)
                0x000000000000bd54                __rt_init_start = .
 *(SORT_BY_NAME(.rti_fn*))
 .rti_fn.0      0x000000000000bd54        0x4 ./Libraries/rtthread_libraries/src/components.o
                0x000000000000bd54                __rt_init_rti_start
 .rti_fn.0.end  0x000000000000bd58        0x4 ./Libraries/rtthread_libraries/src/components.o
                0x000000000000bd58                __rt_init_rti_board_start
 .rti_fn.1.end  0x000000000000bd5c        0x4 ./Libraries/rtthread_libraries/src/components.o
                0x000000000000bd5c                __rt_init_rti_board_end
 .rti_fn.6      0x000000000000bd60        0x4 ./Libraries/rtthread_libraries/components/finsh/shell.o
                0x000000000000bd60                __rt_init_finsh_system_init
 .rti_fn.6.end  0x000000000000bd64        0x4 ./Libraries/rtthread_libraries/src/components.o
                0x000000000000bd64                __rt_init_rti_end
                0x000000000000bd68                __rt_init_end = .
                0x000000000000bd68                . = ALIGN (0x4)
                0x000000000000bd68                __fsymtab_start = .
 *(FSymTab)
 FSymTab        0x000000000000bd68        0x8 ./Libraries/rtthread_libraries/src/mem.o
                0x000000000000bd68                __fsym_list_mem
 FSymTab        0x000000000000bd70       0x60 ./Libraries/rtthread_libraries/components/finsh/cmd.o
                0x000000000000bd70                __fsym_list
                0x000000000000bd78                __fsym___cmd_list_timer
                0x000000000000bd80                __fsym_list_timer
                0x000000000000bd88                __fsym___cmd_list_mailbox
                0x000000000000bd90                __fsym_list_mailbox
                0x000000000000bd98                __fsym___cmd_list_sem
                0x000000000000bda0                __fsym_list_sem
                0x000000000000bda8                __fsym___cmd_list_thread
                0x000000000000bdb0                __fsym_list_thread
                0x000000000000bdb8                __fsym___cmd_version
                0x000000000000bdc0                __fsym_version
                0x000000000000bdc8                __fsym_hello
 FSymTab        0x000000000000bdd0       0x18 ./Libraries/rtthread_libraries/components/finsh/msh.o
                0x000000000000bdd0                __fsym___cmd_free
                0x000000000000bdd8                __fsym___cmd_ps
                0x000000000000bde0                __fsym___cmd_help
                0x000000000000bde8                __fsymtab_end = .
                0x000000000000bde8                . = ALIGN (0x4)
                0x000000000000bde8                __vsymtab_start = .
 *(VSymTab)
                0x000000000000bde8                __vsymtab_end = .
 *(.gnu.linkonce.r.*)
                0x000000000000bde8                . = ALIGN (0x8)
 *(.srodata.cst16)
 *(.srodata.cst8)
 *(.srodata.cst4)
 *(.srodata.cst2)
 *(.srodata .srodata.*)

.rela.dyn       0x000000000000bde8        0x0
 .rela.init     0x000000000000bde8        0x0 ./USER/isr.o
 .rela.vector   0x000000000000bde8        0x0 ./USER/isr.o
 .rela.text.handle_reset
                0x000000000000bde8        0x0 ./USER/isr.o
 .rela.text     0x000000000000bde8        0x0 ./USER/isr.o
 .rela.text.finsh_system_init
                0x000000000000bde8        0x0 ./USER/isr.o
 .rela.text.rt_hw_board_init
                0x000000000000bde8        0x0 ./USER/isr.o
 .rela.text._vfprintf_r
                0x000000000000bde8        0x0 ./USER/isr.o
 .rela.text._svfprintf_r
                0x000000000000bde8        0x0 ./USER/isr.o
 .rela.text._sbrk_r
                0x000000000000bde8        0x0 ./USER/isr.o
 .rela.text._kill_r
                0x000000000000bde8        0x0 ./USER/isr.o
 .rela.text._write_r
                0x000000000000bde8        0x0 ./USER/isr.o
 .rela.text._close_r
                0x000000000000bde8        0x0 ./USER/isr.o
 .rela.text._fstat_r
                0x000000000000bde8        0x0 ./USER/isr.o
 .rela.text._isatty_r
                0x000000000000bde8        0x0 ./USER/isr.o
 .rela.text._lseek_r
                0x000000000000bde8        0x0 ./USER/isr.o
 .rela.text._read_r
                0x000000000000bde8        0x0 ./USER/isr.o
 .rela.text._close
                0x000000000000bde8        0x0 ./USER/isr.o
 .rela.text._fstat
                0x000000000000bde8        0x0 ./USER/isr.o
 .rela.text._getpid
                0x000000000000bde8        0x0 ./USER/isr.o
 .rela.text._isatty
                0x000000000000bde8        0x0 ./USER/isr.o
 .rela.text._kill
                0x000000000000bde8        0x0 ./USER/isr.o
 .rela.text._lseek
                0x000000000000bde8        0x0 ./USER/isr.o
 .rela.text._read
                0x000000000000bde8        0x0 ./USER/isr.o
 .rela.text._sbrk
                0x000000000000bde8        0x0 ./USER/isr.o

.fini           0x000000000000bde8        0x0
 *(SORT_NONE(.fini))
                0x000000000000bde8                . = ALIGN (0x4)
                [!provide]                        PROVIDE (_etext = .)
                [!provide]                        PROVIDE (_eitcm = .)

.preinit_array  0x000000000000bde8        0x0
                [!provide]                        PROVIDE (__preinit_array_start = .)
 *(.preinit_array)
                [!provide]                        PROVIDE (__preinit_array_end = .)

.init_array     0x000000000000bde8        0x0
                [!provide]                        PROVIDE (__init_array_start = .)
 *(SORT_BY_INIT_PRIORITY(.init_array.*) SORT_BY_INIT_PRIORITY(.ctors.*))
 *(.init_array EXCLUDE_FILE(*crtend?.o *crtend.o *crtbegin?.o *crtbegin.o) .ctors)
                [!provide]                        PROVIDE (__init_array_end = .)

.fini_array     0x000000000000bde8        0x0
                [!provide]                        PROVIDE (__fini_array_start = .)
 *(SORT_BY_INIT_PRIORITY(.fini_array.*) SORT_BY_INIT_PRIORITY(.dtors.*))
 *(.fini_array EXCLUDE_FILE(*crtend?.o *crtend.o *crtbegin?.o *crtbegin.o) .dtors)
                [!provide]                        PROVIDE (__fini_array_end = .)

.ctors
 *crtbegin.o(.ctors)
 *crtbegin?.o(.ctors)
 *(EXCLUDE_FILE(*crtend?.o *crtend.o) .ctors)
 *(SORT_BY_NAME(.ctors.*))
 *(.ctors)

.dtors
 *crtbegin.o(.dtors)
 *crtbegin?.o(.dtors)
 *(EXCLUDE_FILE(*crtend?.o *crtend.o) .dtors)
 *(SORT_BY_NAME(.dtors.*))
 *(.dtors)

.dalign         0x0000000020000000        0x0 load address 0x000000000000bde8
                0x0000000020000000                . = ALIGN (0x4)
                0x0000000020000000                PROVIDE (_data_vma = .)

.dlalign        0x000000000000bde8        0x0
                0x000000000000bde8                . = ALIGN (0x4)
                0x000000000000bde8                PROVIDE (_data_lma = .)

.data           0x0000000020000000      0x108 load address 0x000000000000bde8
 *(.gnu.linkonce.r.*)
 *(.data .data.*)
 .data.APBAHBPrescTable
                0x0000000020000000       0x10 ./Libraries/wch_libraries/Peripheral/ch32v10x_rcc.o
 .data.rt_object_container
                0x0000000020000010       0x40 ./Libraries/rtthread_libraries/src/object.o
 .data.impure_data
                0x0000000020000050       0x60 e:/software/mounr/mounriver_studio/toolchain/risc-v embedded gcc/bin/../lib/gcc/riscv-none-embed/8.2.0/../../../../riscv-none-embed/lib/rv32imac/ilp32\libg_nano.a(lib_a-impure.o)
 *(.gnu.linkonce.d.*)
                0x00000000200000b0                . = ALIGN (0x8)
                0x00000000200008b0                PROVIDE (__global_pointer$ = (. + 0x800))
 *(.sdata .sdata.*)
 .sdata.ADCPrescTable
                0x00000000200000b0        0x4 ./Libraries/wch_libraries/Peripheral/ch32v10x_rcc.o
 .sdata.key1_status
                0x00000000200000b4        0x1 ./CODE/button.o
                0x00000000200000b4                key1_status
 .sdata.key2_status
                0x00000000200000b5        0x1 ./CODE/button.o
                0x00000000200000b5                key2_status
 .sdata.key3_status
                0x00000000200000b6        0x1 ./CODE/button.o
                0x00000000200000b6                key3_status
 .sdata.key4_status
                0x00000000200000b7        0x1 ./CODE/button.o
                0x00000000200000b7                key4_status
 .sdata.key5_status
                0x00000000200000b8        0x1 ./CODE/button.o
                0x00000000200000b8                key5_status
 *fill*         0x00000000200000b9        0x3 
 .sdata.S_D     0x00000000200000bc        0x4 ./CODE/value.o
                0x00000000200000bc                S_D
 .sdata.S_I     0x00000000200000c0        0x4 ./CODE/value.o
                0x00000000200000c0                S_I
 .sdata.S_P     0x00000000200000c4        0x4 ./CODE/value.o
                0x00000000200000c4                S_P
 .sdata.limit_pwm
                0x00000000200000c8        0x2 ./CODE/value.o
                0x00000000200000c8                limit_pwm
 *fill*         0x00000000200000ca        0x2 
 .sdata.yaw_P   0x00000000200000cc        0x4 ./CODE/value.o
                0x00000000200000cc                yaw_P
 .sdata.yaw_w_D
                0x00000000200000d0        0x4 ./CODE/value.o
                0x00000000200000d0                yaw_w_D
 .sdata.yaw_w_I
                0x00000000200000d4        0x4 ./CODE/value.o
                0x00000000200000d4                yaw_w_I
 .sdata.yaw_w_P
                0x00000000200000d8        0x4 ./CODE/value.o
                0x00000000200000d8                yaw_w_P
 .sdata._impure_ptr
                0x00000000200000dc        0x4 e:/software/mounr/mounriver_studio/toolchain/risc-v embedded gcc/bin/../lib/gcc/riscv-none-embed/8.2.0/../../../../riscv-none-embed/lib/rv32imac/ilp32\libg_nano.a(lib_a-impure.o)
                0x00000000200000dc                _impure_ptr
 *(.sdata2.*)
 .sdata2.SPIN   0x00000000200000e0        0x8 ./Libraries/seekfree_libraries/zf_spi.o
                0x00000000200000e0                SPIN
 .sdata2.__fsym_hello_name
                0x00000000200000e8        0x6 ./Libraries/rtthread_libraries/components/finsh/cmd.o
                0x00000000200000e8                __fsym_hello_name
 *fill*         0x00000000200000ee        0x2 
 .sdata2.__fsym_list_name
                0x00000000200000f0        0x5 ./Libraries/rtthread_libraries/components/finsh/cmd.o
                0x00000000200000f0                __fsym_list_name
 *fill*         0x00000000200000f5        0x3 
 .sdata2.__fsym_version_name
                0x00000000200000f8        0x8 ./Libraries/rtthread_libraries/components/finsh/cmd.o
                0x00000000200000f8                __fsym_version_name
 .sdata2._global_impure_ptr
                0x0000000020000100        0x4 e:/software/mounr/mounriver_studio/toolchain/risc-v embedded gcc/bin/../lib/gcc/riscv-none-embed/8.2.0/../../../../riscv-none-embed/lib/rv32imac/ilp32\libg_nano.a(lib_a-impure.o)
                0x0000000020000100                _global_impure_ptr
 *(.gnu.linkonce.s.*)
                0x0000000020000108                . = ALIGN (0x8)
 *fill*         0x0000000020000104        0x4 
 *(.srodata.cst16)
 *(.srodata.cst8)