Archive member included to satisfy reference by file (symbol)

d:/mounriver/mounriver_studio/toolchain/risc-v embedded gcc/bin/../lib/gcc/riscv-none-embed/8.2.0/rv32imac/ilp32\libgcc.a(adddf3.o)
                              ./CODE/display.o (__adddf3)
d:/mounriver/mounriver_studio/toolchain/risc-v embedded gcc/bin/../lib/gcc/riscv-none-embed/8.2.0/rv32imac/ilp32\libgcc.a(divdf3.o)
                              ./CODE/filter.o (__divdf3)
d:/mounriver/mounriver_studio/toolchain/risc-v embedded gcc/bin/../lib/gcc/riscv-none-embed/8.2.0/rv32imac/ilp32\libgcc.a(eqdf2.o)
                              ./Libraries/seekfree_peripheral/SEEKFREE_PRINTF.o (__nedf2)
d:/mounriver/mounriver_studio/toolchain/risc-v embedded gcc/bin/../lib/gcc/riscv-none-embed/8.2.0/rv32imac/ilp32\libgcc.a(ledf2.o)
                              ./Libraries/seekfree_peripheral/SEEKFREE_18TFT.o (__ltdf2)
d:/mounriver/mounriver_studio/toolchain/risc-v embedded gcc/bin/../lib/gcc/riscv-none-embed/8.2.0/rv32imac/ilp32\libgcc.a(muldf3.o)
                              ./Libraries/seekfree_peripheral/SEEKFREE_PRINTF.o (__muldf3)
d:/mounriver/mounriver_studio/toolchain/risc-v embedded gcc/bin/../lib/gcc/riscv-none-embed/8.2.0/rv32imac/ilp32\libgcc.a(subdf3.o)
                              ./Libraries/seekfree_peripheral/SEEKFREE_PRINTF.o (__subdf3)
d:/mounriver/mounriver_studio/toolchain/risc-v embedded gcc/bin/../lib/gcc/riscv-none-embed/8.2.0/rv32imac/ilp32\libgcc.a(fixdfsi.o)
                              ./Libraries/seekfree_peripheral/SEEKFREE_PRINTF.o (__fixdfsi)
d:/mounriver/mounriver_studio/toolchain/risc-v embedded gcc/bin/../lib/gcc/riscv-none-embed/8.2.0/rv32imac/ilp32\libgcc.a(floatsidf.o)
                              ./Libraries/seekfree_peripheral/SEEKFREE_PRINTF.o (__floatsidf)
d:/mounriver/mounriver_studio/toolchain/risc-v embedded gcc/bin/../lib/gcc/riscv-none-embed/8.2.0/rv32imac/ilp32\libgcc.a(addsf3.o)
                              ./CODE/motor.o (__addsf3)
d:/mounriver/mounriver_studio/toolchain/risc-v embedded gcc/bin/../lib/gcc/riscv-none-embed/8.2.0/rv32imac/ilp32\libgcc.a(gesf2.o)
                              ./CODE/pid.o (__gtsf2)
d:/mounriver/mounriver_studio/toolchain/risc-v embedded gcc/bin/../lib/gcc/riscv-none-embed/8.2.0/rv32imac/ilp32\libgcc.a(lesf2.o)
                              ./CODE/pid.o (__ltsf2)
d:/mounriver/mounriver_studio/toolchain/risc-v embedded gcc/bin/../lib/gcc/riscv-none-embed/8.2.0/rv32imac/ilp32\libgcc.a(mulsf3.o)
                              ./CODE/adc.o (__mulsf3)
d:/mounriver/mounriver_studio/toolchain/risc-v embedded gcc/bin/../lib/gcc/riscv-none-embed/8.2.0/rv32imac/ilp32\libgcc.a(subsf3.o)
                              ./CODE/motor.o (__subsf3)
d:/mounriver/mounriver_studio/toolchain/risc-v embedded gcc/bin/../lib/gcc/riscv-none-embed/8.2.0/rv32imac/ilp32\libgcc.a(fixsfsi.o)
                              ./CODE/adc.o (__fixsfsi)
d:/mounriver/mounriver_studio/toolchain/risc-v embedded gcc/bin/../lib/gcc/riscv-none-embed/8.2.0/rv32imac/ilp32\libgcc.a(floatsisf.o)
                              ./CODE/esp8266.o (__floatsisf)
d:/mounriver/mounriver_studio/toolchain/risc-v embedded gcc/bin/../lib/gcc/riscv-none-embed/8.2.0/rv32imac/ilp32\libgcc.a(floatunsisf.o)
                              ./CODE/adc.o (__floatunsisf)
d:/mounriver/mounriver_studio/toolchain/risc-v embedded gcc/bin/../lib/gcc/riscv-none-embed/8.2.0/rv32imac/ilp32\libgcc.a(extendsfdf2.o)
                              ./CODE/display.o (__extendsfdf2)
d:/mounriver/mounriver_studio/toolchain/risc-v embedded gcc/bin/../lib/gcc/riscv-none-embed/8.2.0/rv32imac/ilp32\libgcc.a(truncdfsf2.o)
                              ./CODE/display.o (__truncdfsf2)
d:/mounriver/mounriver_studio/toolchain/risc-v embedded gcc/bin/../lib/gcc/riscv-none-embed/8.2.0/rv32imac/ilp32\libgcc.a(_clzsi2.o)
                              d:/mounriver/mounriver_studio/toolchain/risc-v embedded gcc/bin/../lib/gcc/riscv-none-embed/8.2.0/rv32imac/ilp32\libgcc.a(adddf3.o) (__clzsi2)
d:/mounriver/mounriver_studio/toolchain/risc-v embedded gcc/bin/../lib/gcc/riscv-none-embed/8.2.0/rv32imac/ilp32\libgcc.a(_clz.o)
                              d:/mounriver/mounriver_studio/toolchain/risc-v embedded gcc/bin/../lib/gcc/riscv-none-embed/8.2.0/rv32imac/ilp32\libgcc.a(_clzsi2.o) (__clz_tab)
d:/mounriver/mounriver_studio/toolchain/risc-v embedded gcc/bin/../lib/gcc/riscv-none-embed/8.2.0/../../../../riscv-none-embed/lib/rv32imac/ilp32\libg_nano.a(lib_a-assert.o)
                              ./Libraries/seekfree_peripheral/SEEKFREE_18TFT.o (__assert_func)
d:/mounriver/mounriver_studio/toolchain/risc-v embedded gcc/bin/../lib/gcc/riscv-none-embed/8.2.0/../../../../riscv-none-embed/lib/rv32imac/ilp32\libg_nano.a(lib_a-fprintf.o)
                              d:/mounriver/mounriver_studio/toolchain/risc-v embedded gcc/bin/../lib/gcc/riscv-none-embed/8.2.0/../../../../riscv-none-embed/lib/rv32imac/ilp32\libg_nano.a(lib_a-assert.o) (fiprintf)
[...]
Memory Configuration

Name             Origin             Length             Attributes
FLASH            0x0000000000000000 0x0000000000010000 xr
RAM              0x0000000020000000 0x0000000000005000 xrw
*default*        0x0000000000000000 0xffffffffffffffff

Linker script and memory map

LOAD ./USER/isr.o
LOAD ./USER/main.o
LOAD ./Libraries/wch_libraries/Startup/startup_ch32v10x.o
LOAD ./Libraries/wch_libraries/Peripheral/ch32v10x_adc.o
LOAD ./Libraries/wch_libraries/Peripheral/ch32v10x_bkp.o
LOAD ./Libraries/wch_libraries/Peripheral/ch32v10x_crc.o
LOAD ./Libraries/wch_libraries/Peripheral/ch32v10x_dbgmcu.o
LOAD ./Libraries/wch_libraries/Peripheral/ch32v10x_dma.o
LOAD ./Libraries/wch_libraries/Peripheral/ch32v10x_exti.o
LOAD ./Libraries/wch_libraries/Peripheral/ch32v10x_flash.o
LOAD ./Libraries/wch_libraries/Peripheral/ch32v10x_gpio.o
LOAD ./Libraries/wch_libraries/Peripheral/ch32v10x_i2c.o
LOAD ./Libraries/wch_libraries/Peripheral/ch32v10x_iwdg.o
LOAD ./Libraries/wch_libraries/Peripheral/ch32v10x_misc.o
LOAD ./Libraries/wch_libraries/Peripheral/ch32v10x_pwr.o
LOAD ./Libraries/wch_libraries/Peripheral/ch32v10x_rcc.o
LOAD ./Libraries/wch_libraries/Peripheral/ch32v10x_rtc.o
LOAD ./Libraries/wch_libraries/Peripheral/ch32v10x_spi.o
LOAD ./Libraries/wch_libraries/Peripheral/ch32v10x_tim.o
LOAD ./Libraries/wch_libraries/Peripheral/ch32v10x_usart.o
LOAD ./Libraries/wch_libraries/Peripheral/ch32v10x_usb.o
LOAD ./Libraries/wch_libraries/Peripheral/ch32v10x_usb_host.o
LOAD ./Libraries/wch_libraries/Peripheral/ch32v10x_wwdg.o
LOAD ./Libraries/wch_libraries/Core/core_riscv.o
LOAD ./Libraries/seekfree_peripheral/SEEKFREE_18TFT.o
LOAD ./Libraries/seekfree_peripheral/SEEKFREE_ABSOLUTE_ENCODER.o
LOAD ./Libraries/seekfree_peripheral/SEEKFREE_FONT.o
LOAD ./Libraries/seekfree_peripheral/SEEKFREE_ICM20602.o
LOAD ./Libraries/seekfree_peripheral/SEEKFREE_IIC.o
LOAD ./Libraries/seekfree_peripheral/SEEKFREE_IPS114_SPI.o
LOAD ./Libraries/seekfree_peripheral/SEEKFREE_MPU6050.o
LOAD ./Libraries/seekfree_peripheral/SEEKFREE_OLED.o
LOAD ./Libraries/seekfree_peripheral/SEEKFREE_PRINTF.o
LOAD ./Libraries/seekfree_peripheral/SEEKFREE_TSL1401.o
LOAD ./Libraries/seekfree_peripheral/SEEKFREE_UART_7725.o
LOAD ./Libraries/seekfree_peripheral/SEEKFREE_VIRSCO.o
LOAD ./Libraries/seekfree_peripheral/SEEKFREE_WIRELESS.o
LOAD ./Libraries/seekfree_libraries/common.o
LOAD ./Libraries/seekfree_libraries/misc.o
LOAD ./Libraries/seekfree_libraries/zf_adc.o
LOAD ./Libraries/seekfree_libraries/zf_camera.o
LOAD ./Libraries/seekfree_libraries/zf_flash.o
LOAD ./Libraries/seekfree_libraries/zf_gpio.o
LOAD ./Libraries/seekfree_libraries/zf_nvic.o
LOAD ./Libraries/seekfree_libraries/zf_pit.o
LOAD ./Libraries/seekfree_libraries/zf_pwm.o
LOAD ./Libraries/seekfree_libraries/zf_qtimer.o
LOAD ./Libraries/seekfree_libraries/zf_spi.o
LOAD ./Libraries/seekfree_libraries/zf_systick.o
LOAD ./Libraries/seekfree_libraries/zf_uart.o
LOAD ./Libraries/rtthread_libraries/src/clock.o
LOAD ./Libraries/rtthread_libraries/src/components.o
LOAD ./Libraries/rtthread_libraries/src/cpu.o
LOAD ./Libraries/rtthread_libraries/src/idle.o
LOAD ./Libraries/rtthread_libraries/src/ipc.o
LOAD ./Libraries/rtthread_libraries/src/irq.o
LOAD ./Libraries/rtthread_libraries/src/kservice.o
LOAD ./Libraries/rtthread_libraries/src/mem.o
LOAD ./Libraries/rtthread_libraries/src/memheap.o
LOAD ./Libraries/rtthread_libraries/src/mempool.o
LOAD ./Libraries/rtthread_libraries/src/object.o
LOAD ./Libraries/rtthread_libraries/src/scheduler.o
LOAD ./Libraries/rtthread_libraries/src/slab.o
LOAD ./Libraries/rtthread_libraries/src/thread.o
LOAD ./Libraries/rtthread_libraries/src/timer.o
LOAD ./Libraries/rtthread_libraries/libcpu/context_gcc.o
LOAD ./Libraries/rtthread_libraries/libcpu/cpuport.o
LOAD ./Libraries/rtthread_libraries/libcpu/interrupt_gcc.o
LOAD ./Libraries/rtthread_libraries/components/finsh/cmd.o
LOAD ./Libraries/rtthread_libraries/components/finsh/msh.o
LOAD ./Libraries/rtthread_libraries/components/finsh/shell.o
LOAD ./Libraries/board/board.o
LOAD ./Libraries/board/clock_config.o
LOAD ./CODE/adc.o
LOAD ./CODE/button.o
LOAD ./CODE/communication.o
LOAD ./CODE/display.o
LOAD ./CODE/encoder.o
LOAD ./CODE/esp8266.o
LOAD ./CODE/filter.o
LOAD ./CODE/motor.o
LOAD ./CODE/pid.o
LOAD ./CODE/timer_pit.o
LOAD ./CODE/value.o
LOAD d:/mounriver/mounriver_studio/toolchain/risc-v embedded gcc/bin/../lib/gcc/riscv-none-embed/8.2.0/../../../../riscv-none-embed/lib/rv32imac/ilp32\libm.a
LOAD d:/mounriver/mounriver_studio/toolchain/risc-v embedded gcc/bin/../lib/gcc/riscv-none-embed/8.2.0/rv32imac/ilp32\libgcc.a
LOAD d:/mounriver/mounriver_studio/toolchain/risc-v embedded gcc/bin/../lib/gcc/riscv-none-embed/8.2.0/../../../../riscv-none-embed/lib/rv32imac/ilp32\libg_nano.a
LOAD d:/mounriver/mounriver_studio/toolchain/risc-v embedded gcc/bin/../lib/gcc/riscv-none-embed/8.2.0/../../../../riscv-none-embed/lib/rv32imac/ilp32\libc_nano.a
LOAD d:/mounriver/mounriver_studio/toolchain/risc-v embedded gcc/bin/../lib/gcc/riscv-none-embed/8.2.0/rv32imac/ilp32\libgcc.a
START GROUP
LOAD d:/mounriver/mounriver_studio/toolchain/risc-v embedded gcc/bin/../lib/gcc/riscv-none-embed/8.2.0/rv32imac/ilp32\libgcc.a
LOAD d:/mounriver/mounriver_studio/toolchain/risc-v embedded gcc/bin/../lib/gcc/riscv-none-embed/8.2.0/../../../../riscv-none-embed/lib/rv32imac/ilp32\libc_nano.a
LOAD d:/mounriver/mounriver_studio/toolchain/risc-v embedded gcc/bin/../lib/gcc/riscv-none-embed/8.2.0/../../../../riscv-none-embed/lib/rv32imac/ilp32\libnosys.a
END GROUP
START GROUP
LOAD d:/mounriver/mounriver_studio/toolchain/risc-v embedded gcc/bin/../lib/gcc/riscv-none-embed/8.2.0/rv32imac/ilp32\libgcc.a
LOAD d:/mounriver/mounriver_studio/toolchain/risc-v embedded gcc/bin/../lib/gcc/riscv-none-embed/8.2.0/../../../../riscv-none-embed/lib/rv32imac/ilp32\libc_nano.a
LOAD d:/mounriver/mounriver_studio/toolchain/risc-v embedded gcc/bin/../lib/gcc/riscv-none-embed/8.2.0/../../../../riscv-none-embed/lib/rv32imac/ilp32\libnosys.a
END GROUP
                0x0000000000000100                __stack_size = 0x100
                [!provide]                        PROVIDE (_stack_size = __stack_size)

.init           0x0000000000000000       0x38
                0x0000000000000000                _sinit = .
                0x0000000000000000                . = ALIGN (0x4)
 *(SORT_NONE(.init))
 .init          0x0000000000000000       0x38 ./Libraries/wch_libraries/Startup/startup_ch32v10x.o
                0x0000000000000000                _start
                0x0000000000000038                . = ALIGN (0x4)
                0x0000000000000038                _einit = .

.vector         0x0000000000000038      0x108
 *(.vector)
 .vector        0x0000000000000038       0xf0 ./Libraries/wch_libraries/Startup/startup_ch32v10x.o
                0x0000000000000140                . = ALIGN (0x40)
 *fill*         0x0000000000000128       0x18 

.text           0x0000000000000140     0xcbac
                0x0000000000000140                . = ALIGN (0x4)
 *(.text)
 .text          0x0000000000000140       0xce ./Libraries/rtthread_libraries/libcpu/context_gcc.o
                0x0000000000000140                rt_hw_interrupt_disable
                0x0000000000000146                rt_hw_interrupt_enable
                0x000000000000014c                rt_hw_context_switch_to
                0x0000000000000160                SW_handler
                0x00000000000001c0                rt_hw_context_switch_exit
 .text          0x000000000000020e       0xa8 d:/mounriver/mounriver_studio/toolchain/risc-v embedded gcc/bin/../lib/gcc/riscv-none-embed/8.2.0/../../../../riscv-none-embed/lib/rv32imac/ilp32\libg_nano.a(lib_a-memset.o)
                0x000000000000020e                memset
 .text          0x00000000000002b6      0x11e d:/mounriver/mounriver_studio/toolchain/risc-v embedded gcc/bin/../lib/gcc/riscv-none-embed/8.2.0/../../../../riscv-none-embed/lib/rv32imac/ilp32\libg_nano.a(lib_a-strcmp.o)
                0x00000000000002b6                strcmp
 *(.text.*)
 .text.EXTI0_IRQHandler
                0x00000000000003d4       0x64 ./USER/isr.o
                0x00000000000003d4                EXTI0_IRQHandler
 .text.EXTI1_IRQHandler
                0x0000000000000438       0x64 ./USER/isr.o
                0x0000000000000438                EXTI1_IRQHandler
 .text.EXTI2_IRQHandler
                0x000000000000049c       0x92 ./USER/isr.o
                0x000000000000049c                EXTI2_IRQHandler
 .text.EXTI3_IRQHandler
                0x000000000000052e       0x64 ./USER/isr.o
                0x000000000000052e                EXTI3_IRQHandler
 .text.EXTI4_IRQHandler
                0x0000000000000592       0x64 ./USER/isr.o
                0x0000000000000592                EXTI4_IRQHandler
 .text.EXTI9_5_IRQHandler
                0x00000000000005f6       0xc6 ./USER/isr.o
                0x00000000000005f6                EXTI9_5_IRQHandler
 .text.EXTI15_10_IRQHandler
                0x00000000000006bc       0xd2 ./USER/isr.o
                0x00000000000006bc                EXTI15_10_IRQHandler
 .text.ADC1_2_IRQHandler
                0x000000000000078e       0x50 ./USER/isr.o
                0x000000000000078e                ADC1_2_IRQHandler
 .text.TIM1_BRK_IRQHandler
                0x00000000000007de       0x74 ./USER/isr.o
                0x00000000000007de                TIM1_BRK_IRQHandler
 .text.TIM1_UP_IRQHandler
                0x0000000000000852       0x70 ./USER/isr.o
                0x0000000000000852                TIM1_UP_IRQHandler
 .text.TIM1_TRG_COM_IRQHandler
                0x00000000000008c2       0x98 ./USER/isr.o
                0x00000000000008c2                TIM1_TRG_COM_IRQHandler
 .text.TIM1_CC_IRQHandler
                0x000000000000095a       0xd0 ./USER/isr.o
                0x000000000000095a                TIM1_CC_IRQHandler
 .text.TIM2_IRQHandler
                0x0000000000000a2a       0x2a ./USER/isr.o
                0x0000000000000a2a                TIM2_IRQHandler
 .text.TIM3_IRQHandler
                0x0000000000000a54       0x70 ./USER/isr.o
                0x0000000000000a54                TIM3_IRQHandler
 .text.TIM4_IRQHandler
                0x0000000000000ac4       0x70 ./USER/isr.o
                0x0000000000000ac4                TIM4_IRQHandler
 .text.USART2_IRQHandler
                0x0000000000000b34       0xbc ./USER/isr.o
                0x0000000000000b34                USART2_IRQHandler
 .text.USART3_IRQHandler
                0x0000000000000bf0       0x88 ./USER/isr.o
                0x0000000000000bf0                USART3_IRQHandler
 .text.DMA1_Channel4_IRQHandler
                0x0000000000000c78       0x60 ./USER/isr.o
                0x0000000000000c78                DMA1_Channel4_IRQHandler
 .text.NMI_Handler
                0x0000000000000cd8       0x50 ./USER/isr.o
                0x0000000000000cd8                NMI_Handler
 .text.HardFault_Handler
                0x0000000000000d28       0x28 ./USER/isr.o
                0x0000000000000d28                HardFault_Handler
 .text.WWDG_IRQHandler
                0x0000000000000d50       0x50 ./USER/isr.o
                0x0000000000000d50                WWDG_IRQHandler
 .text.TAMPER_IRQHandler
                0x0000000000000da0       0x12 ./USER/isr.o
                0x0000000000000da0                TAMPER_IRQHandler
 .text.RTC_IRQHandler
                0x0000000000000db2       0x12 ./USER/isr.o
                0x0000000000000db2                RTC_IRQHandler
 .text.FLASH_IRQHandler
                0x0000000000000dc4       0x12 ./USER/isr.o
                0x0000000000000dc4                FLASH_IRQHandler
 .text.RCC_IRQHandler
                0x0000000000000dd6       0x12 ./USER/isr.o
                0x0000000000000dd6                RCC_IRQHandler
 .text.DMA1_Channel1_IRQHandler
                0x0000000000000de8       0x50 ./USER/isr.o
                0x0000000000000de8                DMA1_Channel1_IRQHandler
 .text.DMA1_Channel2_IRQHandler
                0x0000000000000e38       0x50 ./USER/isr.o
                0x0000000000000e38                DMA1_Channel2_IRQHandler
 .text.DMA1_Channel3_IRQHandler
                0x0000000000000e88       0x50 ./USER/isr.o
                0x0000000000000e88                DMA1_Channel3_IRQHandler
 .text.DMA1_Channel5_IRQHandler
                0x0000000000000ed8       0x50 ./USER/isr.o
                0x0000000000000ed8                DMA1_Channel5_IRQHandler
 .text.DMA1_Channel6_IRQHandler
                0x0000000000000f28       0x50 ./USER/isr.o
                0x0000000000000f28                DMA1_Channel6_IRQHandler
 .text.DMA1_Channel7_IRQHandler
                0x0000000000000f78       0x50 ./USER/isr.o
                0x0000000000000f78                DMA1_Channel7_IRQHandler
 .text.main     0x0000000000000fc8      0x102 ./USER/main.o
                0x0000000000000fc8                main
 .text.handle_reset
                0x00000000000010ca       0x86 ./Libraries/wch_libraries/Startup/startup_ch32v10x.o
                0x00000000000010ca                handle_reset
 .text.ADC_DeInit
                0x0000000000001150       0x28 ./Libraries/wch_libraries/Peripheral/ch32v10x_adc.o
                0x0000000000001150                ADC_DeInit
 .text.ADC_Init
                0x0000000000001178       0x50 ./Libraries/wch_libraries/Peripheral/ch32v10x_adc.o
                0x0000000000001178                ADC_Init
 .text.ADC_Cmd  0x00000000000011c8       0x14 ./Libraries/wch_libraries/Peripheral/ch32v10x_adc.o
                0x00000000000011c8                ADC_Cmd
 .text.ADC_ResetCalibration
                0x00000000000011dc        0xa ./Libraries/wch_libraries/Peripheral/ch32v10x_adc.o
                0x00000000000011dc                ADC_ResetCalibration
 .text.ADC_GetResetCalibrationStatus
                0x00000000000011e6        0x8 ./Libraries/wch_libraries/Peripheral/ch32v10x_adc.o
                0x00000000000011e6                ADC_GetResetCalibrationStatus
 .text.ADC_StartCalibration
                0x00000000000011ee        0xa ./Libraries/wch_libraries/Peripheral/ch32v10x_adc.o
                0x00000000000011ee                ADC_StartCalibration
 .text.ADC_GetCalibrationStatus
                0x00000000000011f8        0x8 ./Libraries/wch_libraries/Peripheral/ch32v10x_adc.o
                0x00000000000011f8                ADC_GetCalibrationStatus
 .text.ADC_RegularChannelConfig
                0x0000000000001200       0xba ./Libraries/wch_libraries/Peripheral/ch32v10x_adc.o
                0x0000000000001200                ADC_RegularChannelConfig
 .text.DMA_GetFlagStatus
                0x00000000000012ba       0x20 ./Libraries/wch_libraries/Peripheral/ch32v10x_dma.o
                0x00000000000012ba                DMA_GetFlagStatus
 .text.DMA_ClearFlag
                0x00000000000012da       0x1a ./Libraries/wch_libraries/Peripheral/ch32v10x_dma.o
                0x00000000000012da                DMA_ClearFlag
 .text.EXTI_Init
                0x00000000000012f4       0xa2 ./Libraries/wch_libraries/Peripheral/ch32v10x_exti.o
                0x00000000000012f4                EXTI_Init
 .text.EXTI_GetITStatus
                0x0000000000001396       0x1c ./Libraries/wch_libraries/Peripheral/ch32v10x_exti.o
                0x0000000000001396                EXTI_GetITStatus
 .text.EXTI_ClearITPendingBit
                0x00000000000013b2        0xa ./Libraries/wch_libraries/Peripheral/ch32v10x_exti.o
                0x00000000000013b2                EXTI_ClearITPendingBit
 .text.GPIO_Init
                0x00000000000013bc       0xca ./Libraries/wch_libraries/Peripheral/ch32v10x_gpio.o
                0x00000000000013bc                GPIO_Init
 .text.GPIO_WriteBit
                0x0000000000001486        0xa ./Libraries/wch_libraries/Peripheral/ch32v10x_gpio.o
                0x0000000000001486                GPIO_WriteBit
 .text.GPIO_PinRemapConfig
                0x0000000000001490       0x9a ./Libraries/wch_libraries/Peripheral/ch32v10x_gpio.o
                0x0000000000001490                GPIO_PinRemapConfig
 .text.GPIO_EXTILineConfig
                0x000000000000152a       0x2c ./Libraries/wch_libraries/Peripheral/ch32v10x_gpio.o
                0x000000000000152a                GPIO_EXTILineConfig
 .text.NVIC_Init
                0x0000000000001556       0xae ./Libraries/wch_libraries/Peripheral/ch32v10x_misc.o
                0x0000000000001556                NVIC_Init
 .text.RCC_ADCCLKConfig
                0x0000000000001604       0x12 ./Libraries/wch_libraries/Peripheral/ch32v10x_rcc.o
                0x0000000000001604                RCC_ADCCLKConfig
 .text.RCC_GetClocksFreq
                0x0000000000001616       0xf2 ./Libraries/wch_libraries/Peripheral/ch32v10x_rcc.o
                0x0000000000001616                RCC_GetClocksFreq
 .text.RCC_APB2PeriphClockCmd
                0x0000000000001708       0x1e ./Libraries/wch_libraries/Peripheral/ch32v10x_rcc.o
                0x0000000000001708                RCC_APB2PeriphClockCmd
 .text.RCC_APB1PeriphClockCmd
                0x0000000000001726       0x1e ./Libraries/wch_libraries/Peripheral/ch32v10x_rcc.o
                0x0000000000001726                RCC_APB1PeriphClockCmd
 .text.RCC_APB2PeriphResetCmd
                0x0000000000001744       0x1e ./Libraries/wch_libraries/Peripheral/ch32v10x_rcc.o
                0x0000000000001744                RCC_APB2PeriphResetCmd
 .text.SPI_Init
                0x0000000000001762       0x5a ./Libraries/wch_libraries/Peripheral/ch32v10x_spi.o
                0x0000000000001762                SPI_Init
 .text.SPI_Cmd  0x00000000000017bc       0x26 ./Libraries/wch_libraries/Peripheral/ch32v10x_spi.o
                0x00000000000017bc                SPI_Cmd
 .text.TIM_TimeBaseInit
                0x00000000000017e2       0xb6 ./Libraries/wch_libraries/Peripheral/ch32v10x_tim.o
                0x00000000000017e2                TIM_TimeBaseInit
 .text.TIM_OC1Init
                0x0000000000001898       0x8a ./Libraries/wch_libraries/Peripheral/ch32v10x_tim.o
                0x0000000000001898                TIM_OC1Init
 .text.TIM_OC2Init
                0x0000000000001922       0xb2 ./Libraries/wch_libraries/Peripheral/ch32v10x_tim.o
                0x0000000000001922                TIM_OC2Init
 .text.TIM_OC3Init
                0x00000000000019d4       0xb0 ./Libraries/wch_libraries/Peripheral/ch32v10x_tim.o
                0x00000000000019d4                TIM_OC3Init
 .text.TIM_OC4Init
                0x0000000000001a84       0x84 ./Libraries/wch_libraries/Peripheral/ch32v10x_tim.o
                0x0000000000001a84                TIM_OC4Init
 .text.TIM_TimeBaseStructInit
                0x0000000000001b08       0x18 ./Libraries/wch_libraries/Peripheral/ch32v10x_tim.o
                0x0000000000001b08                TIM_TimeBaseStructInit
 .text.TIM_Cmd  0x0000000000001b20       0x24 ./Libraries/wch_libraries/Peripheral/ch32v10x_tim.o
                0x0000000000001b20                TIM_Cmd
 .text.TIM_CtrlPWMOutputs
                0x0000000000001b44       0x1e ./Libraries/wch_libraries/Peripheral/ch32v10x_tim.o
                0x0000000000001b44                TIM_CtrlPWMOutputs
 .text.TIM_EncoderInterfaceConfig
                0x0000000000001b62       0x46 ./Libraries/wch_libraries/Peripheral/ch32v10x_tim.o
                0x0000000000001b62                TIM_EncoderInterfaceConfig
 .text.TIM_OC1PreloadConfig
                0x0000000000001ba8       0x12 ./Libraries/wch_libraries/Peripheral/ch32v10x_tim.o
                0x0000000000001ba8                TIM_OC1PreloadConfig
 .text.TIM_OC2PreloadConfig
                0x0000000000001bba       0x1a ./Libraries/wch_libraries/Peripheral/ch32v10x_tim.o
                0x0000000000001bba                TIM_OC2PreloadConfig
 .text.TIM_OC3PreloadConfig
                0x0000000000001bd4       0x12 ./Libraries/wch_libraries/Peripheral/ch32v10x_tim.o
                0x0000000000001bd4                TIM_OC3PreloadConfig
 .text.TIM_OC4PreloadConfig
                0x0000000000001be6       0x1a ./Libraries/wch_libraries/Peripheral/ch32v10x_tim.o
                0x0000000000001be6                TIM_OC4PreloadConfig
 .text.TIM_OC1FastConfig
                0x0000000000001c00       0x12 ./Libraries/wch_libraries/Peripheral/ch32v10x_tim.o
                0x0000000000001c00                TIM_OC1FastConfig
 .text.TIM_OC2FastConfig
                0x0000000000001c12       0x1a ./Libraries/wch_libraries/Peripheral/ch32v10x_tim.o
                0x0000000000001c12                TIM_OC2FastConfig
 .text.TIM_OC3FastConfig
                0x0000000000001c2c       0x12 ./Libraries/wch_libraries/Peripheral/ch32v10x_tim.o
                0x0000000000001c2c                TIM_OC3FastConfig
 .text.TIM_OC4FastConfig
                0x0000000000001c3e       0x1a ./Libraries/wch_libraries/Peripheral/ch32v10x_tim.o
                0x0000000000001c3e                TIM_OC4FastConfig
 .text.TIM_GetITStatus
                0x0000000000001c58       0x1c ./Libraries/wch_libraries/Peripheral/ch32v10x_tim.o
                0x0000000000001c58                TIM_GetITStatus
 .text.TIM_ClearITPendingBit
                0x0000000000001c74        0xe ./Libraries/wch_libraries/Peripheral/ch32v10x_tim.o
                0x0000000000001c74                TIM_ClearITPendingBit
 .text.USART_Init
                0x0000000000001c82       0xf8 ./Libraries/wch_libraries/Peripheral/ch32v10x_usart.o
                0x0000000000001c82                USART_Init
 .text.USART_Cmd
                0x0000000000001d7a       0x20 ./Libraries/wch_libraries/Peripheral/ch32v10x_usart.o
                0x0000000000001d7a                USART_Cmd
 .text.USART_ITConfig
                0x0000000000001d9a       0x3c ./Libraries/wch_libraries/Peripheral/ch32v10x_usart.o
                0x0000000000001d9a                USART_ITConfig
 .text.USART_SendData
                0x0000000000001dd6        0xa ./Libraries/wch_libraries/Peripheral/ch32v10x_usart.o
                0x0000000000001dd6                USART_SendData
 .text.USART_ReceiveData
                0x0000000000001de0        0xa ./Libraries/wch_libraries/Peripheral/ch32v10x_usart.o
                0x0000000000001de0                USART_ReceiveData
 .text.USART_GetFlagStatus
                0x0000000000001dea        0xc ./Libraries/wch_libraries/Peripheral/ch32v10x_usart.o
                0x0000000000001dea                USART_GetFlagStatus
 .text.USART_GetITStatus
                0x0000000000001df6       0x4c ./Libraries/wch_libraries/Peripheral/ch32v10x_usart.o
                0x0000000000001df6                USART_GetITStatus
 .text.USART_ClearITPendingBit
                0x0000000000001e42       0x16 ./Libraries/wch_libraries/Peripheral/ch32v10x_usart.o
                0x0000000000001e42                USART_ClearITPendingBit
 .text.icm_spi_w_reg_byte
                0x0000000000001e58       0x36 ./Libraries/seekfree_peripheral/SEEKFREE_ICM20602.o
                0x0000000000001e58                icm_spi_w_reg_byte
 .text.icm_spi_r_reg_byte
                0x0000000000001e8e       0x4c ./Libraries/seekfree_peripheral/SEEKFREE_ICM20602.o
                0x0000000000001e8e                icm_spi_r_reg_byte
 .text.icm_spi_r_reg_bytes
                0x0000000000001eda       0x2e ./Libraries/seekfree_peripheral/SEEKFREE_ICM20602.o
                0x0000000000001eda                icm_spi_r_reg_bytes
 .text.icm20602_self3_check
                0x0000000000001f08       0x2e ./Libraries/seekfree_peripheral/SEEKFREE_ICM20602.o
                0x0000000000001f08                icm20602_self3_check
 .text.icm20602_init_spi
                0x0000000000001f36       0x92 ./Libraries/seekfree_peripheral/SEEKFREE_ICM20602.o
                0x0000000000001f36                icm20602_init_spi
 .text.get_icm20602_gyro_spi
                0x0000000000001fc8       0x48 ./Libraries/seekfree_peripheral/SEEKFREE_ICM20602.o
                0x0000000000001fc8                get_icm20602_gyro_spi
 .text.ips114_writeIndex
                0x0000000000002010       0x34 ./Libraries/seekfree_peripheral/SEEKFREE_IPS114_SPI.o
                0x0000000000002010                ips114_writeIndex
 .text.ips114_writeData
                0x0000000000002044       0x34 ./Libraries/seekfree_peripheral/SEEKFREE_IPS114_SPI.o
                0x0000000000002044                ips114_writeData
 .text.ips114_writedata_16bit
                0x0000000000002078       0x3a ./Libraries/seekfree_peripheral/SEEKFREE_IPS114_SPI.o
                0x0000000000002078                ips114_writedata_16bit
 .text.ips114_set_region
                0x00000000000020b2       0x5c ./Libraries/seekfree_peripheral/SEEKFREE_IPS114_SPI.o
                0x00000000000020b2                ips114_set_region
 .text.ips114_clear
                0x000000000000210e       0x50 ./Libraries/seekfree_peripheral/SEEKFREE_IPS114_SPI.o
                0x000000000000210e                ips114_clear
 .text.ips114_init
                0x000000000000215e      0x1ce ./Libraries/seekfree_peripheral/SEEKFREE_IPS114_SPI.o
                0x000000000000215e                ips114_init
 .text.ips114_showchar
                0x000000000000232c       0x9c ./Libraries/seekfree_peripheral/SEEKFREE_IPS114_SPI.o
                0x000000000000232c                ips114_showchar
 .text.ips114_showcharBlack
                0x00000000000023c8       0xa0 ./Libraries/seekfree_peripheral/SEEKFREE_IPS114_SPI.o
                0x00000000000023c8                ips114_showcharBlack
 .text.ips114_showcharGRAY
                0x0000000000002468       0xaa ./Libraries/seekfree_peripheral/SEEKFREE_IPS114_SPI.o
                0x0000000000002468                ips114_showcharGRAY
 .text.ips114_showstr
                0x0000000000002512       0x4c ./Libraries/seekfree_peripheral/SEEKFREE_IPS114_SPI.o
                0x0000000000002512                ips114_showstr
 .text.ips114_showstrBlack
                0x000000000000255e       0x4c ./Libraries/seekfree_peripheral/SEEKFREE_IPS114_SPI.o
                0x000000000000255e                ips114_showstrBlack
 .text.ips114_showstrGRAY
                0x00000000000025aa       0x4c ./Libraries/seekfree_peripheral/SEEKFREE_IPS114_SPI.o
                0x00000000000025aa                ips114_showstrGRAY
 .text.adc_gpio_init
                0x00000000000025f6      0x132 ./Libraries/seekfree_libraries/zf_adc.o
                0x00000000000025f6                adc_gpio_init
 .text.adc_init
                0x0000000000002728       0xa0 ./Libraries/seekfree_libraries/zf_adc.o
                0x0000000000002728                adc_init
 .text.adc_convert
                0x00000000000027c8       0x52 ./Libraries/seekfree_libraries/zf_adc.o
                0x00000000000027c8                adc_convert
 .text.gpio_init
                0x000000000000281a      0x112 ./Libraries/seekfree_libraries/zf_gpio.o
                0x000000000000281a                gpio_init
 .text.gpio_set
                0x000000000000292c       0x3a ./Libraries/seekfree_libraries/zf_gpio.o
                0x000000000000292c                gpio_set
 .text.gpio_get
                0x0000000000002966       0x22 ./Libraries/seekfree_libraries/zf_gpio.o
                0x0000000000002966                gpio_get
 .text.gpio_interrupt_init
                0x0000000000002988       0x52 ./Libraries/seekfree_libraries/zf_gpio.o
                0x0000000000002988                gpio_interrupt_init
 .text.close_all_irq
                0x00000000000029da       0x10 ./Libraries/seekfree_libraries/zf_nvic.o
                0x00000000000029da                close_all_irq
 .text.nvic_init
                0x00000000000029ea       0x50 ./Libraries/seekfree_libraries/zf_nvic.o
                0x00000000000029ea                nvic_init
 .text.pwm_gpio_init
                0x0000000000002a3a      0x29a ./Libraries/seekfree_libraries/zf_pwm.o
                0x0000000000002a3a                pwm_gpio_init
 .text.pwm_init
                0x0000000000002cd4      0x206 ./Libraries/seekfree_libraries/zf_pwm.o
                0x0000000000002cd4                pwm_init
 .text.pwm_duty
                0x0000000000002eda       0x90 ./Libraries/seekfree_libraries/zf_pwm.o
                0x0000000000002eda                pwm_duty
 .text.timer_gpio_quad_init
                0x0000000000002f6a      0x130 ./Libraries/seekfree_libraries/zf_qtimer.o
                0x0000000000002f6a                timer_gpio_quad_init
 .text.timer_quad_init
                0x000000000000309a      0x106 ./Libraries/seekfree_libraries/zf_qtimer.o
                0x000000000000309a                timer_quad_init
 .text.timer_quad_get
                0x00000000000031a0       0x16 ./Libraries/seekfree_libraries/zf_qtimer.o
                0x00000000000031a0                timer_quad_get
 .text.timer_quad_clear
                0x00000000000031b6       0x12 ./Libraries/seekfree_libraries/zf_qtimer.o
                0x00000000000031b6                timer_quad_clear
 .text.spi_gpio_init
                0x00000000000031c8      0x15c ./Libraries/seekfree_libraries/zf_spi.o
                0x00000000000031c8                spi_gpio_init
 .text.spi_init
                0x0000000000003324       0xfc ./Libraries/seekfree_libraries/zf_spi.o
                0x0000000000003324                spi_init
 .text.spi_mosi
                0x0000000000003420       0x3a ./Libraries/seekfree_libraries/zf_spi.o
                0x0000000000003420                spi_mosi
 .text.systick_delay2
                0x000000000000345a        0xe ./Libraries/seekfree_libraries/zf_systick.o
                0x000000000000345a                systick_delay2
 .text.uart_gpio_init
                0x0000000000003468       0xc6 ./Libraries/seekfree_libraries/zf_uart.o
                0x0000000000003468                uart_gpio_init
 .text.uart_init
                0x000000000000352e       0xca ./Libraries/seekfree_libraries/zf_uart.o
                0x000000000000352e                uart_init
 .text.uart_putchar
                0x00000000000035f8       0x20 ./Libraries/seekfree_libraries/zf_uart.o
                0x00000000000035f8                uart_putchar
 .text.uart_putbuff
                0x0000000000003618       0x32 ./Libraries/seekfree_libraries/zf_uart.o
                0x0000000000003618                uart_putbuff
 .text.uart_putstr
                0x000000000000364a       0x2a ./Libraries/seekfree_libraries/zf_uart.o
                0x000000000000364a                uart_putstr
 .text.uart_rx_irq
                0x0000000000003674       0x3c ./Libraries/seekfree_libraries/zf_uart.o
                0x0000000000003674                uart_rx_irq
 .text.uart_getchar
                0x00000000000036b0       0x20 ./Libraries/seekfree_libraries/zf_uart.o
                0x00000000000036b0                uart_getchar
 .text.rt_tick_get
                0x00000000000036d0        0x6 ./Libraries/rtthread_libraries/src/clock.o
                0x00000000000036d0                rt_tick_get
 .text.rt_tick_increase
                0x00000000000036d6       0x2e ./Libraries/rtthread_libraries/src/clock.o
                0x00000000000036d6                rt_tick_increase
 .text.rt_tick_from_millisecond
                0x0000000000003704       0x28 ./Libraries/rtthread_libraries/src/clock.o
                0x0000000000003704                rt_tick_from_millisecond
 .text.rti_start
                0x000000000000372c        0x4 ./Libraries/rtthread_libraries/src/components.o
 .text.rti_board_start
                0x0000000000003730        0x4 ./Libraries/rtthread_libraries/src/components.o
 .text.rti_board_end
                0x0000000000003734        0x4 ./Libraries/rtthread_libraries/src/components.o
 .text.rti_end  0x0000000000003738        0x4 ./Libraries/rtthread_libraries/src/components.o
 .text.rt_components_board_init
                0x000000000000373c       0x46 ./Libraries/rtthread_libraries/src/components.o
                0x000000000000373c                rt_components_board_init
 .text.rt_components_init
                0x0000000000003782       0x46 ./Libraries/rtthread_libraries/src/components.o
                0x0000000000003782                rt_components_init
 .text.main_thread_entry
                0x00000000000037c8       0x12 ./Libraries/rtthread_libraries/src/components.o
                0x00000000000037c8                main_thread_entry
 .text.rt_application_init
                0x00000000000037da       0x2c ./Libraries/rtthread_libraries/src/components.o
                0x00000000000037da                rt_application_init
 .text.rtthread_startup
                0x0000000000003806       0x2e ./Libraries/rtthread_libraries/src/components.o
                0x0000000000003806                rtthread_startup
 .text.entry    0x0000000000003834       0x10 ./Libraries/rtthread_libraries/src/components.o
                0x0000000000003834                entry
 .text.rt_thread_idle_excute
                0x0000000000003844       0xa8 ./Libraries/rtthread_libraries/src/idle.o
                0x0000000000003844                rt_thread_idle_excute
 .text.rt_thread_idle_entry
                0x00000000000038ec        0xa ./Libraries/rtthread_libraries/src/idle.o
 .text.rt_thread_idle_init
                0x00000000000038f6       0x3e ./Libraries/rtthread_libraries/src/idle.o
                0x00000000000038f6                rt_thread_idle_init
 .text.rt_sem_init
                0x0000000000003934       0x36 ./Libraries/rtthread_libraries/src/ipc.o
                0x0000000000003934                rt_sem_init
 .text.rt_sem_create
                0x000000000000396a       0x30 ./Libraries/rtthread_libraries/src/ipc.o
                0x000000000000396a                rt_sem_create
 .text.rt_sem_take
                0x000000000000399a       0xea ./Libraries/rtthread_libraries/src/ipc.o
                0x000000000000399a                rt_sem_take
 .text.rt_sem_release
                0x0000000000003a84       0x48 ./Libraries/rtthread_libraries/src/ipc.o
                0x0000000000003a84                rt_sem_release
 .text.rt_mb_create
                0x0000000000003acc       0x66 ./Libraries/rtthread_libraries/src/ipc.o
                0x0000000000003acc                rt_mb_create
 .text.rt_mb_send_wait
                0x0000000000003b32      0x1a4 ./Libraries/rtthread_libraries/src/ipc.o
                0x0000000000003b32                rt_mb_send_wait
 .text.rt_mb_send
                0x0000000000003cd6       0x10 ./Libraries/rtthread_libraries/src/ipc.o
                0x0000000000003cd6                rt_mb_send
 .text.rt_mb_recv
                0x0000000000003ce6      0x1a2 ./Libraries/rtthread_libraries/src/ipc.o
                0x0000000000003ce6                rt_mb_recv
 .text.rt_interrupt_enter
                0x0000000000003e88       0x24 ./Libraries/rtthread_libraries/src/irq.o
                0x0000000000003e88                rt_interrupt_enter
 .text.rt_interrupt_leave
                0x0000000000003eac       0x24 ./Libraries/rtthread_libraries/src/irq.o
                0x0000000000003eac                rt_interrupt_leave
 .text.print_number
                0x0000000000003ed0      0x1b6 ./Libraries/rtthread_libraries/src/kservice.o
 .text.rt_memset
                0x0000000000004086       0x8e ./Libraries/rtthread_libraries/src/kservice.o
                0x0000000000004086                rt_memset
 .text.rt_memmove
                0x0000000000004114       0x40 ./Libraries/rtthread_libraries/src/kservice.o
                0x0000000000004114                rt_memmove
 .text.rt_strncpy
                0x0000000000004154       0x30 ./Libraries/rtthread_libraries/src/kservice.o
                0x0000000000004154                rt_strncpy
 .text.rt_strlen
                0x0000000000004184       0x1a ./Libraries/rtthread_libraries/src/kservice.o
                0x0000000000004184                rt_strlen
 .text.rt_vsnprintf
                0x000000000000419e      0x3ce ./Libraries/rtthread_libraries/src/kservice.o
                0x000000000000419e                rt_vsnprintf
 .text.rt_vsprintf
                0x000000000000456c       0x14 ./Libraries/rtthread_libraries/src/kservice.o
                0x000000000000456c                rt_vsprintf
 .text.rt_sprintf
                0x0000000000004580       0x1e ./Libraries/rtthread_libraries/src/kservice.o
                0x0000000000004580                rt_sprintf
 .text.rt_kprintf
                0x000000000000459e       0x36 ./Libraries/rtthread_libraries/src/kservice.o
                0x000000000000459e                rt_kprintf
 .text.rt_show_version
                0x00000000000045d4       0x48 ./Libraries/rtthread_libraries/src/kservice.o
                0x00000000000045d4                rt_show_version
 .text.__rt_ffs
                0x000000000000461c       0x68 ./Libraries/rtthread_libraries/src/kservice.o
                0x000000000000461c                __rt_ffs
 .text.plug_holes
                0x0000000000004684       0x60 ./Libraries/rtthread_libraries/src/mem.o
 .text.list_mem
                0x00000000000046e4       0x3a ./Libraries/rtthread_libraries/src/mem.o
                0x00000000000046e4                list_mem
 .text.rt_system_heap_init
                0x000000000000471e       0x8c ./Libraries/rtthread_libraries/src/mem.o
                0x000000000000471e                rt_system_heap_init
 .text.rt_malloc
                0x00000000000047aa      0x130 ./Libraries/rtthread_libraries/src/mem.o
                0x00000000000047aa                rt_malloc
 .text.rt_calloc
                0x00000000000048da       0x2a ./Libraries/rtthread_libraries/src/mem.o
                0x00000000000048da                rt_calloc
 .text.rt_free  0x0000000000004904       0xac ./Libraries/rtthread_libraries/src/mem.o
                0x0000000000004904                rt_free
 .text.rt_object_get_information
                0x00000000000049b0       0x54 ./Libraries/rtthread_libraries/src/object.o
                0x00000000000049b0                rt_object_get_information
 .text.rt_object_init
                0x0000000000004a04       0x72 ./Libraries/rtthread_libraries/src/object.o
                0x0000000000004a04                rt_object_init
 .text.rt_object_detach
                0x0000000000004a76       0x2e ./Libraries/rtthread_libraries/src/object.o
                0x0000000000004a76                rt_object_detach
 .text.rt_object_allocate
                0x0000000000004aa4       0x64 ./Libraries/rtthread_libraries/src/object.o
                0x0000000000004aa4                rt_object_allocate
 .text.rt_object_delete
                0x0000000000004b08       0x34 ./Libraries/rtthread_libraries/src/object.o
                0x0000000000004b08                rt_object_delete
 .text.rt_object_is_systemobject
                0x0000000000004b3c        0x8 ./Libraries/rtthread_libraries/src/object.o
                0x0000000000004b3c                rt_object_is_systemobject
 .text.rt_system_scheduler_init
                0x0000000000004b44       0x2e ./Libraries/rtthread_libraries/src/scheduler.o
                0x0000000000004b44                rt_system_scheduler_init
 .text.rt_system_scheduler_start
                0x0000000000004b72       0x2e ./Libraries/rtthread_libraries/src/scheduler.o
                0x0000000000004b72                rt_system_scheduler_start
 .text.rt_schedule
                0x0000000000004ba0       0x70 ./Libraries/rtthread_libraries/src/scheduler.o
                0x0000000000004ba0                rt_schedule
 .text.rt_schedule_insert_thread
                0x0000000000004c10       0x50 ./Libraries/rtthread_libraries/src/scheduler.o
                0x0000000000004c10                rt_schedule_insert_thread
 .text.rt_schedule_remove_thread
                0x0000000000004c60       0x50 ./Libraries/rtthread_libraries/src/scheduler.o
                0x0000000000004c60                rt_schedule_remove_thread
 .text.rt_enter_critical
                0x0000000000004cb0       0x20 ./Libraries/rtthread_libraries/src/scheduler.o
                0x0000000000004cb0                rt_enter_critical
 .text.rt_exit_critical
                0x0000000000004cd0       0x3c ./Libraries/rtthread_libraries/src/scheduler.o
                0x0000000000004cd0                rt_exit_critical
 .text.rt_thread_exit
                0x0000000000004d0c       0x66 ./Libraries/rtthread_libraries/src/thread.o
                0x0000000000004d0c                rt_thread_exit
 .text.rt_thread_timeout
                0x0000000000004d72       0x28 ./Libraries/rtthread_libraries/src/thread.o
                0x0000000000004d72                rt_thread_timeout
 .text.rt_thread_init
                0x0000000000004d9a       0xb0 ./Libraries/rtthread_libraries/src/thread.o
                0x0000000000004d9a                rt_thread_init
 .text.rt_thread_self
                0x0000000000004e4a        0x6 ./Libraries/rtthread_libraries/src/thread.o
                0x0000000000004e4a                rt_thread_self
 .text.rt_thread_create
                0x0000000000004e50       0xc0 ./Libraries/rtthread_libraries/src/thread.o
                0x0000000000004e50                rt_thread_create
 .text.rt_thread_yield
                0x0000000000004f10       0x5c ./Libraries/rtthread_libraries/src/thread.o
                0x0000000000004f10                rt_thread_yield
 .text.rt_thread_suspend
                0x0000000000004f6c       0x4c ./Libraries/rtthread_libraries/src/thread.o
                0x0000000000004f6c                rt_thread_suspend
 .text.rt_thread_sleep
                0x0000000000004fb8       0x52 ./Libraries/rtthread_libraries/src/thread.o
                0x0000000000004fb8                rt_thread_sleep
 .text.rt_thread_mdelay
                0x000000000000500a       0x12 ./Libraries/rtthread_libraries/src/thread.o
                0x000000000000500a                rt_thread_mdelay
 .text.rt_thread_resume
                0x000000000000501c       0x50 ./Libraries/rtthread_libraries/src/thread.o
                0x000000000000501c                rt_thread_resume
 .text.rt_thread_startup
                0x000000000000506c       0x30 ./Libraries/rtthread_libraries/src/thread.o
                0x000000000000506c                rt_thread_startup
 .text.rt_timer_init
                0x000000000000509c       0x4e ./Libraries/rtthread_libraries/src/timer.o
                0x000000000000509c                rt_timer_init
 .text.rt_timer_detach
                0x00000000000050ea       0x32 ./Libraries/rtthread_libraries/src/timer.o
                0x00000000000050ea                rt_timer_detach
 .text.rt_timer_create
                0x000000000000511c       0x48 ./Libraries/rtthread_libraries/src/timer.o
                0x000000000000511c                rt_timer_create
 .text.rt_timer_start
                0x0000000000005164       0x9c ./Libraries/rtthread_libraries/src/timer.o
                0x0000000000005164                rt_timer_start
 .text.rt_timer_stop
                0x0000000000005200       0x42 ./Libraries/rtthread_libraries/src/timer.o
                0x0000000000005200                rt_timer_stop
 .text.rt_timer_control
                0x0000000000005242       0x40 ./Libraries/rtthread_libraries/src/timer.o
                0x0000000000005242                rt_timer_control
 .text.rt_timer_check
                0x0000000000005282       0x90 ./Libraries/rtthread_libraries/src/timer.o
                0x0000000000005282                rt_timer_check
 .text.rt_system_timer_init
                0x0000000000005312        0xa ./Libraries/rtthread_libraries/src/timer.o
                0x0000000000005312                rt_system_timer_init
 .text.rt_system_timer_thread_init
                0x000000000000531c        0x2 ./Libraries/rtthread_libraries/src/timer.o
                0x000000000000531c                rt_system_timer_thread_init
 .text.rt_hw_stack_init
                0x000000000000531e       0x34 ./Libraries/rtthread_libraries/libcpu/cpuport.o
                0x000000000000531e                rt_hw_stack_init
 .text.rt_hw_taskswitch
                0x0000000000005352        0x6 ./Libraries/rtthread_libraries/libcpu/cpuport.o
                0x0000000000005352                rt_hw_taskswitch
 .text.rt_hw_context_switch
                0x0000000000005358       0x14 ./Libraries/rtthread_libraries/libcpu/cpuport.o
                0x0000000000005358                rt_hw_context_switch
 .text.rt_hw_context_switch_interrupt
                0x000000000000536c       0x20 ./Libraries/rtthread_libraries/libcpu/cpuport.o
                0x000000000000536c                rt_hw_context_switch_interrupt
 .text.hello    0x000000000000538c       0x18 ./Libraries/rtthread_libraries/components/finsh/cmd.o
                0x000000000000538c                hello
 .text.show_wait_queue
                0x00000000000053a4       0x4c ./Libraries/rtthread_libraries/components/finsh/cmd.o
 .text.version  0x00000000000053f0       0x10 ./Libraries/rtthread_libraries/components/finsh/cmd.o
                0x00000000000053f0                version
 .text.list_get_next
                0x0000000000005400       0x88 ./Libraries/rtthread_libraries/components/finsh/cmd.o
 .text.list_thread
                0x0000000000005488      0x1b0 ./Libraries/rtthread_libraries/components/finsh/cmd.o
                0x0000000000005488                list_thread
 .text.list     0x0000000000005638       0x68 ./Libraries/rtthread_libraries/components/finsh/cmd.o
                0x0000000000005638                list
 .text.list_timer
                0x00000000000056a0      0x10e ./Libraries/rtthread_libraries/components/finsh/cmd.o
                0x00000000000056a0                list_timer
 .text.list_mailbox
                0x00000000000057ae      0x128 ./Libraries/rtthread_libraries/components/finsh/cmd.o
                0x00000000000057ae                list_mailbox
 .text.list_sem
                0x00000000000058d6      0x120 ./Libraries/rtthread_libraries/components/finsh/cmd.o
                0x00000000000058d6                list_sem
 .text.msh_help
                0x00000000000059f6       0x76 ./Libraries/rtthread_libraries/components/finsh/msh.o
                0x00000000000059f6                msh_help
 .text.cmd_ps   0x0000000000005a6c       0x10 ./Libraries/rtthread_libraries/components/finsh/msh.o
                0x0000000000005a6c                cmd_ps
 .text.cmd_free
                0x0000000000005a7c       0x10 ./Libraries/rtthread_libraries/components/finsh/msh.o
                0x0000000000005a7c                cmd_free
 .text.msh_is_used
                0x0000000000005a8c        0x4 ./Libraries/rtthread_libraries/components/finsh/msh.o
                0x0000000000005a8c                msh_is_used
 .text.msh_exec
                0x0000000000005a90      0x220 ./Libraries/rtthread_libraries/components/finsh/msh.o
                0x0000000000005a90                msh_exec
 .text.msh_auto_complete
                0x0000000000005cb0       0xf0 ./Libraries/rtthread_libraries/components/finsh/msh.o
                0x0000000000005cb0                msh_auto_complete
 .text.finsh_system_init
                0x0000000000005da0       0xaa ./Libraries/rtthread_libraries/components/finsh/shell.o
                0x0000000000005da0                finsh_system_init
 .text.finsh_get_prompt
                0x0000000000005e4a       0x8c ./Libraries/rtthread_libraries/components/finsh/shell.o
                0x0000000000005e4a                finsh_get_prompt
 .text.finsh_thread_entry
                0x0000000000005ed6      0x330 ./Libraries/rtthread_libraries/components/finsh/shell.o
                0x0000000000005ed6                finsh_thread_entry
 .text.rt_heap_begin_get
                0x0000000000006206        0xa ./Libraries/board/board.o
                0x0000000000006206                rt_heap_begin_get
 .text.rt_heap_end_get
                0x0000000000006210        0xa ./Libraries/board/board.o
                0x0000000000006210                rt_heap_end_get
 .text.SysTick_Handler
                0x000000000000621a       0x78 ./Libraries/board/board.o
                0x000000000000621a                SysTick_Handler
 .text.board_init
                0x0000000000006292       0x46 ./Libraries/board/board.o
                0x0000000000006292                board_init
 .text.rt_hw_board_init
                0x00000000000062d8       0xcc ./Libraries/board/board.o
                0x00000000000062d8                rt_hw_board_init
 .text._write   0x00000000000063a4       0x4e ./Libraries/board/board.o
                0x00000000000063a4                _write
 .text.rt_hw_console_output
                0x00000000000063f2       0x40 ./Libraries/board/board.o
                0x00000000000063f2                rt_hw_console_output
 .text.rt_hw_console_getchar
                0x0000000000006432       0x1a ./Libraries/board/board.o
                0x0000000000006432                rt_hw_console_getchar
 .text.USART1_IRQHandler
                0x000000000000644c       0x7a ./Libraries/board/board.o
                0x000000000000644c                USART1_IRQHandler
 .text.SystemInit
                0x00000000000064c6      0x118 ./Libraries/board/clock_config.o
                0x00000000000064c6                SystemInit
 .text.getAdc   0x00000000000065de       0xd4 ./CODE/adc.o
                0x00000000000065de                getAdc
 .text.button_entry
                0x00000000000066b2      0x12c ./CODE/button.o
                0x00000000000066b2                button_entry
 .text.button_init
                0x00000000000067de       0x8e ./CODE/button.o
                0x00000000000067de                button_init
 .text.get_slave_data
                0x000000000000686c       0x74 ./CODE/communication.o
                0x000000000000686c                get_slave_data
 .text.data_analysis
                0x00000000000068e0       0xc0 ./CODE/communication.o
                0x00000000000068e0                data_analysis
 .text.send_to_cam
                0x00000000000069a0       0x38 ./CODE/communication.o
                0x00000000000069a0                send_to_cam
 .text.roundIslandAnalyze
                0x00000000000069d8       0x78 ./CODE/communication.o
                0x00000000000069d8                roundIslandAnalyze
 .text.transfetFunction
                0x0000000000006a50      0x2a2 ./CODE/display.o
                0x0000000000006a50                transfetFunction
 .text.assignValue
                0x0000000000006cf2      0x432 ./CODE/display.o
                0x0000000000006cf2                assignValue
 .text.disaplayMenu
                0x0000000000007124      0x1b2 ./CODE/display.o
                0x0000000000007124                disaplayMenu
 .text.display_entry
                0x00000000000072d6       0x2c ./CODE/display.o
                0x00000000000072d6                display_entry
 .text.display_init
                0x0000000000007302       0x38 ./CODE/display.o
                0x0000000000007302                display_init
 .text.clearError
                0x000000000000733a       0x5c ./CODE/encoder.o
                0x000000000000733a                clearError
 .text.encoder_init
                0x0000000000007396       0x1e ./CODE/encoder.o
                0x0000000000007396                encoder_init
 .text.encoder_get
                0x00000000000073b4       0x76 ./CODE/encoder.o
                0x00000000000073b4                encoder_get
 .text.ESP8266_Clear
                0x000000000000742a       0x20 ./CODE/esp8266.o
                0x000000000000742a                ESP8266_Clear
 .text.Esp_Init
                0x000000000000744a       0x56 ./CODE/esp8266.o
                0x000000000000744a                Esp_Init
 .text.recevePidData
                0x00000000000074a0       0x94 ./CODE/esp8266.o
                0x00000000000074a0                recevePidData
 .text.Tcp_Decode
                0x0000000000007534      0x4ec ./CODE/esp8266.o
                0x0000000000007534                Tcp_Decode
 .text.esp8266Entry
                0x0000000000007a20       0x44 ./CODE/esp8266.o
                0x0000000000007a20                esp8266Entry
 .text.esp8266Init
                0x0000000000007a64       0x48 ./CODE/esp8266.o
                0x0000000000007a64                esp8266Init
 .text.ICM_newValues
                0x0000000000007aac       0x44 ./CODE/filter.o
                0x0000000000007aac                ICM_newValues
 .text.AngleZ_Get
                0x0000000000007af0       0x3e ./CODE/filter.o
                0x0000000000007af0                AngleZ_Get
 .text.motor_init
                0x0000000000007b2e       0x88 ./CODE/motor.o
                0x0000000000007b2e                motor_init
 .text.motor1_ctl
                0x0000000000007bb6       0x40 ./CODE/motor.o
                0x0000000000007bb6                motor1_ctl
 .text.motor2_ctl
                0x0000000000007bf6       0x40 ./CODE/motor.o
                0x0000000000007bf6                motor2_ctl
 .text.motor3_ctl
                0x0000000000007c36       0x40 ./CODE/motor.o
                0x0000000000007c36                motor3_ctl
 .text.motor4_ctl
                0x0000000000007c76       0x40 ./CODE/motor.o
                0x0000000000007c76                motor4_ctl
 .text.speed_conversion
                0x0000000000007cb6       0x6c ./CODE/motor.o
                0x0000000000007cb6                speed_conversion
 .text.conversion_speed
                0x0000000000007d22       0x4a ./CODE/motor.o
                0x0000000000007d22                conversion_speed
 .text.motor_conversion
                0x0000000000007d6c      0x270 ./CODE/motor.o
                0x0000000000007d6c                motor_conversion
 .text.PID_Init
                0x0000000000007fdc       0xe4 ./CODE/pid.o
                0x0000000000007fdc                PID_Init
 .text.PID_Speed
                0x00000000000080c0       0xbc ./CODE/pid.o
                0x00000000000080c0                PID_Speed
 .text.PID_Angle
                0x000000000000817c       0xba ./CODE/pid.o
                0x000000000000817c                PID_Angle
 .text.PID_Loc  0x0000000000008236       0x62 ./CODE/pid.o
                0x0000000000008236                PID_Loc
 .text.timer1_pitAdc_entry
                0x0000000000008298        0xe ./CODE/timer_pit.o
                0x0000000000008298                timer1_pitAdc_entry
 .text.timer_pitAdc_init
                0x00000000000082a6       0x36 ./CODE/timer_pit.o
                0x00000000000082a6                timer_pitAdc_init
 .text.__adddf3
                0x00000000000082dc      0x730 d:/mounriver/mounriver_studio/toolchain/risc-v embedded gcc/bin/../lib/gcc/riscv-none-embed/8.2.0/rv32imac/ilp32\libgcc.a(adddf3.o)
                0x00000000000082dc                __adddf3
 .text.__divdf3
                0x0000000000008a0c      0x5b4 d:/mounriver/mounriver_studio/toolchain/risc-v embedded gcc/bin/../lib/gcc/riscv-none-embed/8.2.0/rv32imac/ilp32\libgcc.a(divdf3.o)
                0x0000000000008a0c                __divdf3
 .text.__muldf3
                0x0000000000008fc0      0x4b8 d:/mounriver/mounriver_studio/toolchain/risc-v embedded gcc/bin/../lib/gcc/riscv-none-embed/8.2.0/rv32imac/ilp32\libgcc.a(muldf3.o)
                0x0000000000008fc0                __muldf3
 .text.__fixdfsi
                0x0000000000009478       0x68 d:/mounriver/mounriver_studio/toolchain/risc-v embedded gcc/bin/../lib/gcc/riscv-none-embed/8.2.0/rv32imac/ilp32\libgcc.a(fixdfsi.o)
                0x0000000000009478                __fixdfsi
 .text.__floatsidf
                0x00000000000094e0       0x72 d:/mounriver/mounriver_studio/toolchain/risc-v embedded gcc/bin/../lib/gcc/riscv-none-embed/8.2.0/rv32imac/ilp32\libgcc.a(floatsidf.o)
                0x00000000000094e0                __floatsidf
 .text.__addsf3
                0x0000000000009552      0x36a d:/mounriver/mounriver_studio/toolchain/risc-v embedded gcc/bin/../lib/gcc/riscv-none-embed/8.2.0/rv32imac/ilp32\libgcc.a(addsf3.o)
                0x0000000000009552                __addsf3
 .text.__gesf2  0x00000000000098bc       0x86 d:/mounriver/mounriver_studio/toolchain/risc-v embedded gcc/bin/../lib/gcc/riscv-none-embed/8.2.0/rv32imac/ilp32\libgcc.a(gesf2.o)
                0x00000000000098bc                __gesf2
                0x00000000000098bc                __gtsf2
 .text.__lesf2  0x0000000000009942       0x8c d:/mounriver/mounriver_studio/toolchain/risc-v embedded gcc/bin/../lib/gcc/riscv-none-embed/8.2.0/rv32imac/ilp32\libgcc.a(lesf2.o)
                0x0000000000009942                __ltsf2
                0x0000000000009942                __lesf2
 .text.__mulsf3
                0x00000000000099ce      0x294 d:/mounriver/mounriver_studio/toolchain/risc-v embedded gcc/bin/../lib/gcc/riscv-none-embed/8.2.0/rv32imac/ilp32\libgcc.a(mulsf3.o)
                0x00000000000099ce                __mulsf3
 .text.__subsf3
                0x0000000000009c62      0x388 d:/mounriver/mounriver_studio/toolchain/risc-v embedded gcc/bin/../lib/gcc/riscv-none-embed/8.2.0/rv32imac/ilp32\libgcc.a(subsf3.o)
                0x0000000000009c62                __subsf3
 .text.__fixsfsi
                0x0000000000009fea       0x62 d:/mounriver/mounriver_studio/toolchain/risc-v embedded gcc/bin/../lib/gcc/riscv-none-embed/8.2.0/rv32imac/ilp32\libgcc.a(fixsfsi.o)
                0x0000000000009fea                __fixsfsi
 .text.__floatsisf
                0x000000000000a04c       0xc6 d:/mounriver/mounriver_studio/toolchain/risc-v embedded gcc/bin/../lib/gcc/riscv-none-embed/8.2.0/rv32imac/ilp32\libgcc.a(floatsisf.o)
                0x000000000000a04c                __floatsisf
 .text.__floatunsisf
                0x000000000000a112       0xce d:/mounriver/mounriver_studio/toolchain/risc-v embedded gcc/bin/../lib/gcc/riscv-none-embed/8.2.0/rv32imac/ilp32\libgcc.a(floatunsisf.o)
                0x000000000000a112                __floatunsisf
 .text.__extendsfdf2
                0x000000000000a1e0       0xac d:/mounriver/mounriver_studio/toolchain/risc-v embedded gcc/bin/../lib/gcc/riscv-none-embed/8.2.0/rv32imac/ilp32\libgcc.a(extendsfdf2.o)
                0x000000000000a1e0                __extendsfdf2
 .text.__truncdfsf2
                0x000000000000a28c      0x16a d:/mounriver/mounriver_studio/toolchain/risc-v embedded gcc/bin/../lib/gcc/riscv-none-embed/8.2.0/rv32imac/ilp32\libgcc.a(truncdfsf2.o)
                0x000000000000a28c                __truncdfsf2
 .text.__clzsi2
                0x000000000000a3f6       0x76 d:/mounriver/mounriver_studio/toolchain/risc-v embedded gcc/bin/../lib/gcc/riscv-none-embed/8.2.0/rv32imac/ilp32\libgcc.a(_clzsi2.o)
                0x000000000000a3f6                __clzsi2
 .text.__assert_func
                0x000000000000a46c       0x3a d:/mounriver/mounriver_studio/toolchain/risc-v embedded gcc/bin/../lib/gcc/riscv-none-embed/8.2.0/../../../../riscv-none-embed/lib/rv32imac/ilp32\libg_nano.a(lib_a-assert.o)
                0x000000000000a46c                __assert_func
 .text.fprintf  0x000000000000a4a6       0x26 d:/mounriver/mounriver_studio/toolchain/risc-v embedded gcc/bin/../lib/gcc/riscv-none-embed/8.2.0/../../../../riscv-none-embed/lib/rv32imac/ilp32\libg_nano.a(lib_a-fprintf.o)
                0x000000000000a4a6                fiprintf
                0x000000000000a4a6                fprintf
 .text.memcpy   0x000000000000a4cc       0xb6 d:/mounriver/mounriver_studio/toolchain/risc-v embedded gcc/bin/../lib/gcc/riscv-none-embed/8.2.0/../../../../riscv-none-embed/lib/rv32imac/ilp32\libg_nano.a(lib_a-memcpy.o)
                0x000000000000a4cc                memcpy
 .text.__sfputc_r
                0x000000000000a582       0x28 d:/mounriver/mounriver_studio/toolchain/risc-v embedded gcc/bin/../lib/gcc/riscv-none-embed/8.2.0/../../../../riscv-none-embed/lib/rv32imac/ilp32\libg_nano.a(lib_a-nano-vfprintf.o)
 .text.__sfputs_r
                0x000000000000a5aa       0x44 d:/mounriver/mounriver_studio/toolchain/risc-v embedded gcc/bin/../lib/gcc/riscv-none-embed/8.2.0/../../../../riscv-none-embed/lib/rv32imac/ilp32\libg_nano.a(lib_a-nano-vfprintf.o)
                0x000000000000a5aa                __sfputs_r
 .text._vfprintf_r
                0x000000000000a5ee      0x2a0 d:/mounriver/mounriver_studio/toolchain/risc-v embedded gcc/bin/../lib/gcc/riscv-none-embed/8.2.0/../../../../riscv-none-embed/lib/rv32imac/ilp32\libg_nano.a(lib_a-nano-vfprintf.o)
                0x000000000000a5ee                _vfprintf_r
                0x000000000000a5ee                _vfiprintf_r
 .text._printf_common
                0x000000000000a88e      0x10c d:/mounriver/mounriver_studio/toolchain/risc-v embedded gcc/bin/../lib/gcc/riscv-none-embed/8.2.0/../../../../riscv-none-embed/lib/rv32imac/ilp32\libg_nano.a(lib_a-nano-vfprintf_i.o)
                0x000000000000a88e                _printf_common
 .text._printf_i
                0x000000000000a99a      0x2a6 d:/mounriver/mounriver_studio/toolchain/risc-v embedded gcc/bin/../lib/gcc/riscv-none-embed/8.2.0/../../../../riscv-none-embed/lib/rv32imac/ilp32\libg_nano.a(lib_a-nano-vfprintf_i.o)
                0x000000000000a99a                _printf_i
 .text.strlen   0x000000000000ac40       0x12 d:/mounriver/mounriver_studio/toolchain/risc-v embedded gcc/bin/../lib/gcc/riscv-none-embed/8.2.0/../../../../riscv-none-embed/lib/rv32imac/ilp32\libg_nano.a(lib_a-strlen.o)
                0x000000000000ac40                strlen
 .text.strncmp  0x000000000000ac52       0x2c d:/mounriver/mounriver_studio/toolchain/risc-v embedded gcc/bin/../lib/gcc/riscv-none-embed/8.2.0/../../../../riscv-none-embed/lib/rv32imac/ilp32\libg_nano.a(lib_a-strncmp.o)
                0x000000000000ac52                strncmp
 .text.strncpy  0x000000000000ac7e       0x24 d:/mounriver/mounriver_studio/toolchain/risc-v embedded gcc/bin/../lib/gcc/riscv-none-embed/8.2.0/../../../../riscv-none-embed/lib/rv32imac/ilp32\libg_nano.a(lib_a-strncpy.o)
                0x000000000000ac7e                strncpy
 .text.__swbuf_r
                0x000000000000aca2       0xc0 d:/mounriver/mounriver_studio/toolchain/risc-v embedded gcc/bin/../lib/gcc/riscv-none-embed/8.2.0/../../../../riscv-none-embed/lib/rv32imac/ilp32\libg_nano.a(lib_a-wbuf.o)
                0x000000000000aca2                __swbuf_r
 .text.__swsetup_r
                0x000000000000ad62      0x10c d:/mounriver/mounriver_studio/toolchain/risc-v embedded gcc/bin/../lib/gcc/riscv-none-embed/8.2.0/../../../../riscv-none-embed/lib/rv32imac/ilp32\libg_nano.a(lib_a-wsetup.o)
                0x000000000000ad62                __swsetup_r
 .text.abort    0x000000000000ae6e        0xe d:/mounriver/mounriver_studio/toolchain/risc-v embedded gcc/bin/../lib/gcc/riscv-none-embed/8.2.0/../../../../riscv-none-embed/lib/rv32imac/ilp32\libg_nano.a(lib_a-abort.o)
                0x000000000000ae6e                abort
 .text.__sflush_r
                0x000000000000ae7c      0x13c d:/mounriver/mounriver_studio/toolchain/risc-v embedded gcc/bin/../lib/gcc/riscv-none-embed/8.2.0/../../../../riscv-none-embed/lib/rv32imac/ilp32\libg_nano.a(lib_a-fflush.o)
                0x000000000000ae7c                __sflush_r
 .text._fflush_r
                0x000000000000afb8       0x66 d:/mounriver/mounriver_studio/toolchain/risc-v embedded gcc/bin/../lib/gcc/riscv-none-embed/8.2.0/../../../../riscv-none-embed/lib/rv32imac/ilp32\libg_nano.a(lib_a-fflush.o)
                0x000000000000afb8                _fflush_r
 .text.std      0x000000000000b01e       0x6a d:/mounriver/mounriver_studio/toolchain/risc-v embedded gcc/bin/../lib/gcc/riscv-none-embed/8.2.0/../../../../riscv-none-embed/lib/rv32imac/ilp32\libg_nano.a(lib_a-findfp.o)
 .text._cleanup_r
                0x000000000000b088        0xa d:/mounriver/mounriver_studio/toolchain/risc-v embedded gcc/bin/../lib/gcc/riscv-none-embed/8.2.0/../../../../riscv-none-embed/lib/rv32imac/ilp32\libg_nano.a(lib_a-findfp.o)
                0x000000000000b088                _cleanup_r
 .text.__sfmoreglue
                0x000000000000b092       0x46 d:/mounriver/mounriver_studio/toolchain/risc-v embedded gcc/bin/../lib/gcc/riscv-none-embed/8.2.0/../../../../riscv-none-embed/lib/rv32imac/ilp32\libg_nano.a(lib_a-findfp.o)
                0x000000000000b092                __sfmoreglue
 .text.__sinit  0x000000000000b0d8       0x6c d:/mounriver/mounriver_studio/toolchain/risc-v embedded gcc/bin/../lib/gcc/riscv-none-embed/8.2.0/../../../../riscv-none-embed/lib/rv32imac/ilp32\libg_nano.a(lib_a-findfp.o)
                0x000000000000b0d8                __sinit
 .text.__sfp    0x000000000000b144       0xa0 d:/mounriver/mounriver_studio/toolchain/risc-v embedded gcc/bin/../lib/gcc/riscv-none-embed/8.2.0/../../../../riscv-none-embed/lib/rv32imac/ilp32\libg_nano.a(lib_a-findfp.o)
                0x000000000000b144                __sfp
 .text._fwalk_reent
                0x000000000000b1e4       0x6c d:/mounriver/mounriver_studio/toolchain/risc-v embedded gcc/bin/../lib/gcc/riscv-none-embed/8.2.0/../../../../riscv-none-embed/lib/rv32imac/ilp32\libg_nano.a(lib_a-fwalk.o)
                0x000000000000b1e4                _fwalk_reent
 .text.__swhatbuf_r
                0x000000000000b250       0x58 d:/mounriver/mounriver_studio/toolchain/risc-v embedded gcc/bin/../lib/gcc/riscv-none-embed/8.2.0/../../../../riscv-none-embed/lib/rv32imac/ilp32\libg_nano.a(lib_a-makebuf.o)
                0x000000000000b250                __swhatbuf_r
 .text.__smakebuf_r
                0x000000000000b2a8       0x9e d:/mounriver/mounriver_studio/toolchain/risc-v embedded gcc/bin/../lib/gcc/riscv-none-embed/8.2.0/../../../../riscv-none-embed/lib/rv32imac/ilp32\libg_nano.a(lib_a-makebuf.o)
                0x000000000000b2a8                __smakebuf_r
 .text.memchr   0x000000000000b346       0x1a d:/mounriver/mounriver_studio/toolchain/risc-v embedded gcc/bin/../lib/gcc/riscv-none-embed/8.2.0/../../../../riscv-none-embed/lib/rv32imac/ilp32\libg_nano.a(lib_a-memchr.o)
                0x000000000000b346                memchr
 .text._free_r  0x000000000000b360       0xa4 d:/mounriver/mounriver_studio/toolchain/risc-v embedded gcc/bin/../lib/gcc/riscv-none-embed/8.2.0/../../../../riscv-none-embed/lib/rv32imac/ilp32\libg_nano.a(lib_a-nano-freer.o)
                0x000000000000b360                _free_r
 .text._malloc_r
                0x000000000000b404       0xce d:/mounriver/mounriver_studio/toolchain/risc-v embedded gcc/bin/../lib/gcc/riscv-none-embed/8.2.0/../../../../riscv-none-embed/lib/rv32imac/ilp32\libg_nano.a(lib_a-nano-mallocr.o)
                0x000000000000b404                _malloc_r
 .text._sbrk_r  0x000000000000b4d2       0x30 d:/mounriver/mounriver_studio/toolchain/risc-v embedded gcc/bin/../lib/gcc/riscv-none-embed/8.2.0/../../../../riscv-none-embed/lib/rv32imac/ilp32\libg_nano.a(lib_a-sbrkr.o)
                0x000000000000b4d2                _sbrk_r
 .text._raise_r
                0x000000000000b502       0x62 d:/mounriver/mounriver_studio/toolchain/risc-v embedded gcc/bin/../lib/gcc/riscv-none-embed/8.2.0/../../../../riscv-none-embed/lib/rv32imac/ilp32\libg_nano.a(lib_a-signal.o)
                0x000000000000b502                _raise_r
 .text.raise    0x000000000000b564        0xc d:/mounriver/mounriver_studio/toolchain/risc-v embedded gcc/bin/../lib/gcc/riscv-none-embed/8.2.0/../../../../riscv-none-embed/lib/rv32imac/ilp32\libg_nano.a(lib_a-signal.o)
                0x000000000000b564                raise
 .text._kill_r  0x000000000000b570       0x32 d:/mounriver/mounriver_studio/toolchain/risc-v embedded gcc/bin/../lib/gcc/riscv-none-embed/8.2.0/../../../../riscv-none-embed/lib/rv32imac/ilp32\libg_nano.a(lib_a-signalr.o)
                0x000000000000b570                _kill_r
 .text._getpid_r
                0x000000000000b5a2        0x2 d:/mounriver/mounriver_studio/toolchain/risc-v embedded gcc/bin/../lib/gcc/riscv-none-embed/8.2.0/../../../../riscv-none-embed/lib/rv32imac/ilp32\libg_nano.a(lib_a-signalr.o)
                0x000000000000b5a2                _getpid_r
 .text.__sread  0x000000000000b5a4       0x30 d:/mounriver/mounriver_studio/toolchain/risc-v embedded gcc/bin/../lib/gcc/riscv-none-embed/8.2.0/../../../../riscv-none-embed/lib/rv32imac/ilp32\libg_nano.a(lib_a-stdio.o)
                0x000000000000b5a4                __sread
 .text.__swrite
                0x000000000000b5d4       0x4e d:/mounriver/mounriver_studio/toolchain/risc-v embedded gcc/bin/../lib/gcc/riscv-none-embed/8.2.0/../../../../riscv-none-embed/lib/rv32imac/ilp32\libg_nano.a(lib_a-stdio.o)
                0x000000000000b5d4                __swrite
 .text.__sseek  0x000000000000b622       0x36 d:/mounriver/mounriver_studio/toolchain/risc-v embedded gcc/bin/../lib/gcc/riscv-none-embed/8.2.0/../../../../riscv-none-embed/lib/rv32imac/ilp32\libg_nano.a(lib_a-stdio.o)
                0x000000000000b622                __sseek
 .text.__sclose
                0x000000000000b658        0x6 d:/mounriver/mounriver_studio/toolchain/risc-v embedded gcc/bin/../lib/gcc/riscv-none-embed/8.2.0/../../../../riscv-none-embed/lib/rv32imac/ilp32\libg_nano.a(lib_a-stdio.o)
                0x000000000000b658                __sclose
 .text._write_r
                0x000000000000b65e       0x36 d:/mounriver/mounriver_studio/toolchain/risc-v embedded gcc/bin/../lib/gcc/riscv-none-embed/8.2.0/../../../../riscv-none-embed/lib/rv32imac/ilp32\libg_nano.a(lib_a-writer.o)
                0x000000000000b65e                _write_r
 .text._close_r
                0x000000000000b694       0x30 d:/mounriver/mounriver_studio/toolchain/risc-v embedded gcc/bin/../lib/gcc/riscv-none-embed/8.2.0/../../../../riscv-none-embed/lib/rv32imac/ilp32\libg_nano.a(lib_a-closer.o)
                0x000000000000b694                _close_r
 .text._fstat_r
                0x000000000000b6c4       0x32 d:/mounriver/mounriver_studio/toolchain/risc-v embedded gcc/bin/../lib/gcc/riscv-none-embed/8.2.0/../../../../riscv-none-embed/lib/rv32imac/ilp32\libg_nano.a(lib_a-fstatr.o)
                0x000000000000b6c4                _fstat_r
 .text._isatty_r
                0x000000000000b6f6       0x30 d:/mounriver/mounriver_studio/toolchain/risc-v embedded gcc/bin/../lib/gcc/riscv-none-embed/8.2.0/../../../../riscv-none-embed/lib/rv32imac/ilp32\libg_nano.a(lib_a-isattyr.o)
                0x000000000000b6f6                _isatty_r
 .text._lseek_r
                0x000000000000b726       0x34 d:/mounriver/mounriver_studio/toolchain/risc-v embedded gcc/bin/../lib/gcc/riscv-none-embed/8.2.0/../../../../riscv-none-embed/lib/rv32imac/ilp32\libg_nano.a(lib_a-lseekr.o)
                0x000000000000b726                _lseek_r
 .text.__malloc_lock
                0x000000000000b75a        0x2 d:/mounriver/mounriver_studio/toolchain/risc-v embedded gcc/bin/../lib/gcc/riscv-none-embed/8.2.0/../../../../riscv-none-embed/lib/rv32imac/ilp32\libg_nano.a(lib_a-mlock.o)
                0x000000000000b75a                __malloc_lock
 .text.__malloc_unlock
                0x000000000000b75c        0x2 d:/mounriver/mounriver_studio/toolchain/risc-v embedded gcc/bin/../lib/gcc/riscv-none-embed/8.2.0/../../../../riscv-none-embed/lib/rv32imac/ilp32\libg_nano.a(lib_a-mlock.o)
                0x000000000000b75c                __malloc_unlock
 .text._read_r  0x000000000000b75e       0x34 d:/mounriver/mounriver_studio/toolchain/risc-v embedded gcc/bin/../lib/gcc/riscv-none-embed/8.2.0/../../../../riscv-none-embed/lib/rv32imac/ilp32\libg_nano.a(lib_a-readr.o)
                0x000000000000b75e                _read_r
 .text._close   0x000000000000b792       0x10 d:/mounriver/mounriver_studio/toolchain/risc-v embedded gcc/bin/../lib/gcc/riscv-none-embed/8.2.0/../../../../riscv-none-embed/lib/rv32imac/ilp32\libnosys.a(close.o)
                0x000000000000b792                _close
 .text._fstat   0x000000000000b7a2       0x10 d:/mounriver/mounriver_studio/toolchain/risc-v embedded gcc/bin/../lib/gcc/riscv-none-embed/8.2.0/../../../../riscv-none-embed/lib/rv32imac/ilp32\libnosys.a(fstat.o)
                0x000000000000b7a2                _fstat
 .text._getpid  0x000000000000b7b2       0x10 d:/mounriver/mounriver_studio/toolchain/risc-v embedded gcc/bin/../lib/gcc/riscv-none-embed/8.2.0/../../../../riscv-none-embed/lib/rv32imac/ilp32\libnosys.a(getpid.o)
                0x000000000000b7b2                _getpid
 .text._isatty  0x000000000000b7c2       0x10 d:/mounriver/mounriver_studio/toolchain/risc-v embedded gcc/bin/../lib/gcc/riscv-none-embed/8.2.0/../../../../riscv-none-embed/lib/rv32imac/ilp32\libnosys.a(isatty.o)
                0x000000000000b7c2                _isatty
 .text._kill    0x000000000000b7d2       0x10 d:/mounriver/mounriver_studio/toolchain/risc-v embedded gcc/bin/../lib/gcc/riscv-none-embed/8.2.0/../../../../riscv-none-embed/lib/rv32imac/ilp32\libnosys.a(kill.o)
                0x000000000000b7d2                _kill
 .text._lseek   0x000000000000b7e2       0x10 d:/mounriver/mounriver_studio/toolchain/risc-v embedded gcc/bin/../lib/gcc/riscv-none-embed/8.2.0/../../../../riscv-none-embed/lib/rv32imac/ilp32\libnosys.a(lseek.o)
                0x000000000000b7e2                _lseek
 .text._read    0x000000000000b7f2       0x10 d:/mounriver/mounriver_studio/toolchain/risc-v embedded gcc/bin/../lib/gcc/riscv-none-embed/8.2.0/../../../../riscv-none-embed/lib/rv32imac/ilp32\libnosys.a(read.o)
                0x000000000000b7f2                _read
 .text._sbrk    0x000000000000b802       0x24 d:/mounriver/mounriver_studio/toolchain/risc-v embedded gcc/bin/../lib/gcc/riscv-none-embed/8.2.0/../../../../riscv-none-embed/lib/rv32imac/ilp32\libnosys.a(sbrk.o)
                0x000000000000b802                _sbrk
 .text._exit    0x000000000000b826        0x2 d:/mounriver/mounriver_studio/toolchain/risc-v embedded gcc/bin/../lib/gcc/riscv-none-embed/8.2.0/../../../../riscv-none-embed/lib/rv32imac/ilp32\libnosys.a(_exit.o)
                0x000000000000b826                _exit
 *(.rodata)
 *(.rodata*)
 *fill*         0x000000000000b828        0x0 
 .rodata.main.str1.4
                0x000000000000b828        0xa ./USER/main.o
                                          0xe (size before relaxing)
 *fill*         0x000000000000b832        0x2 
 .rodata.tft_ascii
                0x000000000000b834      0x5f0 ./Libraries/seekfree_peripheral/SEEKFREE_FONT.o
                0x000000000000b834                tft_ascii
 .rodata.GPION  0x000000000000be24       0x10 ./Libraries/seekfree_libraries/zf_gpio.o
                0x000000000000be24                GPION
 .rodata.TIMERN
                0x000000000000be34       0x10 ./Libraries/seekfree_libraries/zf_qtimer.o
                0x000000000000be34                TIMERN
 .rodata.__func__.3348
                0x000000000000be44        0xe ./Libraries/seekfree_libraries/zf_spi.o
 *fill*         0x000000000000be52        0x2 
 .rodata.spi_gpio_init.str1.4
                0x000000000000be54       0x2d ./Libraries/seekfree_libraries/zf_spi.o
 *fill*         0x000000000000be81        0x3 
 .rodata.UARTN  0x000000000000be84       0x10 ./Libraries/seekfree_libraries/zf_uart.o
                0x000000000000be84                UARTN
 .rodata.rt_application_init.str1.4
                0x000000000000be94        0x5 ./Libraries/rtthread_libraries/src/components.o
 *fill*         0x000000000000be99        0x3 
 .rodata.rt_thread_idle_init.str1.4
                0x000000000000be9c        0x6 ./Libraries/rtthread_libraries/src/idle.o
 *fill*         0x000000000000bea2        0x2 
 .rodata.rt_vsnprintf
                0x000000000000bea4      0x150 ./Libraries/rtthread_libraries/src/kservice.o
 .rodata.__lowest_bit_bitmap
                0x000000000000bff4      0x100 ./Libraries/rtthread_libraries/src/kservice.o
                0x000000000000bff4                __lowest_bit_bitmap
 .rodata.large_digits.2240
                0x000000000000c0f4       0x11 ./Libraries/rtthread_libraries/src/kservice.o
 *fill*         0x000000000000c105        0x3 
 .rodata.rt_show_version.str1.4
                0x000000000000c108       0x86 ./Libraries/rtthread_libraries/src/kservice.o
 *fill*         0x000000000000c18e        0x2 
 .rodata.rt_vsnprintf.str1.4
                0x000000000000c190        0x7 ./Libraries/rtthread_libraries/src/kservice.o
 *fill*         0x000000000000c197        0x1 
 .rodata.small_digits.2239
                0x000000000000c198       0x11 ./Libraries/rtthread_libraries/src/kservice.o
 *fill*         0x000000000000c1a9        0x3 
 .rodata.__fsym_list_mem_name
                0x000000000000c1ac        0x9 ./Libraries/rtthread_libraries/src/mem.o
                0x000000000000c1ac                __fsym_list_mem_name
 *fill*         0x000000000000c1b5        0x3 
 .rodata.list_mem.str1.4
                0x000000000000c1b8       0x46 ./Libraries/rtthread_libraries/src/mem.o
 *fill*         0x000000000000c1fe        0x2 
 .rodata.rt_free.str1.4
                0x000000000000c200       0x4c ./Libraries/rtthread_libraries/src/mem.o
 .rodata.rt_system_heap_init.str1.4
                0x000000000000c24c       0x42 ./Libraries/rtthread_libraries/src/mem.o
 *fill*         0x000000000000c28e        0x2 
 .rodata.__fsym___cmd_list_mailbox_name
                0x000000000000c290       0x13 ./Libraries/rtthread_libraries/components/finsh/cmd.o
                0x000000000000c290                __fsym___cmd_list_mailbox_name
 *fill*         0x000000000000c2a3        0x1 
 .rodata.__fsym___cmd_list_sem_name
                0x000000000000c2a4        0xf ./Libraries/rtthread_libraries/components/finsh/cmd.o
                0x000000000000c2a4                __fsym___cmd_list_sem_name
 *fill*         0x000000000000c2b3        0x1 
 .rodata.__fsym___cmd_list_thread_name
                0x000000000000c2b4       0x12 ./Libraries/rtthread_libraries/components/finsh/cmd.o
                0x000000000000c2b4                __fsym___cmd_list_thread_name
 *fill*         0x000000000000c2c6        0x2 
 .rodata.__fsym___cmd_list_timer_name
                0x000000000000c2c8       0x11 ./Libraries/rtthread_libraries/components/finsh/cmd.o
                0x000000000000c2c8                __fsym___cmd_list_timer_name
 *fill*         0x000000000000c2d9        0x3 
 .rodata.__fsym___cmd_version_name
                0x000000000000c2dc        0xe ./Libraries/rtthread_libraries/components/finsh/cmd.o
                0x000000000000c2dc                __fsym___cmd_version_name
 *fill*         0x000000000000c2ea        0x2 
 .rodata.__fsym_list_mailbox_name
                0x000000000000c2ec        0xd ./Libraries/rtthread_libraries/components/finsh/cmd.o
                0x000000000000c2ec                __fsym_list_mailbox_name
 *fill*         0x000000000000c2f9        0x3 
 .rodata.__fsym_list_sem_name
                0x000000000000c2fc        0x9 ./Libraries/rtthread_libraries/components/finsh/cmd.o
                0x000000000000c2fc                __fsym_list_sem_name
 *fill*         0x000000000000c305        0x3 
 .rodata.__fsym_list_thread_name
                0x000000000000c308        0xc ./Libraries/rtthread_libraries/components/finsh/cmd.o
                0x000000000000c308                __fsym_list_thread_name
 .rodata.__fsym_list_timer_name
                0x000000000000c314        0xb ./Libraries/rtthread_libraries/components/finsh/cmd.o
                0x000000000000c314                __fsym_list_timer_name
 *fill*         0x000000000000c31f        0x1 
 .rodata.hello.str1.4
                0x000000000000c320       0x12 ./Libraries/rtthread_libraries/components/finsh/cmd.o
 *fill*         0x000000000000c332        0x2 
 .rodata.list.str1.4
                0x000000000000c334       0x1c ./Libraries/rtthread_libraries/components/finsh/cmd.o
 .rodata.list_mailbox.str1.4
                0x000000000000c350       0x76 ./Libraries/rtthread_libraries/components/finsh/cmd.o
                                         0x7a (size before relaxing)
 *fill*         0x000000000000c3c6        0x2 
 .rodata.list_sem.str1.4
                0x000000000000c3c8       0x60 ./Libraries/rtthread_libraries/components/finsh/cmd.o
 .rodata.list_thread.str1.4
                0x000000000000c428      0x100 ./Libraries/rtthread_libraries/components/finsh/cmd.o
 .rodata.list_timer.str1.4
                0x000000000000c528       0x9d ./Libraries/rtthread_libraries/components/finsh/cmd.o
 *fill*         0x000000000000c5c5        0x3 
 .rodata.show_wait_queue.str1.4
                0x000000000000c5c8        0x6 ./Libraries/rtthread_libraries/components/finsh/cmd.o
 *fill*         0x000000000000c5ce        0x2 
 .rodata.__fsym___cmd_free_name
                0x000000000000c5d0        0xb ./Libraries/rtthread_libraries/components/finsh/msh.o
                0x000000000000c5d0                __fsym___cmd_free_name
 *fill*         0x000000000000c5db        0x1 
 .rodata.__fsym___cmd_help_name
                0x000000000000c5dc        0xb ./Libraries/rtthread_libraries/components/finsh/msh.o
                0x000000000000c5dc                __fsym___cmd_help_name
 *fill*         0x000000000000c5e7        0x1 
 .rodata.__fsym___cmd_ps_name
                0x000000000000c5e8        0x9 ./Libraries/rtthread_libraries/components/finsh/msh.o
                0x000000000000c5e8                __fsym___cmd_ps_name
 .rodata.msh_auto_complete.str1.4
                0x000000000000c5f1        0x4 ./Libraries/rtthread_libraries/components/finsh/msh.o
 *fill*         0x000000000000c5f1        0x3 
 .rodata.msh_exec.str1.4
                0x000000000000c5f4       0x38 ./Libraries/rtthread_libraries/components/finsh/msh.o
 .rodata.msh_help.str1.4
                0x000000000000c62c       0x28 ./Libraries/rtthread_libraries/components/finsh/msh.o
                                         0x2a (size before relaxing)
 .rodata.finsh_system_init.str1.4
                0x000000000000c654       0x25 ./Libraries/rtthread_libraries/components/finsh/shell.o
 *fill*         0x000000000000c679        0x3 
 .rodata.finsh_thread_entry.str1.4
                0x000000000000c67c       0x1c ./Libraries/rtthread_libraries/components/finsh/shell.o
                                         0x23 (size before relaxing)
 .rodata.rt_hw_board_init.str1.4
                0x000000000000c698        0x8 ./Libraries/board/board.o
 .rodata.getAdc.cst4
                0x000000000000c6a0       0x10 ./CODE/adc.o
 .rodata.button_init.str1.4
                0x000000000000c6b0        0xb ./CODE/button.o
 *fill*         0x000000000000c6bb        0x1 
 .rodata.assignValue
                0x000000000000c6bc       0x3c ./CODE/display.o
 .rodata.disaplayMenu
                0x000000000000c6f8       0x28 ./CODE/display.o
 *fill*         0x000000000000c720        0x0 
 .rodata.assignValue.cst8
                0x000000000000c720       0x10 ./CODE/display.o
 .rodata.disaplayMenu.str1.4
                0x000000000000c730       0x24 ./CODE/display.o
 .rodata.display_entry.str1.4
                0x000000000000c754       0x24 ./CODE/display.o
 .rodata.display_init.str1.4
                0x000000000000c778        0x8 ./CODE/display.o
 .rodata.transfetFunction.cst4
                0x000000000000c780        0x8 ./CODE/display.o
                                          0xc (size before relaxing)
 .rodata.transfetFunction.str1.4
                0x000000000000c788       0xf1 ./CODE/display.o
                                        0x108 (size before relaxing)
 *fill*         0x000000000000c879        0x3 
 .rodata.Tcp_Decode.cst4
                0x000000000000c87c        0x8 ./CODE/esp8266.o
 .rodata.Tcp_Decode.str1.4
                0x000000000000c884      0x1a8 ./CODE/esp8266.o
 .rodata.esp8266Init.str1.4
                0x000000000000ca2c        0x8 ./CODE/esp8266.o
 *fill*         0x000000000000ca34        0x4 
 .rodata.AngleZ_Get.cst8
                0x000000000000ca38        0x8 ./CODE/filter.o
 .rodata.PID_Angle.cst4
                0x000000000000ca40        0x4 ./CODE/pid.o
                                          0x8 (size before relaxing)
 .rodata.timer_pitAdc_init.str1.4
                0x000000000000ca44        0x9 ./CODE/timer_pit.o
 *fill*         0x000000000000ca4d        0x3 
 .rodata.__divdf3
                0x000000000000ca50       0x40 d:/mounriver/mounriver_studio/toolchain/risc-v embedded gcc/bin/../lib/gcc/riscv-none-embed/8.2.0/rv32imac/ilp32\libgcc.a(divdf3.o)
 .rodata.__muldf3
                0x000000000000ca90       0x40 d:/mounriver/mounriver_studio/toolchain/risc-v embedded gcc/bin/../lib/gcc/riscv-none-embed/8.2.0/rv32imac/ilp32\libgcc.a(muldf3.o)
 .rodata.__mulsf3
                0x000000000000cad0       0x40 d:/mounriver/mounriver_studio/toolchain/risc-v embedded gcc/bin/../lib/gcc/riscv-none-embed/8.2.0/rv32imac/ilp32\libgcc.a(mulsf3.o)
 .rodata.__clz_tab
                0x000000000000cb10      0x100 d:/mounriver/mounriver_studio/toolchain/risc-v embedded gcc/bin/../lib/gcc/riscv-none-embed/8.2.0/rv32imac/ilp32\libgcc.a(_clz.o)
                0x000000000000cb10                __clz_tab
 .rodata.__assert_func.str1.4
                0x000000000000cc10       0x3f d:/mounriver/mounriver_studio/toolchain/risc-v embedded gcc/bin/../lib/gcc/riscv-none-embed/8.2.0/../../../../riscv-none-embed/lib/rv32imac/ilp32\libg_nano.a(lib_a-assert.o)
                                         0x43 (size before relaxing)
 *fill*         0x000000000000cc4f        0x1 
 .rodata._vfprintf_r.str1.4
                0x000000000000cc50       0x13 d:/mounriver/mounriver_studio/toolchain/risc-v embedded gcc/bin/../lib/gcc/riscv-none-embed/8.2.0/../../../../riscv-none-embed/lib/rv32imac/ilp32\libg_nano.a(lib_a-nano-vfprintf.o)
 *fill*         0x000000000000cc63        0x1 
 .rodata._printf_i.str1.4
                0x000000000000cc64       0x28 d:/mounriver/mounriver_studio/toolchain/risc-v embedded gcc/bin/../lib/gcc/riscv-none-embed/8.2.0/../../../../riscv-none-embed/lib/rv32imac/ilp32\libg_nano.a(lib_a-nano-vfprintf_i.o)
                                         0x25 (size before relaxing)
 .rodata.__sf_fake_stderr
                0x000000000000cc8c       0x20 d:/mounriver/mounriver_studio/toolchain/risc-v embedded gcc/bin/../lib/gcc/riscv-none-embed/8.2.0/../../../../riscv-none-embed/lib/rv32imac/ilp32\libg_nano.a(lib_a-findfp.o)
                0x000000000000cc8c                __sf_fake_stderr
 .rodata.__sf_fake_stdin
                0x000000000000ccac       0x20 d:/mounriver/mounriver_studio/toolchain/risc-v embedded gcc/bin/../lib/gcc/riscv-none-embed/8.2.0/../../../../riscv-none-embed/lib/rv32imac/ilp32\libg_nano.a(lib_a-findfp.o)
                0x000000000000ccac                __sf_fake_stdin
 .rodata.__sf_fake_stdout
                0x000000000000cccc       0x20 d:/mounriver/mounriver_studio/toolchain/risc-v embedded gcc/bin/../lib/gcc/riscv-none-embed/8.2.0/../../../../riscv-none-embed/lib/rv32imac/ilp32\libg_nano.a(lib_a-findfp.o)
                0x000000000000cccc                __sf_fake_stdout
 *(.glue_7)
 *(.glue_7t)
 *(.gnu.linkonce.t.*)
                0x000000000000ccec                . = ALIGN (0x4)

.rodata         0x000000000000ccec       0x94
                0x000000000000ccec                . = ALIGN (0x4)
 *(.rdata)
 *(.rodata .rodata.*)
                0x000000000000ccec                . = ALIGN (0x4)
                0x000000000000ccec                __rt_init_start = .
 *(SORT_BY_NAME(.rti_fn*))
 .rti_fn.0      0x000000000000ccec        0x4 ./Libraries/rtthread_libraries/src/components.o
                0x000000000000ccec                __rt_init_rti_start
 .rti_fn.0.end  0x000000000000ccf0        0x4 ./Libraries/rtthread_libraries/src/components.o
                0x000000000000ccf0                __rt_init_rti_board_start
 .rti_fn.1.end  0x000000000000ccf4        0x4 ./Libraries/rtthread_libraries/src/components.o
                0x000000000000ccf4                __rt_init_rti_board_end
 .rti_fn.6      0x000000000000ccf8        0x4 ./Libraries/rtthread_libraries/components/finsh/shell.o
                0x000000000000ccf8                __rt_init_finsh_system_init
 .rti_fn.6.end  0x000000000000ccfc        0x4 ./Libraries/rtthread_libraries/src/components.o
                0x000000000000ccfc                __rt_init_rti_end
                0x000000000000cd00                __rt_init_end = .
                0x000000000000cd00                . = ALIGN (0x4)
                0x000000000000cd00                __fsymtab_start = .
 *(FSymTab)
 FSymTab        0x000000000000cd00        0x8 ./Libraries/rtthread_libraries/src/mem.o
                0x000000000000cd00                __fsym_list_mem
 FSymTab        0x000000000000cd08       0x60 ./Libraries/rtthread_libraries/components/finsh/cmd.o
                0x000000000000cd08                __fsym_list
                0x000000000000cd10                __fsym___cmd_list_timer
                0x000000000000cd18                __fsym_list_timer
                0x000000000000cd20                __fsym___cmd_list_mailbox
                0x000000000000cd28                __fsym_list_mailbox
                0x000000000000cd30                __fsym___cmd_list_sem
                0x000000000000cd38                __fsym_list_sem
                0x000000000000cd40                __fsym___cmd_list_thread
                0x000000000000cd48                __fsym_list_thread
                0x000000000000cd50                __fsym___cmd_version
                0x000000000000cd58                __fsym_version
                0x000000000000cd60                __fsym_hello
 FSymTab        0x000000000000cd68       0x18 ./Libraries/rtthread_libraries/components/finsh/msh.o
                0x000000000000cd68                __fsym___cmd_free
                0x000000000000cd70                __fsym___cmd_ps
                0x000000000000cd78                __fsym___cmd_help
                0x000000000000cd80                __fsymtab_end = .
                0x000000000000cd80                . = ALIGN (0x4)
                0x000000000000cd80                __vsymtab_start = .
 *(VSymTab)
                0x000000000000cd80                __vsymtab_end = .
 *(.gnu.linkonce.r.*)
                0x000000000000cd80                . = ALIGN (0x8)
 *(.srodata.cst16)
 *(.srodata.cst8)
 *(.srodata.cst4)
 *(.srodata.cst2)
 *(.srodata .srodata.*)

.rela.dyn       0x000000000000cd80        0x0
 .rela.init     0x000000000000cd80        0x0 ./USER/isr.o
 .rela.vector   0x000000000000cd80        0x0 ./USER/isr.o
 .rela.text.handle_reset
                0x000000000000cd80        0x0 ./USER/isr.o
 .rela.text     0x000000000000cd80        0x0 ./USER/isr.o
 .rela.text.finsh_system_init
                0x000000000000cd80        0x0 ./USER/isr.o
 .rela.text.rt_hw_board_init
                0x000000000000cd80        0x0 ./USER/isr.o
 .rela.text._vfprintf_r
                0x000000000000cd80        0x0 ./USER/isr.o
 .rela.text._sbrk_r
                0x000000000000cd80        0x0 ./USER/isr.o
 .rela.text._kill_r
                0x000000000000cd80        0x0 ./USER/isr.o
 .rela.text._write_r
                0x000000000000cd80        0x0 ./USER/isr.o
 .rela.text._close_r
                0x000000000000cd80        0x0 ./USER/isr.o
 .rela.text._fstat_r
                0x000000000000cd80        0x0 ./USER/isr.o
 .rela.text._isatty_r
                0x000000000000cd80        0x0 ./USER/isr.o
 .rela.text._lseek_r
                0x000000000000cd80        0x0 ./USER/isr.o
 .rela.text._read_r
                0x000000000000cd80        0x0 ./USER/isr.o
 .rela.text._close
                0x000000000000cd80        0x0 ./USER/isr.o
 .rela.text._fstat
                0x000000000000cd80        0x0 ./USER/isr.o
 .rela.text._getpid
                0x000000000000cd80        0x0 ./USER/isr.o
 .rela.text._isatty
                0x000000000000cd80        0x0 ./USER/isr.o
 .rela.text._kill
                0x000000000000cd80        0x0 ./USER/isr.o
 .rela.text._lseek
                0x000000000000cd80        0x0 ./USER/isr.o
 .rela.text._read
                0x000000000000cd80        0x0 ./USER/isr.o
 .rela.text._sbrk
                0x000000000000cd80        0x0 ./USER/isr.o

.fini           0x000000000000cd80        0x0
 *(SORT_NONE(.fini))
                0x000000000000cd80                . = ALIGN (0x4)
                [!provide]                        PROVIDE (_etext = .)
                [!provide]                        PROVIDE (_eitcm = .)

.preinit_array  0x000000000000cd80        0x0
                [!provide]                        PROVIDE (__preinit_array_start = .)
 *(.preinit_array)
                [!provide]                        PROVIDE (__preinit_array_end = .)

.init_array     0x000000000000cd80        0x0
                [!provide]                        PROVIDE (__init_array_start = .)
 *(SORT_BY_INIT_PRIORITY(.init_array.*) SORT_BY_INIT_PRIORITY(.ctors.*))
 *(.init_array EXCLUDE_FILE(*crtend?.o *crtend.o *crtbegin?.o *crtbegin.o) .ctors)
                [!provide]                        PROVIDE (__init_array_end = .)

.fini_array     0x000000000000cd80        0x0
                [!provide]                        PROVIDE (__fini_array_start = .)
 *(SORT_BY_INIT_PRIORITY(.fini_array.*) SORT_BY_INIT_PRIORITY(.dtors.*))
 *(.fini_array EXCLUDE_FILE(*crtend?.o *crtend.o *crtbegin?.o *crtbegin.o) .dtors)
                [!provide]                        PROVIDE (__fini_array_end = .)

.ctors
 *crtbegin.o(.ctors)
 *crtbegin?.o(.ctors)
 *(EXCLUDE_FILE(*crtend?.o *crtend.o) .ctors)
 *(SORT_BY_NAME(.ctors.*))
 *(.ctors)

.dtors
 *crtbegin.o(.dtors)
 *crtbegin?.o(.dtors)
 *(EXCLUDE_FILE(*crtend?.o *crtend.o) .dtors)
 *(SORT_BY_NAME(.dtors.*))
 *(.dtors)

.dalign         0x0000000020000000        0x0 load address 0x000000000000cd80
                0x0000000020000000                . = ALIGN (0x4)
                0x0000000020000000                PROVIDE (_data_vma = .)

.dlalign        0x000000000000cd80        0x0
                0x000000000000cd80                . = ALIGN (0x4)
                0x000000000000cd80                PROVIDE (_data_lma = .)

.data           0x0000000020000000      0x108 load address 0x000000000000cd80
 *(.gnu.linkonce.r.*)
 *(.data .data.*)
 .data.APBAHBPrescTable
                0x0000000020000000       0x10 ./Libraries/wch_libraries/Peripheral/ch32v10x_rcc.o
 .data.rt_object_container
                0x0000000020000010       0x40 ./Libraries/rtthread_libraries/src/object.o
 .data.impure_data