Archive member included to satisfy reference by file (symbol)

e:/software/mounr/mounriver_studio/toolchain/risc-v embedded gcc/bin/../lib/gcc/riscv-none-embed/8.2.0/../../../../riscv-none-embed/lib/rv32imac/ilp32\libm.a(lib_a-w_atan2.o)
                              ./CODE/fliter.o (atan2)
e:/software/mounr/mounriver_studio/toolchain/risc-v embedded gcc/bin/../lib/gcc/riscv-none-embed/8.2.0/../../../../riscv-none-embed/lib/rv32imac/ilp32\libm.a(lib_a-w_sqrt.o)
                              ./USER/isr.o (sqrt)
e:/software/mounr/mounriver_studio/toolchain/risc-v embedded gcc/bin/../lib/gcc/riscv-none-embed/8.2.0/../../../../riscv-none-embed/lib/rv32imac/ilp32\libm.a(lib_a-e_atan2.o)
                              e:/software/mounr/mounriver_studio/toolchain/risc-v embedded gcc/bin/../lib/gcc/riscv-none-embed/8.2.0/../../../../riscv-none-embed/lib/rv32imac/ilp32\libm.a(lib_a-w_atan2.o) (__ieee754_atan2)
e:/software/mounr/mounriver_studio/toolchain/risc-v embedded gcc/bin/../lib/gcc/riscv-none-embed/8.2.0/../../../../riscv-none-embed/lib/rv32imac/ilp32\libm.a(lib_a-e_sqrt.o)
                              e:/software/mounr/mounriver_studio/toolchain/risc-v embedded gcc/bin/../lib/gcc/riscv-none-embed/8.2.0/../../../../riscv-none-embed/lib/rv32imac/ilp32\libm.a(lib_a-w_sqrt.o) (__ieee754_sqrt)
e:/software/mounr/mounriver_studio/toolchain/risc-v embedded gcc/bin/../lib/gcc/riscv-none-embed/8.2.0/../../../../riscv-none-embed/lib/rv32imac/ilp32\libm.a(lib_a-s_atan.o)
                              e:/software/mounr/mounriver_studio/toolchain/risc-v embedded gcc/bin/../lib/gcc/riscv-none-embed/8.2.0/../../../../riscv-none-embed/lib/rv32imac/ilp32\libm.a(lib_a-e_atan2.o) (atan)
e:/software/mounr/mounriver_studio/toolchain/risc-v embedded gcc/bin/../lib/gcc/riscv-none-embed/8.2.0/../../../../riscv-none-embed/lib/rv32imac/ilp32\libm.a(lib_a-s_fabs.o)
                              e:/software/mounr/mounriver_studio/toolchain/risc-v embedded gcc/bin/../lib/gcc/riscv-none-embed/8.2.0/../../../../riscv-none-embed/lib/rv32imac/ilp32\libm.a(lib_a-e_atan2.o) (fabs)
e:/software/mounr/mounriver_studio/toolchain/risc-v embedded gcc/bin/../lib/gcc/riscv-none-embed/8.2.0/../../../../riscv-none-embed/lib/rv32imac/ilp32\libm.a(lib_a-s_lib_ver.o)
                              e:/software/mounr/mounriver_studio/toolchain/risc-v embedded gcc/bin/../lib/gcc/riscv-none-embed/8.2.0/../../../../riscv-none-embed/lib/rv32imac/ilp32\libm.a(lib_a-w_sqrt.o) (__fdlib_version)
e:/software/mounr/mounriver_studio/toolchain/risc-v embedded gcc/bin/../lib/gcc/riscv-none-embed/8.2.0/../../../../riscv-none-embed/lib/rv32imac/ilp32\libm.a(lib_a-s_matherr.o)
                              e:/software/mounr/mounriver_studio/toolchain/risc-v embedded gcc/bin/../lib/gcc/riscv-none-embed/8.2.0/../../../../riscv-none-embed/lib/rv32imac/ilp32\libm.a(lib_a-w_sqrt.o) (matherr)
e:/software/mounr/mounriver_studio/toolchain/risc-v embedded gcc/bin/../lib/gcc/riscv-none-embed/8.2.0/rv32imac/ilp32\libgcc.a(adddf3.o)
                              ./CODE/motor.o (__adddf3)
e:/software/mounr/mounriver_studio/toolchain/risc-v embedded gcc/bin/../lib/gcc/riscv-none-embed/8.2.0/rv32imac/ilp32\libgcc.a(divdf3.o)
                              ./CODE/fliter.o (__divdf3)
e:/software/mounr/mounriver_studio/toolchain/risc-v embedded gcc/bin/../lib/gcc/riscv-none-embed/8.2.0/rv32imac/ilp32\libgcc.a(eqdf2.o)
                              ./Libraries/seekfree_peripheral/SEEKFREE_PRINTF.o (__nedf2)
e:/software/mounr/mounriver_studio/toolchain/risc-v embedded gcc/bin/../lib/gcc/riscv-none-embed/8.2.0/rv32imac/ilp32\libgcc.a(gedf2.o)
                              e:/software/mounr/mounriver_studio/toolchain/risc-v embedded gcc/bin/../lib/gcc/riscv-none-embed/8.2.0/../../../../riscv-none-embed/lib/rv32imac/ilp32\libm.a(lib_a-s_atan.o) (__gtdf2)
e:/software/mounr/mounriver_studio/toolchain/risc-v embedded gcc/bin/../lib/gcc/riscv-none-embed/8.2.0/rv32imac/ilp32\libgcc.a(ledf2.o)
                              ./Libraries/seekfree_peripheral/SEEKFREE_18TFT.o (__ltdf2)
e:/software/mounr/mounriver_studio/toolchain/risc-v embedded gcc/bin/../lib/gcc/riscv-none-embed/8.2.0/rv32imac/ilp32\libgcc.a(muldf3.o)
                              ./Libraries/seekfree_peripheral/SEEKFREE_PRINTF.o (__muldf3)
e:/software/mounr/mounriver_studio/toolchain/risc-v embedded gcc/bin/../lib/gcc/riscv-none-embed/8.2.0/rv32imac/ilp32\libgcc.a(subdf3.o)
                              ./Libraries/seekfree_peripheral/SEEKFREE_PRINTF.o (__subdf3)
e:/software/mounr/mounriver_studio/toolchain/risc-v embedded gcc/bin/../lib/gcc/riscv-none-embed/8.2.0/rv32imac/ilp32\libgcc.a(unorddf2.o)
                              e:/software/mounr/mounriver_studio/toolchain/risc-v embedded gcc/bin/../lib/gcc/riscv-none-embed/8.2.0/../../../../riscv-none-embed/lib/rv32imac/ilp32\libm.a(lib_a-w_sqrt.o) (__unorddf2)
[...]
Memory Configuration

Name             Origin             Length             Attributes
FLASH            0x0000000000000000 0x0000000000010000 xr
RAM              0x0000000020000000 0x0000000000005000 xrw
*default*        0x0000000000000000 0xffffffffffffffff

Linker script and memory map

LOAD ./USER/isr.o
LOAD ./USER/main.o
LOAD ./Libraries/wch_libraries/Startup/startup_ch32v10x.o
LOAD ./Libraries/wch_libraries/Peripheral/ch32v10x_adc.o
LOAD ./Libraries/wch_libraries/Peripheral/ch32v10x_bkp.o
LOAD ./Libraries/wch_libraries/Peripheral/ch32v10x_crc.o
LOAD ./Libraries/wch_libraries/Peripheral/ch32v10x_dbgmcu.o
LOAD ./Libraries/wch_libraries/Peripheral/ch32v10x_dma.o
LOAD ./Libraries/wch_libraries/Peripheral/ch32v10x_exti.o
LOAD ./Libraries/wch_libraries/Peripheral/ch32v10x_flash.o
LOAD ./Libraries/wch_libraries/Peripheral/ch32v10x_gpio.o
LOAD ./Libraries/wch_libraries/Peripheral/ch32v10x_i2c.o
LOAD ./Libraries/wch_libraries/Peripheral/ch32v10x_iwdg.o
LOAD ./Libraries/wch_libraries/Peripheral/ch32v10x_misc.o
LOAD ./Libraries/wch_libraries/Peripheral/ch32v10x_pwr.o
LOAD ./Libraries/wch_libraries/Peripheral/ch32v10x_rcc.o
LOAD ./Libraries/wch_libraries/Peripheral/ch32v10x_rtc.o
LOAD ./Libraries/wch_libraries/Peripheral/ch32v10x_spi.o
LOAD ./Libraries/wch_libraries/Peripheral/ch32v10x_tim.o
LOAD ./Libraries/wch_libraries/Peripheral/ch32v10x_usart.o
LOAD ./Libraries/wch_libraries/Peripheral/ch32v10x_usb.o
LOAD ./Libraries/wch_libraries/Peripheral/ch32v10x_usb_host.o
LOAD ./Libraries/wch_libraries/Peripheral/ch32v10x_wwdg.o
LOAD ./Libraries/wch_libraries/Core/core_riscv.o
LOAD ./Libraries/seekfree_peripheral/SEEKFREE_18TFT.o
LOAD ./Libraries/seekfree_peripheral/SEEKFREE_ABSOLUTE_ENCODER.o
LOAD ./Libraries/seekfree_peripheral/SEEKFREE_FONT.o
LOAD ./Libraries/seekfree_peripheral/SEEKFREE_ICM20602.o
LOAD ./Libraries/seekfree_peripheral/SEEKFREE_IIC.o
LOAD ./Libraries/seekfree_peripheral/SEEKFREE_IPS114_SPI.o
LOAD ./Libraries/seekfree_peripheral/SEEKFREE_MPU6050.o
LOAD ./Libraries/seekfree_peripheral/SEEKFREE_MT9V03X.o
LOAD ./Libraries/seekfree_peripheral/SEEKFREE_OLED.o
LOAD ./Libraries/seekfree_peripheral/SEEKFREE_PRINTF.o
LOAD ./Libraries/seekfree_peripheral/SEEKFREE_TSL1401.o
LOAD ./Libraries/seekfree_peripheral/SEEKFREE_UART_7725.o
LOAD ./Libraries/seekfree_peripheral/SEEKFREE_VIRSCO.o
LOAD ./Libraries/seekfree_peripheral/SEEKFREE_WIRELESS.o
LOAD ./Libraries/seekfree_libraries/common.o
LOAD ./Libraries/seekfree_libraries/misc.o
LOAD ./Libraries/seekfree_libraries/zf_adc.o
LOAD ./Libraries/seekfree_libraries/zf_camera.o
LOAD ./Libraries/seekfree_libraries/zf_flash.o
LOAD ./Libraries/seekfree_libraries/zf_gpio.o
LOAD ./Libraries/seekfree_libraries/zf_nvic.o
LOAD ./Libraries/seekfree_libraries/zf_pit.o
LOAD ./Libraries/seekfree_libraries/zf_pwm.o
LOAD ./Libraries/seekfree_libraries/zf_qtimer.o
LOAD ./Libraries/seekfree_libraries/zf_spi.o
LOAD ./Libraries/seekfree_libraries/zf_systick.o
LOAD ./Libraries/seekfree_libraries/zf_uart.o
LOAD ./Libraries/board/board.o
LOAD ./Libraries/board/clock_config.o
LOAD ./CODE/fliter.o
LOAD ./CODE/function.o
LOAD ./CODE/key.o
LOAD ./CODE/motor.o
LOAD ./CODE/pid.o
LOAD ./CODE/uart_com.o
LOAD ./CODE/value.o
LOAD e:/software/mounr/mounriver_studio/toolchain/risc-v embedded gcc/bin/../lib/gcc/riscv-none-embed/8.2.0/../../../../riscv-none-embed/lib/rv32imac/ilp32\libm.a
LOAD e:/software/mounr/mounriver_studio/toolchain/risc-v embedded gcc/bin/../lib/gcc/riscv-none-embed/8.2.0/rv32imac/ilp32\libgcc.a
LOAD e:/software/mounr/mounriver_studio/toolchain/risc-v embedded gcc/bin/../lib/gcc/riscv-none-embed/8.2.0/../../../../riscv-none-embed/lib/rv32imac/ilp32\libg_nano.a
LOAD e:/software/mounr/mounriver_studio/toolchain/risc-v embedded gcc/bin/../lib/gcc/riscv-none-embed/8.2.0/../../../../riscv-none-embed/lib/rv32imac/ilp32\libc_nano.a
LOAD e:/software/mounr/mounriver_studio/toolchain/risc-v embedded gcc/bin/../lib/gcc/riscv-none-embed/8.2.0/rv32imac/ilp32\libgcc.a
START GROUP
LOAD e:/software/mounr/mounriver_studio/toolchain/risc-v embedded gcc/bin/../lib/gcc/riscv-none-embed/8.2.0/rv32imac/ilp32\libgcc.a
LOAD e:/software/mounr/mounriver_studio/toolchain/risc-v embedded gcc/bin/../lib/gcc/riscv-none-embed/8.2.0/../../../../riscv-none-embed/lib/rv32imac/ilp32\libc_nano.a
LOAD e:/software/mounr/mounriver_studio/toolchain/risc-v embedded gcc/bin/../lib/gcc/riscv-none-embed/8.2.0/../../../../riscv-none-embed/lib/rv32imac/ilp32\libnosys.a
END GROUP
START GROUP
LOAD e:/software/mounr/mounriver_studio/toolchain/risc-v embedded gcc/bin/../lib/gcc/riscv-none-embed/8.2.0/rv32imac/ilp32\libgcc.a
LOAD e:/software/mounr/mounriver_studio/toolchain/risc-v embedded gcc/bin/../lib/gcc/riscv-none-embed/8.2.0/../../../../riscv-none-embed/lib/rv32imac/ilp32\libc_nano.a
LOAD e:/software/mounr/mounriver_studio/toolchain/risc-v embedded gcc/bin/../lib/gcc/riscv-none-embed/8.2.0/../../../../riscv-none-embed/lib/rv32imac/ilp32\libnosys.a
END GROUP
                0x0000000000000800                __stack_size = 0x800
                [!provide]                        PROVIDE (_stack_size = __stack_size)

.init           0x0000000000000000       0x38
                0x0000000000000000                _sinit = .
                0x0000000000000000                . = ALIGN (0x4)
 *(SORT_NONE(.init))
 .init          0x0000000000000000       0x38 ./Libraries/wch_libraries/Startup/startup_ch32v10x.o
                0x0000000000000000                _start
                0x0000000000000038                . = ALIGN (0x4)
                0x0000000000000038                _einit = .

.vector         0x0000000000000038      0x108
 *(.vector)
 .vector        0x0000000000000038       0xf0 ./Libraries/wch_libraries/Startup/startup_ch32v10x.o
                0x0000000000000140                . = ALIGN (0x40)
 *fill*         0x0000000000000128       0x18 

.text           0x0000000000000140     0xc134
                0x0000000000000140                . = ALIGN (0x4)
 *(.text)
 .text          0x0000000000000140       0xa8 e:/software/mounr/mounriver_studio/toolchain/risc-v embedded gcc/bin/../lib/gcc/riscv-none-embed/8.2.0/../../../../riscv-none-embed/lib/rv32imac/ilp32\libg_nano.a(lib_a-memset.o)
                0x0000000000000140                memset
 *(.text.*)
 .text.EXTI0_IRQHandler
                0x00000000000001e8       0x10 ./USER/isr.o
                0x00000000000001e8                EXTI0_IRQHandler
 .text.EXTI1_IRQHandler
                0x00000000000001f8       0x3c ./USER/isr.o
                0x00000000000001f8                EXTI1_IRQHandler
 .text.EXTI2_IRQHandler
                0x0000000000000234       0x16 ./USER/isr.o
                0x0000000000000234                EXTI2_IRQHandler
 .text.EXTI3_IRQHandler
                0x000000000000024a       0x10 ./USER/isr.o
                0x000000000000024a                EXTI3_IRQHandler
 .text.EXTI4_IRQHandler
                0x000000000000025a       0x10 ./USER/isr.o
                0x000000000000025a                EXTI4_IRQHandler
 .text.EXTI9_5_IRQHandler
                0x000000000000026a       0x10 ./USER/isr.o
                0x000000000000026a                EXTI9_5_IRQHandler
 .text.EXTI15_10_IRQHandler
                0x000000000000027a       0x10 ./USER/isr.o
                0x000000000000027a                EXTI15_10_IRQHandler
 .text.ADC1_2_IRQHandler
                0x000000000000028a       0x10 ./USER/isr.o
                0x000000000000028a                ADC1_2_IRQHandler
 .text.TIM1_BRK_IRQHandler
                0x000000000000029a       0x34 ./USER/isr.o
                0x000000000000029a                TIM1_BRK_IRQHandler
 .text.TIM1_UP_IRQHandler
                0x00000000000002ce       0x30 ./USER/isr.o
                0x00000000000002ce                TIM1_UP_IRQHandler
 .text.TIM1_TRG_COM_IRQHandler
                0x00000000000002fe       0x58 ./USER/isr.o
                0x00000000000002fe                TIM1_TRG_COM_IRQHandler
 .text.TIM1_CC_IRQHandler
                0x0000000000000356       0x90 ./USER/isr.o
                0x0000000000000356                TIM1_CC_IRQHandler
 .text.TIM2_IRQHandler
                0x00000000000003e6       0x28 ./USER/isr.o
                0x00000000000003e6                TIM2_IRQHandler
 .text.TIM3_IRQHandler
                0x000000000000040e      0x34c ./USER/isr.o
                0x000000000000040e                TIM3_IRQHandler
 .text.TIM4_IRQHandler
                0x000000000000075a       0x30 ./USER/isr.o
                0x000000000000075a                TIM4_IRQHandler
 .text.USART1_IRQHandler
                0x000000000000078a       0x34 ./USER/isr.o
                0x000000000000078a                USART1_IRQHandler
 .text.USART2_IRQHandler
                0x00000000000007be       0x38 ./USER/isr.o
                0x00000000000007be                USART2_IRQHandler
 .text.USART3_IRQHandler
                0x00000000000007f6       0x34 ./USER/isr.o
                0x00000000000007f6                USART3_IRQHandler
 .text.DMA1_Channel4_IRQHandler
                0x000000000000082a       0x28 ./USER/isr.o
                0x000000000000082a                DMA1_Channel4_IRQHandler
 .text.NMI_Handler
                0x0000000000000852       0x10 ./USER/isr.o
                0x0000000000000852                NMI_Handler
 .text.HardFault_Handler
                0x0000000000000862        0x8 ./USER/isr.o
                0x0000000000000862                HardFault_Handler
 .text.main     0x000000000000086a      0x4b2 ./USER/main.o
                0x000000000000086a                main
 .text.handle_reset
                0x0000000000000d1c       0x7a ./Libraries/wch_libraries/Startup/startup_ch32v10x.o
                0x0000000000000d1c                handle_reset
 .text.ADC_DeInit
                0x0000000000000d96       0x3a ./Libraries/wch_libraries/Peripheral/ch32v10x_adc.o
                0x0000000000000d96                ADC_DeInit
 .text.ADC_Init
                0x0000000000000dd0       0xf2 ./Libraries/wch_libraries/Peripheral/ch32v10x_adc.o
                0x0000000000000dd0                ADC_Init
 .text.ADC_Cmd  0x0000000000000ec2       0x3e ./Libraries/wch_libraries/Peripheral/ch32v10x_adc.o
                0x0000000000000ec2                ADC_Cmd
 .text.ADC_DMACmd
                0x0000000000000f00       0x3e ./Libraries/wch_libraries/Peripheral/ch32v10x_adc.o
                0x0000000000000f00                ADC_DMACmd
 .text.ADC_ResetCalibration
                0x0000000000000f3e       0x22 ./Libraries/wch_libraries/Peripheral/ch32v10x_adc.o
                0x0000000000000f3e                ADC_ResetCalibration
 .text.ADC_GetResetCalibrationStatus
                0x0000000000000f60       0x30 ./Libraries/wch_libraries/Peripheral/ch32v10x_adc.o
                0x0000000000000f60                ADC_GetResetCalibrationStatus
 .text.ADC_StartCalibration
                0x0000000000000f90       0x22 ./Libraries/wch_libraries/Peripheral/ch32v10x_adc.o
                0x0000000000000f90                ADC_StartCalibration
 .text.ADC_GetCalibrationStatus
                0x0000000000000fb2       0x30 ./Libraries/wch_libraries/Peripheral/ch32v10x_adc.o
                0x0000000000000fb2                ADC_GetCalibrationStatus
 .text.ADC_SoftwareStartConvCmd
                0x0000000000000fe2       0x44 ./Libraries/wch_libraries/Peripheral/ch32v10x_adc.o
                0x0000000000000fe2                ADC_SoftwareStartConvCmd
 .text.ADC_RegularChannelConfig
                0x0000000000001026      0x248 ./Libraries/wch_libraries/Peripheral/ch32v10x_adc.o
                0x0000000000001026                ADC_RegularChannelConfig
 .text.DMA_DeInit
                0x000000000000126e      0x20e ./Libraries/wch_libraries/Peripheral/ch32v10x_dma.o
                0x000000000000126e                DMA_DeInit
 .text.DMA_Init
                0x000000000000147c       0xa8 ./Libraries/wch_libraries/Peripheral/ch32v10x_dma.o
                0x000000000000147c                DMA_Init
 .text.DMA_Cmd  0x0000000000001524       0x40 ./Libraries/wch_libraries/Peripheral/ch32v10x_dma.o
                0x0000000000001524                DMA_Cmd
 .text.DMA_GetFlagStatus
                0x0000000000001564       0x5c ./Libraries/wch_libraries/Peripheral/ch32v10x_dma.o
                0x0000000000001564                DMA_GetFlagStatus
 .text.DMA_ClearFlag
                0x00000000000015c0       0x38 ./Libraries/wch_libraries/Peripheral/ch32v10x_dma.o
                0x00000000000015c0                DMA_ClearFlag
 .text.EXTI_Init
                0x00000000000015f8      0x170 ./Libraries/wch_libraries/Peripheral/ch32v10x_exti.o
                0x00000000000015f8                EXTI_Init
 .text.EXTI_GetITStatus
                0x0000000000001768       0x56 ./Libraries/wch_libraries/Peripheral/ch32v10x_exti.o
                0x0000000000001768                EXTI_GetITStatus
 .text.EXTI_ClearITPendingBit
                0x00000000000017be       0x20 ./Libraries/wch_libraries/Peripheral/ch32v10x_exti.o
                0x00000000000017be                EXTI_ClearITPendingBit
 .text.FLASH_Unlock
                0x00000000000017de       0x2a ./Libraries/wch_libraries/Peripheral/ch32v10x_flash.o
                0x00000000000017de                FLASH_Unlock
 .text.FLASH_Lock
                0x0000000000001808       0x1e ./Libraries/wch_libraries/Peripheral/ch32v10x_flash.o
                0x0000000000001808                FLASH_Lock
 .text.FLASH_ErasePage
                0x0000000000001826       0x94 ./Libraries/wch_libraries/Peripheral/ch32v10x_flash.o
                0x0000000000001826                FLASH_ErasePage
 .text.FLASH_ProgramWord
                0x00000000000018ba       0xd0 ./Libraries/wch_libraries/Peripheral/ch32v10x_flash.o
                0x00000000000018ba                FLASH_ProgramWord
 .text.FLASH_ClearFlag
                0x000000000000198a       0x1c ./Libraries/wch_libraries/Peripheral/ch32v10x_flash.o
                0x000000000000198a                FLASH_ClearFlag
 .text.FLASH_GetBank1Status
                0x00000000000019a6       0x5a ./Libraries/wch_libraries/Peripheral/ch32v10x_flash.o
                0x00000000000019a6                FLASH_GetBank1Status
 .text.FLASH_WaitForLastOperation
                0x0000000000001a00       0x54 ./Libraries/wch_libraries/Peripheral/ch32v10x_flash.o
                0x0000000000001a00                FLASH_WaitForLastOperation
 .text.GPIO_Init
                0x0000000000001a54      0x22a ./Libraries/wch_libraries/Peripheral/ch32v10x_gpio.o
                0x0000000000001a54                GPIO_Init
 .text.GPIO_WriteBit
                0x0000000000001c7e       0x38 ./Libraries/wch_libraries/Peripheral/ch32v10x_gpio.o
                0x0000000000001c7e                GPIO_WriteBit
 .text.GPIO_PinRemapConfig
                0x0000000000001cb6      0x13c ./Libraries/wch_libraries/Peripheral/ch32v10x_gpio.o
                0x0000000000001cb6                GPIO_PinRemapConfig
 .text.GPIO_EXTILineConfig
                0x0000000000001df2       0xa2 ./Libraries/wch_libraries/Peripheral/ch32v10x_gpio.o
                0x0000000000001df2                GPIO_EXTILineConfig
 .text.NVIC_EnableIRQ
                0x0000000000001e94       0x32 ./Libraries/wch_libraries/Peripheral/ch32v10x_misc.o
 .text.NVIC_DisableIRQ
                0x0000000000001ec6       0x32 ./Libraries/wch_libraries/Peripheral/ch32v10x_misc.o
 .text.NVIC_SetPriority
                0x0000000000001ef8       0x2a ./Libraries/wch_libraries/Peripheral/ch32v10x_misc.o
 .text.NVIC_Init
                0x0000000000001f22       0xc4 ./Libraries/wch_libraries/Peripheral/ch32v10x_misc.o
                0x0000000000001f22                NVIC_Init
 .text.RCC_ADCCLKConfig
                0x0000000000001fe6       0x46 ./Libraries/wch_libraries/Peripheral/ch32v10x_rcc.o
                0x0000000000001fe6                RCC_ADCCLKConfig
 .text.RCC_GetClocksFreq
                0x000000000000202c      0x21a ./Libraries/wch_libraries/Peripheral/ch32v10x_rcc.o
                0x000000000000202c                RCC_GetClocksFreq
 .text.RCC_AHBPeriphClockCmd
                0x0000000000002246       0x46 ./Libraries/wch_libraries/Peripheral/ch32v10x_rcc.o
                0x0000000000002246                RCC_AHBPeriphClockCmd
 .text.RCC_APB2PeriphClockCmd
                0x000000000000228c       0x46 ./Libraries/wch_libraries/Peripheral/ch32v10x_rcc.o
                0x000000000000228c                RCC_APB2PeriphClockCmd
 .text.RCC_APB1PeriphClockCmd
                0x00000000000022d2       0x46 ./Libraries/wch_libraries/Peripheral/ch32v10x_rcc.o
                0x00000000000022d2                RCC_APB1PeriphClockCmd
 .text.RCC_APB2PeriphResetCmd
                0x0000000000002318       0x46 ./Libraries/wch_libraries/Peripheral/ch32v10x_rcc.o
                0x0000000000002318                RCC_APB2PeriphResetCmd
 .text.SPI_Init
                0x000000000000235e       0xf8 ./Libraries/wch_libraries/Peripheral/ch32v10x_spi.o
                0x000000000000235e                SPI_Init
 .text.SPI_Cmd  0x0000000000002456       0x5a ./Libraries/wch_libraries/Peripheral/ch32v10x_spi.o
                0x0000000000002456                SPI_Cmd
 .text.TIM_TimeBaseInit
                0x00000000000024b0       0xfa ./Libraries/wch_libraries/Peripheral/ch32v10x_tim.o
                0x00000000000024b0                TIM_TimeBaseInit
 .text.TIM_OC1Init
                0x00000000000025aa      0x170 ./Libraries/wch_libraries/Peripheral/ch32v10x_tim.o
                0x00000000000025aa                TIM_OC1Init
 .text.TIM_OC2Init
                0x000000000000271a      0x1b6 ./Libraries/wch_libraries/Peripheral/ch32v10x_tim.o
                0x000000000000271a                TIM_OC2Init
 .text.TIM_OC3Init
                0x00000000000028d0      0x1b0 ./Libraries/wch_libraries/Peripheral/ch32v10x_tim.o
                0x00000000000028d0                TIM_OC3Init
 .text.TIM_OC4Init
                0x0000000000002a80      0x14a ./Libraries/wch_libraries/Peripheral/ch32v10x_tim.o
                0x0000000000002a80                TIM_OC4Init
 .text.TIM_Cmd  0x0000000000002bca       0x58 ./Libraries/wch_libraries/Peripheral/ch32v10x_tim.o
                0x0000000000002bca                TIM_Cmd
 .text.TIM_CtrlPWMOutputs
                0x0000000000002c22       0x60 ./Libraries/wch_libraries/Peripheral/ch32v10x_tim.o
                0x0000000000002c22                TIM_CtrlPWMOutputs
 .text.TIM_ITConfig
                0x0000000000002c82       0x70 ./Libraries/wch_libraries/Peripheral/ch32v10x_tim.o
                0x0000000000002c82                TIM_ITConfig
 .text.TIM_OC1PreloadConfig
                0x0000000000002cf2       0x4c ./Libraries/wch_libraries/Peripheral/ch32v10x_tim.o
                0x0000000000002cf2                TIM_OC1PreloadConfig
 .text.TIM_OC2PreloadConfig
                0x0000000000002d3e       0x5a ./Libraries/wch_libraries/Peripheral/ch32v10x_tim.o
                0x0000000000002d3e                TIM_OC2PreloadConfig
 .text.TIM_OC3PreloadConfig
                0x0000000000002d98       0x4c ./Libraries/wch_libraries/Peripheral/ch32v10x_tim.o
                0x0000000000002d98                TIM_OC3PreloadConfig
 .text.TIM_OC4PreloadConfig
                0x0000000000002de4       0x5a ./Libraries/wch_libraries/Peripheral/ch32v10x_tim.o
                0x0000000000002de4                TIM_OC4PreloadConfig
 .text.TIM_OC1FastConfig
                0x0000000000002e3e       0x4c ./Libraries/wch_libraries/Peripheral/ch32v10x_tim.o
                0x0000000000002e3e                TIM_OC1FastConfig
 .text.TIM_OC2FastConfig
                0x0000000000002e8a       0x56 ./Libraries/wch_libraries/Peripheral/ch32v10x_tim.o
                0x0000000000002e8a                TIM_OC2FastConfig
 .text.TIM_OC3FastConfig
                0x0000000000002ee0       0x4c ./Libraries/wch_libraries/Peripheral/ch32v10x_tim.o
                0x0000000000002ee0                TIM_OC3FastConfig
 .text.TIM_OC4FastConfig
                0x0000000000002f2c       0x56 ./Libraries/wch_libraries/Peripheral/ch32v10x_tim.o
                0x0000000000002f2c                TIM_OC4FastConfig
 .text.TIM_GetITStatus
                0x0000000000002f82       0x70 ./Libraries/wch_libraries/Peripheral/ch32v10x_tim.o
                0x0000000000002f82                TIM_GetITStatus
 .text.TIM_ClearITPendingBit
                0x0000000000002ff2       0x2e ./Libraries/wch_libraries/Peripheral/ch32v10x_tim.o
                0x0000000000002ff2                TIM_ClearITPendingBit
 .text.USART_Init
                0x0000000000003020      0x234 ./Libraries/wch_libraries/Peripheral/ch32v10x_usart.o
                0x0000000000003020                USART_Init
 .text.USART_Cmd
                0x0000000000003254       0x60 ./Libraries/wch_libraries/Peripheral/ch32v10x_usart.o
                0x0000000000003254                USART_Cmd
 .text.USART_ITConfig
                0x00000000000032b4       0xc4 ./Libraries/wch_libraries/Peripheral/ch32v10x_usart.o
                0x00000000000032b4                USART_ITConfig
 .text.USART_SendData
                0x0000000000003378       0x2e ./Libraries/wch_libraries/Peripheral/ch32v10x_usart.o
                0x0000000000003378                USART_SendData
 .text.USART_GetFlagStatus
                0x00000000000033a6       0x46 ./Libraries/wch_libraries/Peripheral/ch32v10x_usart.o
                0x00000000000033a6                USART_GetFlagStatus
 .text.USART_GetITStatus
                0x00000000000033ec      0x102 ./Libraries/wch_libraries/Peripheral/ch32v10x_usart.o
                0x00000000000033ec                USART_GetITStatus
 .text.USART_ClearITPendingBit
                0x00000000000034ee       0x4e ./Libraries/wch_libraries/Peripheral/ch32v10x_usart.o
                0x00000000000034ee                USART_ClearITPendingBit
 .text.spi_wr_byte
                0x000000000000353c       0x30 ./Libraries/seekfree_peripheral/SEEKFREE_ABSOLUTE_ENCODER.o
                0x000000000000353c                spi_wr_byte
 .text.encoder_spi_w_reg_byte
                0x000000000000356c      0x144 ./Libraries/seekfree_peripheral/SEEKFREE_ABSOLUTE_ENCODER.o
                0x000000000000356c                encoder_spi_w_reg_byte
 .text.encoder_spi_r_reg_byte
                0x00000000000036b0      0x130 ./Libraries/seekfree_peripheral/SEEKFREE_ABSOLUTE_ENCODER.o
                0x00000000000036b0                encoder_spi_r_reg_byte
 .text.set_zero_position_spi
                0x00000000000037e0       0x5e ./Libraries/seekfree_peripheral/SEEKFREE_ABSOLUTE_ENCODER.o
                0x00000000000037e0                set_zero_position_spi
 .text.encoder1_speed_spi
                0x000000000000383e      0x104 ./Libraries/seekfree_peripheral/SEEKFREE_ABSOLUTE_ENCODER.o
                0x000000000000383e                encoder1_speed_spi
 .text.encoder2_speed_spi
                0x0000000000003942      0x108 ./Libraries/seekfree_peripheral/SEEKFREE_ABSOLUTE_ENCODER.o
                0x0000000000003942                encoder2_speed_spi
 .text.encoder4_speed_spi
                0x0000000000003a4a      0x108 ./Libraries/seekfree_peripheral/SEEKFREE_ABSOLUTE_ENCODER.o
                0x0000000000003a4a                encoder4_speed_spi
 .text.encoder_self5_check
                0x0000000000003b52       0x30 ./Libraries/seekfree_peripheral/SEEKFREE_ABSOLUTE_ENCODER.o
                0x0000000000003b52                encoder_self5_check
 .text.encoder_init_spi
                0x0000000000003b82       0x4c ./Libraries/seekfree_peripheral/SEEKFREE_ABSOLUTE_ENCODER.o
                0x0000000000003b82                encoder_init_spi
 .text.ips114_writeIndex
                0x0000000000003bce       0x52 ./Libraries/seekfree_peripheral/SEEKFREE_IPS114_SPI.o
                0x0000000000003bce                ips114_writeIndex
 .text.ips114_writeData
                0x0000000000003c20       0x52 ./Libraries/seekfree_peripheral/SEEKFREE_IPS114_SPI.o
                0x0000000000003c20                ips114_writeData
 .text.ips114_writedata_16bit
                0x0000000000003c72       0x70 ./Libraries/seekfree_peripheral/SEEKFREE_IPS114_SPI.o
                0x0000000000003c72                ips114_writedata_16bit
 .text.ips114_init
                0x0000000000003ce2      0x260 ./Libraries/seekfree_peripheral/SEEKFREE_IPS114_SPI.o
                0x0000000000003ce2                ips114_init
 .text.ips114_set_region
                0x0000000000003f42       0x8c ./Libraries/seekfree_peripheral/SEEKFREE_IPS114_SPI.o
                0x0000000000003f42                ips114_set_region
 .text.ips114_clear
                0x0000000000003fce       0x68 ./Libraries/seekfree_peripheral/SEEKFREE_IPS114_SPI.o
                0x0000000000003fce                ips114_clear
 .text.ips114_showchar
                0x0000000000004036       0xe6 ./Libraries/seekfree_peripheral/SEEKFREE_IPS114_SPI.o
                0x0000000000004036                ips114_showchar
 .text.ips114_showstr
                0x000000000000411c       0x7c ./Libraries/seekfree_peripheral/SEEKFREE_IPS114_SPI.o
                0x000000000000411c                ips114_showstr
 .text.mt9v03x_uart_callback
                0x0000000000004198       0x70 ./Libraries/seekfree_peripheral/SEEKFREE_MT9V03X.o
                0x0000000000004198                mt9v03x_uart_callback
 .text.mt9v03x_dma
                0x0000000000004208       0x2e ./Libraries/seekfree_peripheral/SEEKFREE_MT9V03X.o
                0x0000000000004208                mt9v03x_dma
 .text.seekfree_wireless_init
                0x0000000000004236       0x3c ./Libraries/seekfree_peripheral/SEEKFREE_WIRELESS.o
                0x0000000000004236                seekfree_wireless_init
 .text.seekfree_wireless_send_buff
                0x0000000000004272       0x76 ./Libraries/seekfree_peripheral/SEEKFREE_WIRELESS.o
                0x0000000000004272                seekfree_wireless_send_buff
 .text.flash_check
                0x00000000000042e8       0x62 ./Libraries/seekfree_libraries/zf_flash.o
                0x00000000000042e8                flash_check
 .text.flash_erase_page
                0x000000000000434a       0x68 ./Libraries/seekfree_libraries/zf_flash.o
                0x000000000000434a                flash_erase_page
 .text.flash_page_read
                0x00000000000043b2       0x84 ./Libraries/seekfree_libraries/zf_flash.o
                0x00000000000043b2                flash_page_read
 .text.flash_page_program
                0x0000000000004436       0xac ./Libraries/seekfree_libraries/zf_flash.o
                0x0000000000004436                flash_page_program
 .text.gpio_init
                0x00000000000044e2      0x1a4 ./Libraries/seekfree_libraries/zf_gpio.o
                0x00000000000044e2                gpio_init
 .text.gpio_set
                0x0000000000004686       0x7e ./Libraries/seekfree_libraries/zf_gpio.o
                0x0000000000004686                gpio_set
 .text.gpio_get
                0x0000000000004704       0x56 ./Libraries/seekfree_libraries/zf_gpio.o
                0x0000000000004704                gpio_get
 .text.gpio_interrupt_init
                0x000000000000475a       0x82 ./Libraries/seekfree_libraries/zf_gpio.o
                0x000000000000475a                gpio_interrupt_init
 .text.nvic_init
                0x00000000000047dc       0x98 ./Libraries/seekfree_libraries/zf_nvic.o
                0x00000000000047dc                nvic_init
 .text.close_all_irq
                0x0000000000004874       0x22 ./Libraries/seekfree_libraries/zf_nvic.o
                0x0000000000004874                close_all_irq
 .text.sys_recover_irq
                0x0000000000004896       0x28 ./Libraries/seekfree_libraries/zf_nvic.o
                0x0000000000004896                sys_recover_irq
 .text.DisableGlobalIRQ
                0x00000000000048be       0x3c ./Libraries/seekfree_libraries/zf_nvic.o
                0x00000000000048be                DisableGlobalIRQ
 .text.EnableGlobalIRQ
                0x00000000000048fa       0x28 ./Libraries/seekfree_libraries/zf_nvic.o
                0x00000000000048fa                EnableGlobalIRQ
 .text.timer_pit_interrupt_ms
                0x0000000000004922      0x18e ./Libraries/seekfree_libraries/zf_pit.o
                0x0000000000004922                timer_pit_interrupt_ms
 .text.pwm_gpio_init
                0x0000000000004ab0      0x364 ./Libraries/seekfree_libraries/zf_pwm.o
                0x0000000000004ab0                pwm_gpio_init
 .text.pwm_init
                0x0000000000004e14      0x3c4 ./Libraries/seekfree_libraries/zf_pwm.o
                0x0000000000004e14                pwm_init
 .text.pwm_duty
                0x00000000000051d8       0xf2 ./Libraries/seekfree_libraries/zf_pwm.o
                0x00000000000051d8                pwm_duty
 .text.spi_gpio_init
                0x00000000000052ca      0x18e ./Libraries/seekfree_libraries/zf_spi.o
                0x00000000000052ca                spi_gpio_init
 .text.spi_init
                0x0000000000005458      0x136 ./Libraries/seekfree_libraries/zf_spi.o
                0x0000000000005458                spi_init
 .text.spi_mosi
                0x000000000000558e       0xc2 ./Libraries/seekfree_libraries/zf_spi.o
                0x000000000000558e                spi_mosi
 .text.systick_delay
                0x0000000000005650       0x94 ./Libraries/seekfree_libraries/zf_systick.o
                0x0000000000005650                systick_delay
 .text.uart_gpio_init
                0x00000000000056e4       0xec ./Libraries/seekfree_libraries/zf_uart.o
                0x00000000000056e4                uart_gpio_init
 .text.uart_init
                0x00000000000057d0      0x106 ./Libraries/seekfree_libraries/zf_uart.o
                0x00000000000057d0                uart_init
 .text.uart_putchar
                0x00000000000058d6       0x56 ./Libraries/seekfree_libraries/zf_uart.o
                0x00000000000058d6                uart_putchar
 .text.uart_putbuff
                0x000000000000592c       0x48 ./Libraries/seekfree_libraries/zf_uart.o
                0x000000000000592c                uart_putbuff
 .text.uart_rx_irq
                0x0000000000005974       0x50 ./Libraries/seekfree_libraries/zf_uart.o
                0x0000000000005974                uart_rx_irq
 .text.board_init
                0x00000000000059c4       0x48 ./Libraries/board/board.o
                0x00000000000059c4                board_init
 .text._write   0x0000000000005a0c       0x78 ./Libraries/board/board.o
                0x0000000000005a0c                _write
 .text.SetSysClock
                0x0000000000005a84      0x140 ./Libraries/board/clock_config.o
 .text.SystemInit
                0x0000000000005bc4       0x7e ./Libraries/board/clock_config.o
                0x0000000000005bc4                SystemInit
 .text.Peripherals_Init
                0x0000000000005c42      0x1d6 ./CODE/function.o
                0x0000000000005c42                Peripherals_Init
 .text.show_car
                0x0000000000005e18      0x18a ./CODE/function.o
                0x0000000000005e18                show_car
 .text.DMA_Tx_Init
                0x0000000000005fa2       0x8c ./CODE/function.o
                0x0000000000005fa2                DMA_Tx_Init
 .text.ADC_Function_Init
                0x000000000000602e      0x1ca ./CODE/function.o
                0x000000000000602e                ADC_Function_Init
 .text.adc_mean
                0x00000000000061f8       0x74 ./CODE/function.o
                0x00000000000061f8                adc_mean
 .text.backtoreal
                0x000000000000626c      0x15a ./CODE/function.o
                0x000000000000626c                backtoreal
 .text.ad_calculate
                0x00000000000063c6      0x46e ./CODE/function.o
                0x00000000000063c6                ad_calculate
 .text.key_scan
                0x0000000000006834       0xc8 ./CODE/key.o
                0x0000000000006834                key_scan
 .text.motor1_ctl
                0x00000000000068fc       0x54 ./CODE/motor.o
                0x00000000000068fc                motor1_ctl
 .text.motor2_ctl
                0x0000000000006950       0x54 ./CODE/motor.o
                0x0000000000006950                motor2_ctl
 .text.motor3_ctl
                0x00000000000069a4       0x50 ./CODE/motor.o
                0x00000000000069a4                motor3_ctl
 .text.motor4_ctl
                0x00000000000069f4       0x54 ./CODE/motor.o
                0x00000000000069f4                motor4_ctl
 .text.speed_conversion
                0x0000000000006a48      0x196 ./CODE/motor.o
                0x0000000000006a48                speed_conversion
 .text.PID_Init
                0x0000000000006bde      0x13e ./CODE/pid.o
                0x0000000000006bde                PID_Init
 .text.PID_Speed
                0x0000000000006d1c      0x184 ./CODE/pid.o
                0x0000000000006d1c                PID_Speed
 .text.direction_pid
                0x0000000000006ea0      0x144 ./CODE/pid.o
                0x0000000000006ea0                direction_pid
 .text.sqrt     0x0000000000006fe4       0xb6 e:/software/mounr/mounriver_studio/toolchain/risc-v embedded gcc/bin/../lib/gcc/riscv-none-embed/8.2.0/../../../../riscv-none-embed/lib/rv32imac/ilp32\libm.a(lib_a-w_sqrt.o)
                0x0000000000006fe4                sqrt
 .text.__ieee754_sqrt
                0x000000000000709a      0x1d2 e:/software/mounr/mounriver_studio/toolchain/risc-v embedded gcc/bin/../lib/gcc/riscv-none-embed/8.2.0/../../../../riscv-none-embed/lib/rv32imac/ilp32\libm.a(lib_a-e_sqrt.o)
                0x000000000000709a                __ieee754_sqrt
 .text.matherr  0x000000000000726c        0x4 e:/software/mounr/mounriver_studio/toolchain/risc-v embedded gcc/bin/../lib/gcc/riscv-none-embed/8.2.0/../../../../riscv-none-embed/lib/rv32imac/ilp32\libm.a(lib_a-s_matherr.o)
                0x000000000000726c                matherr
 .text.__adddf3
                0x0000000000007270      0x730 e:/software/mounr/mounriver_studio/toolchain/risc-v embedded gcc/bin/../lib/gcc/riscv-none-embed/8.2.0/rv32imac/ilp32\libgcc.a(adddf3.o)
                0x0000000000007270                __adddf3
 .text.__divdf3
                0x00000000000079a0      0x5b4 e:/software/mounr/mounriver_studio/toolchain/risc-v embedded gcc/bin/../lib/gcc/riscv-none-embed/8.2.0/rv32imac/ilp32\libgcc.a(divdf3.o)
                0x00000000000079a0                __divdf3
 .text.__ledf2  0x0000000000007f54       0xb6 e:/software/mounr/mounriver_studio/toolchain/risc-v embedded gcc/bin/../lib/gcc/riscv-none-embed/8.2.0/rv32imac/ilp32\libgcc.a(ledf2.o)
                0x0000000000007f54                __ledf2
                0x0000000000007f54                __ltdf2
 .text.__muldf3
                0x000000000000800a      0x4b8 e:/software/mounr/mounriver_studio/toolchain/risc-v embedded gcc/bin/../lib/gcc/riscv-none-embed/8.2.0/rv32imac/ilp32\libgcc.a(muldf3.o)
                0x000000000000800a                __muldf3
 .text.__subdf3
                0x00000000000084c2      0x73e e:/software/mounr/mounriver_studio/toolchain/risc-v embedded gcc/bin/../lib/gcc/riscv-none-embed/8.2.0/rv32imac/ilp32\libgcc.a(subdf3.o)
                0x00000000000084c2                __subdf3
 .text.__unorddf2
                0x0000000000008c00       0x3c e:/software/mounr/mounriver_studio/toolchain/risc-v embedded gcc/bin/../lib/gcc/riscv-none-embed/8.2.0/rv32imac/ilp32\libgcc.a(unorddf2.o)
                0x0000000000008c00                __unorddf2
 .text.__fixdfsi
                0x0000000000008c3c       0x68 e:/software/mounr/mounriver_studio/toolchain/risc-v embedded gcc/bin/../lib/gcc/riscv-none-embed/8.2.0/rv32imac/ilp32\libgcc.a(fixdfsi.o)
                0x0000000000008c3c                __fixdfsi
 .text.__fixunsdfsi
                0x0000000000008ca4       0x5c e:/software/mounr/mounriver_studio/toolchain/risc-v embedded gcc/bin/../lib/gcc/riscv-none-embed/8.2.0/rv32imac/ilp32\libgcc.a(fixunsdfsi.o)
                0x0000000000008ca4                __fixunsdfsi
 .text.__floatsidf
                0x0000000000008d00       0x72 e:/software/mounr/mounriver_studio/toolchain/risc-v embedded gcc/bin/../lib/gcc/riscv-none-embed/8.2.0/rv32imac/ilp32\libgcc.a(floatsidf.o)
                0x0000000000008d00                __floatsidf
 .text.__floatunsidf
                0x0000000000008d72       0x68 e:/software/mounr/mounriver_studio/toolchain/risc-v embedded gcc/bin/../lib/gcc/riscv-none-embed/8.2.0/rv32imac/ilp32\libgcc.a(floatunsidf.o)
                0x0000000000008d72                __floatunsidf
 .text.__addsf3
                0x0000000000008dda      0x36a e:/software/mounr/mounriver_studio/toolchain/risc-v embedded gcc/bin/../lib/gcc/riscv-none-embed/8.2.0/rv32imac/ilp32\libgcc.a(addsf3.o)
                0x0000000000008dda                __addsf3
 .text.__divsf3
                0x0000000000009144      0x2b2 e:/software/mounr/mounriver_studio/toolchain/risc-v embedded gcc/bin/../lib/gcc/riscv-none-embed/8.2.0/rv32imac/ilp32\libgcc.a(divsf3.o)
                0x0000000000009144                __divsf3
 .text.__gesf2  0x00000000000093f6       0x86 e:/software/mounr/mounriver_studio/toolchain/risc-v embedded gcc/bin/../lib/gcc/riscv-none-embed/8.2.0/rv32imac/ilp32\libgcc.a(gesf2.o)
                0x00000000000093f6                __gesf2
                0x00000000000093f6                __gtsf2
 .text.__lesf2  0x000000000000947c       0x8c e:/software/mounr/mounriver_studio/toolchain/risc-v embedded gcc/bin/../lib/gcc/riscv-none-embed/8.2.0/rv32imac/ilp32\libgcc.a(lesf2.o)
                0x000000000000947c                __ltsf2
                0x000000000000947c                __lesf2
 .text.__mulsf3
                0x0000000000009508      0x290 e:/software/mounr/mounriver_studio/toolchain/risc-v embedded gcc/bin/../lib/gcc/riscv-none-embed/8.2.0/rv32imac/ilp32\libgcc.a(mulsf3.o)
                0x0000000000009508                __mulsf3
 .text.__subsf3
                0x0000000000009798      0x388 e:/software/mounr/mounriver_studio/toolchain/risc-v embedded gcc/bin/../lib/gcc/riscv-none-embed/8.2.0/rv32imac/ilp32\libgcc.a(subsf3.o)
                0x0000000000009798                __subsf3
 .text.__fixsfsi
                0x0000000000009b20       0x62 e:/software/mounr/mounriver_studio/toolchain/risc-v embedded gcc/bin/../lib/gcc/riscv-none-embed/8.2.0/rv32imac/ilp32\libgcc.a(fixsfsi.o)
                0x0000000000009b20                __fixsfsi
 .text.__floatsisf
                0x0000000000009b82       0xc6 e:/software/mounr/mounriver_studio/toolchain/risc-v embedded gcc/bin/../lib/gcc/riscv-none-embed/8.2.0/rv32imac/ilp32\libgcc.a(floatsisf.o)
                0x0000000000009b82                __floatsisf
 .text.__floatunsisf
                0x0000000000009c48       0xce e:/software/mounr/mounriver_studio/toolchain/risc-v embedded gcc/bin/../lib/gcc/riscv-none-embed/8.2.0/rv32imac/ilp32\libgcc.a(floatunsisf.o)
                0x0000000000009c48                __floatunsisf
 .text.__extendsfdf2
                0x0000000000009d16       0xac e:/software/mounr/mounriver_studio/toolchain/risc-v embedded gcc/bin/../lib/gcc/riscv-none-embed/8.2.0/rv32imac/ilp32\libgcc.a(extendsfdf2.o)
                0x0000000000009d16                __extendsfdf2
 .text.__clzsi2
                0x0000000000009dc2       0x76 e:/software/mounr/mounriver_studio/toolchain/risc-v embedded gcc/bin/../lib/gcc/riscv-none-embed/8.2.0/rv32imac/ilp32\libgcc.a(_clzsi2.o)
                0x0000000000009dc2                __clzsi2
 .text.__assert_func
                0x0000000000009e38       0x3a e:/software/mounr/mounriver_studio/toolchain/risc-v embedded gcc/bin/../lib/gcc/riscv-none-embed/8.2.0/../../../../riscv-none-embed/lib/rv32imac/ilp32\libg_nano.a(lib_a-assert.o)
                0x0000000000009e38                __assert_func
 .text.__errno  0x0000000000009e72        0x8 e:/software/mounr/mounriver_studio/toolchain/risc-v embedded gcc/bin/../lib/gcc/riscv-none-embed/8.2.0/../../../../riscv-none-embed/lib/rv32imac/ilp32\libg_nano.a(lib_a-errno.o)
                0x0000000000009e72                __errno
 .text.fprintf  0x0000000000009e7a       0x26 e:/software/mounr/mounriver_studio/toolchain/risc-v embedded gcc/bin/../lib/gcc/riscv-none-embed/8.2.0/../../../../riscv-none-embed/lib/rv32imac/ilp32\libg_nano.a(lib_a-fprintf.o)
                0x0000000000009e7a                fiprintf
                0x0000000000009e7a                fprintf
 .text.memcpy   0x0000000000009ea0       0xb6 e:/software/mounr/mounriver_studio/toolchain/risc-v embedded gcc/bin/../lib/gcc/riscv-none-embed/8.2.0/../../../../riscv-none-embed/lib/rv32imac/ilp32\libg_nano.a(lib_a-memcpy.o)
                0x0000000000009ea0                memcpy
 .text.__sfputc_r
                0x0000000000009f56       0x28 e:/software/mounr/mounriver_studio/toolchain/risc-v embedded gcc/bin/../lib/gcc/riscv-none-embed/8.2.0/../../../../riscv-none-embed/lib/rv32imac/ilp32\libg_nano.a(lib_a-nano-vfprintf.o)
 .text.__sfputs_r
                0x0000000000009f7e       0x44 e:/software/mounr/mounriver_studio/toolchain/risc-v embedded gcc/bin/../lib/gcc/riscv-none-embed/8.2.0/../../../../riscv-none-embed/lib/rv32imac/ilp32\libg_nano.a(lib_a-nano-vfprintf.o)
                0x0000000000009f7e                __sfputs_r
 .text._vfprintf_r
                0x0000000000009fc2      0x2a0 e:/software/mounr/mounriver_studio/toolchain/risc-v embedded gcc/bin/../lib/gcc/riscv-none-embed/8.2.0/../../../../riscv-none-embed/lib/rv32imac/ilp32\libg_nano.a(lib_a-nano-vfprintf.o)
                0x0000000000009fc2                _vfprintf_r
                0x0000000000009fc2                _vfiprintf_r
 .text._printf_common
                0x000000000000a262      0x10c e:/software/mounr/mounriver_studio/toolchain/risc-v embedded gcc/bin/../lib/gcc/riscv-none-embed/8.2.0/../../../../riscv-none-embed/lib/rv32imac/ilp32\libg_nano.a(lib_a-nano-vfprintf_i.o)
                0x000000000000a262                _printf_common
 .text._printf_i
                0x000000000000a36e      0x2a4 e:/software/mounr/mounriver_studio/toolchain/risc-v embedded gcc/bin/../lib/gcc/riscv-none-embed/8.2.0/../../../../riscv-none-embed/lib/rv32imac/ilp32\libg_nano.a(lib_a-nano-vfprintf_i.o)
                0x000000000000a36e                _printf_i
 .text.sprintf  0x000000000000a612       0x46 e:/software/mounr/mounriver_studio/toolchain/risc-v embedded gcc/bin/../lib/gcc/riscv-none-embed/8.2.0/../../../../riscv-none-embed/lib/rv32imac/ilp32\libg_nano.a(lib_a-sprintf.o)
                0x000000000000a612                siprintf
                0x000000000000a612                sprintf
 .text.__swbuf_r
                0x000000000000a658       0xc0 e:/software/mounr/mounriver_studio/toolchain/risc-v embedded gcc/bin/../lib/gcc/riscv-none-embed/8.2.0/../../../../riscv-none-embed/lib/rv32imac/ilp32\libg_nano.a(lib_a-wbuf.o)
                0x000000000000a658                __swbuf_r
 .text.__swsetup_r
                0x000000000000a718      0x10c e:/software/mounr/mounriver_studio/toolchain/risc-v embedded gcc/bin/../lib/gcc/riscv-none-embed/8.2.0/../../../../riscv-none-embed/lib/rv32imac/ilp32\libg_nano.a(lib_a-wsetup.o)
                0x000000000000a718                __swsetup_r
 .text.abort    0x000000000000a824       0x10 e:/software/mounr/mounriver_studio/toolchain/risc-v embedded gcc/bin/../lib/gcc/riscv-none-embed/8.2.0/../../../../riscv-none-embed/lib/rv32imac/ilp32\libg_nano.a(lib_a-abort.o)
                0x000000000000a824                abort
 .text.__sflush_r
                0x000000000000a834      0x13c e:/software/mounr/mounriver_studio/toolchain/risc-v embedded gcc/bin/../lib/gcc/riscv-none-embed/8.2.0/../../../../riscv-none-embed/lib/rv32imac/ilp32\libg_nano.a(lib_a-fflush.o)
                0x000000000000a834                __sflush_r
 .text._fflush_r
                0x000000000000a970       0x66 e:/software/mounr/mounriver_studio/toolchain/risc-v embedded gcc/bin/../lib/gcc/riscv-none-embed/8.2.0/../../../../riscv-none-embed/lib/rv32imac/ilp32\libg_nano.a(lib_a-fflush.o)
                0x000000000000a970                _fflush_r
 .text.std      0x000000000000a9d6       0x6a e:/software/mounr/mounriver_studio/toolchain/risc-v embedded gcc/bin/../lib/gcc/riscv-none-embed/8.2.0/../../../../riscv-none-embed/lib/rv32imac/ilp32\libg_nano.a(lib_a-findfp.o)
 .text._cleanup_r
                0x000000000000aa40        0xa e:/software/mounr/mounriver_studio/toolchain/risc-v embedded gcc/bin/../lib/gcc/riscv-none-embed/8.2.0/../../../../riscv-none-embed/lib/rv32imac/ilp32\libg_nano.a(lib_a-findfp.o)
                0x000000000000aa40                _cleanup_r
 .text.__sfmoreglue
                0x000000000000aa4a       0x46 e:/software/mounr/mounriver_studio/toolchain/risc-v embedded gcc/bin/../lib/gcc/riscv-none-embed/8.2.0/../../../../riscv-none-embed/lib/rv32imac/ilp32\libg_nano.a(lib_a-findfp.o)
                0x000000000000aa4a                __sfmoreglue
 .text.__sinit  0x000000000000aa90       0x6c e:/software/mounr/mounriver_studio/toolchain/risc-v embedded gcc/bin/../lib/gcc/riscv-none-embed/8.2.0/../../../../riscv-none-embed/lib/rv32imac/ilp32\libg_nano.a(lib_a-findfp.o)
                0x000000000000aa90                __sinit
 .text.__sfp    0x000000000000aafc       0xa0 e:/software/mounr/mounriver_studio/toolchain/risc-v embedded gcc/bin/../lib/gcc/riscv-none-embed/8.2.0/../../../../riscv-none-embed/lib/rv32imac/ilp32\libg_nano.a(lib_a-findfp.o)
                0x000000000000aafc                __sfp
 .text._fwalk_reent
                0x000000000000ab9c       0x6c e:/software/mounr/mounriver_studio/toolchain/risc-v embedded gcc/bin/../lib/gcc/riscv-none-embed/8.2.0/../../../../riscv-none-embed/lib/rv32imac/ilp32\libg_nano.a(lib_a-fwalk.o)
                0x000000000000ab9c                _fwalk_reent
 .text.__swhatbuf_r
                0x000000000000ac08       0x5a e:/software/mounr/mounriver_studio/toolchain/risc-v embedded gcc/bin/../lib/gcc/riscv-none-embed/8.2.0/../../../../riscv-none-embed/lib/rv32imac/ilp32\libg_nano.a(lib_a-makebuf.o)
                0x000000000000ac08                __swhatbuf_r
 .text.__smakebuf_r
                0x000000000000ac62       0xa0 e:/software/mounr/mounriver_studio/toolchain/risc-v embedded gcc/bin/../lib/gcc/riscv-none-embed/8.2.0/../../../../riscv-none-embed/lib/rv32imac/ilp32\libg_nano.a(lib_a-makebuf.o)
                0x000000000000ac62                __smakebuf_r
 .text.memchr   0x000000000000ad02       0x1a e:/software/mounr/mounriver_studio/toolchain/risc-v embedded gcc/bin/../lib/gcc/riscv-none-embed/8.2.0/../../../../riscv-none-embed/lib/rv32imac/ilp32\libg_nano.a(lib_a-memchr.o)
                0x000000000000ad02                memchr
 .text.memmove  0x000000000000ad1c       0x4a e:/software/mounr/mounriver_studio/toolchain/risc-v embedded gcc/bin/../lib/gcc/riscv-none-embed/8.2.0/../../../../riscv-none-embed/lib/rv32imac/ilp32\libg_nano.a(lib_a-memmove.o)
                0x000000000000ad1c                memmove
 .text._free_r  0x000000000000ad66       0xa8 e:/software/mounr/mounriver_studio/toolchain/risc-v embedded gcc/bin/../lib/gcc/riscv-none-embed/8.2.0/../../../../riscv-none-embed/lib/rv32imac/ilp32\libg_nano.a(lib_a-nano-freer.o)
                0x000000000000ad66                _free_r
 .text._malloc_r
                0x000000000000ae0e       0xce e:/software/mounr/mounriver_studio/toolchain/risc-v embedded gcc/bin/../lib/gcc/riscv-none-embed/8.2.0/../../../../riscv-none-embed/lib/rv32imac/ilp32\libg_nano.a(lib_a-nano-mallocr.o)
                0x000000000000ae0e                _malloc_r
 .text._realloc_r
                0x000000000000aedc       0x58 e:/software/mounr/mounriver_studio/toolchain/risc-v embedded gcc/bin/../lib/gcc/riscv-none-embed/8.2.0/../../../../riscv-none-embed/lib/rv32imac/ilp32\libg_nano.a(lib_a-nano-reallocr.o)
                0x000000000000aedc                _realloc_r
 .text.__ssputs_r
                0x000000000000af34       0xee e:/software/mounr/mounriver_studio/toolchain/risc-v embedded gcc/bin/../lib/gcc/riscv-none-embed/8.2.0/../../../../riscv-none-embed/lib/rv32imac/ilp32\libg_nano.a(lib_a-nano-svfprintf.o)
                0x000000000000af34                __ssputs_r
 .text._svfprintf_r
                0x000000000000b022      0x282 e:/software/mounr/mounriver_studio/toolchain/risc-v embedded gcc/bin/../lib/gcc/riscv-none-embed/8.2.0/../../../../riscv-none-embed/lib/rv32imac/ilp32\libg_nano.a(lib_a-nano-svfprintf.o)
                0x000000000000b022                _svfiprintf_r
                0x000000000000b022                _svfprintf_r
 .text._sbrk_r  0x000000000000b2a4       0x28 e:/software/mounr/mounriver_studio/toolchain/risc-v embedded gcc/bin/../lib/gcc/riscv-none-embed/8.2.0/../../../../riscv-none-embed/lib/rv32imac/ilp32\libg_nano.a(lib_a-sbrkr.o)
                0x000000000000b2a4                _sbrk_r
 .text._raise_r
                0x000000000000b2cc       0x62 e:/software/mounr/mounriver_studio/toolchain/risc-v embedded gcc/bin/../lib/gcc/riscv-none-embed/8.2.0/../../../../riscv-none-embed/lib/rv32imac/ilp32\libg_nano.a(lib_a-signal.o)
                0x000000000000b2cc                _raise_r
 .text.raise    0x000000000000b32e        0xc e:/software/mounr/mounriver_studio/toolchain/risc-v embedded gcc/bin/../lib/gcc/riscv-none-embed/8.2.0/../../../../riscv-none-embed/lib/rv32imac/ilp32\libg_nano.a(lib_a-signal.o)
                0x000000000000b32e                raise
 .text._kill_r  0x000000000000b33a       0x2a e:/software/mounr/mounriver_studio/toolchain/risc-v embedded gcc/bin/../lib/gcc/riscv-none-embed/8.2.0/../../../../riscv-none-embed/lib/rv32imac/ilp32\libg_nano.a(lib_a-signalr.o)
                0x000000000000b33a                _kill_r
 .text._getpid_r
                0x000000000000b364        0x2 e:/software/mounr/mounriver_studio/toolchain/risc-v embedded gcc/bin/../lib/gcc/riscv-none-embed/8.2.0/../../../../riscv-none-embed/lib/rv32imac/ilp32\libg_nano.a(lib_a-signalr.o)
                0x000000000000b364                _getpid_r
 .text.__sread  0x000000000000b366       0x30 e:/software/mounr/mounriver_studio/toolchain/risc-v embedded gcc/bin/../lib/gcc/riscv-none-embed/8.2.0/../../../../riscv-none-embed/lib/rv32imac/ilp32\libg_nano.a(lib_a-stdio.o)
                0x000000000000b366                __sread
 .text.__swrite
                0x000000000000b396       0x4e e:/software/mounr/mounriver_studio/toolchain/risc-v embedded gcc/bin/../lib/gcc/riscv-none-embed/8.2.0/../../../../riscv-none-embed/lib/rv32imac/ilp32\libg_nano.a(lib_a-stdio.o)
                0x000000000000b396                __swrite
 .text.__sseek  0x000000000000b3e4       0x36 e:/software/mounr/mounriver_studio/toolchain/risc-v embedded gcc/bin/../lib/gcc/riscv-none-embed/8.2.0/../../../../riscv-none-embed/lib/rv32imac/ilp32\libg_nano.a(lib_a-stdio.o)
                0x000000000000b3e4                __sseek
 .text.__sclose
                0x000000000000b41a        0x6 e:/software/mounr/mounriver_studio/toolchain/risc-v embedded gcc/bin/../lib/gcc/riscv-none-embed/8.2.0/../../../../riscv-none-embed/lib/rv32imac/ilp32\libg_nano.a(lib_a-stdio.o)
                0x000000000000b41a                __sclose
 .text._write_r
                0x000000000000b420       0x2e e:/software/mounr/mounriver_studio/toolchain/risc-v embedded gcc/bin/../lib/gcc/riscv-none-embed/8.2.0/../../../../riscv-none-embed/lib/rv32imac/ilp32\libg_nano.a(lib_a-writer.o)
                0x000000000000b420                _write_r
 .text._close_r
                0x000000000000b44e       0x28 e:/software/mounr/mounriver_studio/toolchain/risc-v embedded gcc/bin/../lib/gcc/riscv-none-embed/8.2.0/../../../../riscv-none-embed/lib/rv32imac/ilp32\libg_nano.a(lib_a-closer.o)
                0x000000000000b44e                _close_r
 .text._fstat_r
                0x000000000000b476       0x2a e:/software/mounr/mounriver_studio/toolchain/risc-v embedded gcc/bin/../lib/gcc/riscv-none-embed/8.2.0/../../../../riscv-none-embed/lib/rv32imac/ilp32\libg_nano.a(lib_a-fstatr.o)
                0x000000000000b476                _fstat_r
 .text._isatty_r
                0x000000000000b4a0       0x28 e:/software/mounr/mounriver_studio/toolchain/risc-v embedded gcc/bin/../lib/gcc/riscv-none-embed/8.2.0/../../../../riscv-none-embed/lib/rv32imac/ilp32\libg_nano.a(lib_a-isattyr.o)
                0x000000000000b4a0                _isatty_r
 .text._lseek_r
                0x000000000000b4c8       0x2c e:/software/mounr/mounriver_studio/toolchain/risc-v embedded gcc/bin/../lib/gcc/riscv-none-embed/8.2.0/../../../../riscv-none-embed/lib/rv32imac/ilp32\libg_nano.a(lib_a-lseekr.o)
                0x000000000000b4c8                _lseek_r
 .text.__malloc_lock
                0x000000000000b4f4        0x2 e:/software/mounr/mounriver_studio/toolchain/risc-v embedded gcc/bin/../lib/gcc/riscv-none-embed/8.2.0/../../../../riscv-none-embed/lib/rv32imac/ilp32\libg_nano.a(lib_a-mlock.o)
                0x000000000000b4f4                __malloc_lock
 .text.__malloc_unlock
                0x000000000000b4f6        0x2 e:/software/mounr/mounriver_studio/toolchain/risc-v embedded gcc/bin/../lib/gcc/riscv-none-embed/8.2.0/../../../../riscv-none-embed/lib/rv32imac/ilp32\libg_nano.a(lib_a-mlock.o)
                0x000000000000b4f6                __malloc_unlock
 .text._malloc_usable_size_r
                0x000000000000b4f8       0x14 e:/software/mounr/mounriver_studio/toolchain/risc-v embedded gcc/bin/../lib/gcc/riscv-none-embed/8.2.0/../../../../riscv-none-embed/lib/rv32imac/ilp32\libg_nano.a(lib_a-nano-msizer.o)
                0x000000000000b4f8                _malloc_usable_size_r
 .text._read_r  0x000000000000b50c       0x2c e:/software/mounr/mounriver_studio/toolchain/risc-v embedded gcc/bin/../lib/gcc/riscv-none-embed/8.2.0/../../../../riscv-none-embed/lib/rv32imac/ilp32\libg_nano.a(lib_a-readr.o)
                0x000000000000b50c                _read_r
 .text._close   0x000000000000b538        0xc e:/software/mounr/mounriver_studio/toolchain/risc-v embedded gcc/bin/../lib/gcc/riscv-none-embed/8.2.0/../../../../riscv-none-embed/lib/rv32imac/ilp32\libnosys.a(close.o)
                0x000000000000b538                _close
 .text._fstat   0x000000000000b544        0xc e:/software/mounr/mounriver_studio/toolchain/risc-v embedded gcc/bin/../lib/gcc/riscv-none-embed/8.2.0/../../../../riscv-none-embed/lib/rv32imac/ilp32\libnosys.a(fstat.o)
                0x000000000000b544                _fstat
 .text._getpid  0x000000000000b550        0xc e:/software/mounr/mounriver_studio/toolchain/risc-v embedded gcc/bin/../lib/gcc/riscv-none-embed/8.2.0/../../../../riscv-none-embed/lib/rv32imac/ilp32\libnosys.a(getpid.o)
                0x000000000000b550                _getpid
 .text._isatty  0x000000000000b55c        0xc e:/software/mounr/mounriver_studio/toolchain/risc-v embedded gcc/bin/../lib/gcc/riscv-none-embed/8.2.0/../../../../riscv-none-embed/lib/rv32imac/ilp32\libnosys.a(isatty.o)
                0x000000000000b55c                _isatty
 .text._kill    0x000000000000b568        0xc e:/software/mounr/mounriver_studio/toolchain/risc-v embedded gcc/bin/../lib/gcc/riscv-none-embed/8.2.0/../../../../riscv-none-embed/lib/rv32imac/ilp32\libnosys.a(kill.o)
                0x000000000000b568                _kill
 .text._lseek   0x000000000000b574        0xc e:/software/mounr/mounriver_studio/toolchain/risc-v embedded gcc/bin/../lib/gcc/riscv-none-embed/8.2.0/../../../../riscv-none-embed/lib/rv32imac/ilp32\libnosys.a(lseek.o)
                0x000000000000b574                _lseek
 .text._read    0x000000000000b580        0xc e:/software/mounr/mounriver_studio/toolchain/risc-v embedded gcc/bin/../lib/gcc/riscv-none-embed/8.2.0/../../../../riscv-none-embed/lib/rv32imac/ilp32\libnosys.a(read.o)
                0x000000000000b580                _read
 .text._sbrk    0x000000000000b58c       0x20 e:/software/mounr/mounriver_studio/toolchain/risc-v embedded gcc/bin/../lib/gcc/riscv-none-embed/8.2.0/../../../../riscv-none-embed/lib/rv32imac/ilp32\libnosys.a(sbrk.o)
                0x000000000000b58c                _sbrk
 .text._exit    0x000000000000b5ac        0x2 e:/software/mounr/mounriver_studio/toolchain/risc-v embedded gcc/bin/../lib/gcc/riscv-none-embed/8.2.0/../../../../riscv-none-embed/lib/rv32imac/ilp32\libnosys.a(_exit.o)
                0x000000000000b5ac                _exit
 *(.rodata)
 *fill*         0x000000000000b5ae        0x2 
 .rodata        0x000000000000b5b0       0x78 ./USER/main.o
 .rodata        0x000000000000b628       0x33 ./Libraries/seekfree_libraries/zf_pit.o
 *fill*         0x000000000000b65b        0x1 
 .rodata        0x000000000000b65c       0x2d ./Libraries/seekfree_libraries/zf_spi.o
 *fill*         0x000000000000b689        0x3 
 .rodata        0x000000000000b68c      0x26c ./CODE/function.o
 *fill*         0x000000000000b8f8        0x0 
 .rodata        0x000000000000b8f8        0x8 ./CODE/motor.o
 .rodata        0x000000000000b900        0x8 ./CODE/pid.o
 *(.rodata*)
 .rodata.tft_ascii
                0x000000000000b908      0x5f0 ./Libraries/seekfree_peripheral/SEEKFREE_FONT.o
                0x000000000000b908                tft_ascii
 .rodata.GPION  0x000000000000bef8       0x10 ./Libraries/seekfree_libraries/zf_gpio.o
                0x000000000000bef8                GPION
 .rodata.__func__.3548
                0x000000000000bf08       0x17 ./Libraries/seekfree_libraries/zf_pit.o
 *fill*         0x000000000000bf1f        0x1 
 .rodata.TIMERN
                0x000000000000bf20       0x10 ./Libraries/seekfree_libraries/zf_qtimer.o
                0x000000000000bf20                TIMERN
 .rodata.__func__.3348
                0x000000000000bf30        0xe ./Libraries/seekfree_libraries/zf_spi.o
 *fill*         0x000000000000bf3e        0x2 
 .rodata.UARTN  0x000000000000bf40       0x10 ./Libraries/seekfree_libraries/zf_uart.o
                0x000000000000bf40                UARTN
 .rodata.sqrt.str1.4
                0x000000000000bf50        0x5 e:/software/mounr/mounriver_studio/toolchain/risc-v embedded gcc/bin/../lib/gcc/riscv-none-embed/8.2.0/../../../../riscv-none-embed/lib/rv32imac/ilp32\libm.a(lib_a-w_sqrt.o)
 *fill*         0x000000000000bf55        0x3 
 .rodata.__divdf3
                0x000000000000bf58       0x40 e:/software/mounr/mounriver_studio/toolchain/risc-v embedded gcc/bin/../lib/gcc/riscv-none-embed/8.2.0/rv32imac/ilp32\libgcc.a(divdf3.o)
 .rodata.__muldf3
                0x000000000000bf98       0x40 e:/software/mounr/mounriver_studio/toolchain/risc-v embedded gcc/bin/../lib/gcc/riscv-none-embed/8.2.0/rv32imac/ilp32\libgcc.a(muldf3.o)
 .rodata.__divsf3
                0x000000000000bfd8       0x80 e:/software/mounr/mounriver_studio/toolchain/risc-v embedded gcc/bin/../lib/gcc/riscv-none-embed/8.2.0/rv32imac/ilp32\libgcc.a(divsf3.o)
 .rodata.__mulsf3
                0x000000000000c058       0x40 e:/software/mounr/mounriver_studio/toolchain/risc-v embedded gcc/bin/../lib/gcc/riscv-none-embed/8.2.0/rv32imac/ilp32\libgcc.a(mulsf3.o)
 .rodata.__clz_tab
                0x000000000000c098      0x100 e:/software/mounr/mounriver_studio/toolchain/risc-v embedded gcc/bin/../lib/gcc/riscv-none-embed/8.2.0/rv32imac/ilp32\libgcc.a(_clz.o)
                0x000000000000c098                __clz_tab
 .rodata.__assert_func.str1.4
                0x000000000000c198       0x3f e:/software/mounr/mounriver_studio/toolchain/risc-v embedded gcc/bin/../lib/gcc/riscv-none-embed/8.2.0/../../../../riscv-none-embed/lib/rv32imac/ilp32\libg_nano.a(lib_a-assert.o)
                                         0x43 (size before relaxing)
 *fill*         0x000000000000c1d7        0x1 
 .rodata._vfprintf_r.str1.4
                0x000000000000c1d8       0x13 e:/software/mounr/mounriver_studio/toolchain/risc-v embedded gcc/bin/../lib/gcc/riscv-none-embed/8.2.0/../../../../riscv-none-embed/lib/rv32imac/ilp32\libg_nano.a(lib_a-nano-vfprintf.o)
 *fill*         0x000000000000c1eb        0x1 
 .rodata._printf_i.str1.4
                0x000000000000c1ec       0x28 e:/software/mounr/mounriver_studio/toolchain/risc-v embedded gcc/bin/../lib/gcc/riscv-none-embed/8.2.0/../../../../riscv-none-embed/lib/rv32imac/ilp32\libg_nano.a(lib_a-nano-vfprintf_i.o)
                                         0x25 (size before relaxing)
 .rodata.__sf_fake_stderr
                0x000000000000c214       0x20 e:/software/mounr/mounriver_studio/toolchain/risc-v embedded gcc/bin/../lib/gcc/riscv-none-embed/8.2.0/../../../../riscv-none-embed/lib/rv32imac/ilp32\libg_nano.a(lib_a-findfp.o)
                0x000000000000c214                __sf_fake_stderr
 .rodata.__sf_fake_stdin
                0x000000000000c234       0x20 e:/software/mounr/mounriver_studio/toolchain/risc-v embedded gcc/bin/../lib/gcc/riscv-none-embed/8.2.0/../../../../riscv-none-embed/lib/rv32imac/ilp32\libg_nano.a(lib_a-findfp.o)
                0x000000000000c234                __sf_fake_stdin
 .rodata.__sf_fake_stdout
                0x000000000000c254       0x20 e:/software/mounr/mounriver_studio/toolchain/risc-v embedded gcc/bin/../lib/gcc/riscv-none-embed/8.2.0/../../../../riscv-none-embed/lib/rv32imac/ilp32\libg_nano.a(lib_a-findfp.o)
                0x000000000000c254                __sf_fake_stdout
 .rodata._svfprintf_r.str1.4
                0x000000000000c274       0x13 e:/software/mounr/mounriver_studio/toolchain/risc-v embedded gcc/bin/../lib/gcc/riscv-none-embed/8.2.0/../../../../riscv-none-embed/lib/rv32imac/ilp32\libg_nano.a(lib_a-nano-svfprintf.o)
 *(.glue_7)
 *(.glue_7t)
 *(.gnu.linkonce.t.*)
                0x000000000000c288                . = ALIGN (0x4)

.rela.dyn       0x000000000000c274        0x0
 .rela.init     0x000000000000c274        0x0 ./USER/isr.o
 .rela.vector   0x000000000000c274        0x0 ./USER/isr.o
 .rela.text.handle_reset
                0x000000000000c274        0x0 ./USER/isr.o
 .rela.text._vfprintf_r
                0x000000000000c274        0x0 ./USER/isr.o
 .rela.text._svfprintf_r
                0x000000000000c274        0x0 ./USER/isr.o
 .rela.text._sbrk_r
                0x000000000000c274        0x0 ./USER/isr.o
 .rela.text._kill_r
                0x000000000000c274        0x0 ./USER/isr.o
 .rela.text._write_r
                0x000000000000c274        0x0 ./USER/isr.o
 .rela.text._close_r
                0x000000000000c274        0x0 ./USER/isr.o
 .rela.text._fstat_r
                0x000000000000c274        0x0 ./USER/isr.o
 .rela.text._isatty_r
                0x000000000000c274        0x0 ./USER/isr.o
 .rela.text._lseek_r
                0x000000000000c274        0x0 ./USER/isr.o
 .rela.text._read_r
                0x000000000000c274        0x0 ./USER/isr.o
 .rela.text._close
                0x000000000000c274        0x0 ./USER/isr.o
 .rela.text._fstat
                0x000000000000c274        0x0 ./USER/isr.o
 .rela.text._getpid
                0x000000000000c274        0x0 ./USER/isr.o
 .rela.text._isatty
                0x000000000000c274        0x0 ./USER/isr.o
 .rela.text._kill
                0x000000000000c274        0x0 ./USER/isr.o
 .rela.text._lseek
                0x000000000000c274        0x0 ./USER/isr.o
 .rela.text._read
                0x000000000000c274        0x0 ./USER/isr.o
 .rela.text._sbrk
                0x000000000000c274        0x0 ./USER/isr.o

.fini           0x000000000000c274        0x0
 *(SORT_NONE(.fini))
                0x000000000000c274                . = ALIGN (0x4)
                [!provide]                        PROVIDE (_etext = .)
                [!provide]                        PROVIDE (_eitcm = .)

.preinit_array  0x000000000000c274        0x0
                [!provide]                        PROVIDE (__preinit_array_start = .)
 *(.preinit_array)
                [!provide]                        PROVIDE (__preinit_array_end = .)

.init_array     0x000000000000c274        0x0
                [!provide]                        PROVIDE (__init_array_start = .)
 *(SORT_BY_INIT_PRIORITY(.init_array.*) SORT_BY_INIT_PRIORITY(.ctors.*))
 *(.init_array EXCLUDE_FILE(*crtend?.o *crtend.o *crtbegin?.o *crtbegin.o) .ctors)
                [!provide]                        PROVIDE (__init_array_end = .)

.fini_array     0x000000000000c274        0x0
                [!provide]                        PROVIDE (__fini_array_start = .)
 *(SORT_BY_INIT_PRIORITY(.fini_array.*) SORT_BY_INIT_PRIORITY(.dtors.*))
 *(.fini_array EXCLUDE_FILE(*crtend?.o *crtend.o *crtbegin?.o *crtbegin.o) .dtors)
                [!provide]                        PROVIDE (__fini_array_end = .)

.ctors
 *crtbegin.o(.ctors)
 *crtbegin?.o(.ctors)
 *(EXCLUDE_FILE(*crtend?.o *crtend.o) .ctors)
 *(SORT_BY_NAME(.ctors.*))
 *(.ctors)

.dtors
 *crtbegin.o(.dtors)
 *crtbegin?.o(.dtors)
 *(EXCLUDE_FILE(*crtend?.o *crtend.o) .dtors)
 *(SORT_BY_NAME(.dtors.*))
 *(.dtors)

.dalign         0x0000000020000000        0x0 load address 0x000000000000c274
                0x0000000020000000                . = ALIGN (0x4)
                0x0000000020000000                PROVIDE (_data_vma = .)

.dlalign        0x000000000000c274        0x0
                0x000000000000c274                . = ALIGN (0x4)
                0x000000000000c274                PROVIDE (_data_lma = .)

.data           0x0000000020000000       0xc0 load address 0x000000000000c274
 *(.gnu.linkonce.r.*)
 *(.data .data.*)
 .data.APBAHBPrescTable
                0x0000000020000000       0x10 ./Libraries/wch_libraries/Peripheral/ch32v10x_rcc.o
 .data.impure_data
                0x0000000020000010       0x60 e:/software/mounr/mounriver_studio/toolchain/risc-v embedded gcc/bin/../lib/gcc/riscv-none-embed/8.2.0/../../../../riscv-none-embed/lib/rv32imac/ilp32\libg_nano.a(lib_a-impure.o)
 *(.gnu.linkonce.d.*)
                0x0000000020000070                . = ALIGN (0x8)
                0x0000000020000870                PROVIDE (__global_pointer$ = (. + 0x800))
 *(.sdata .sdata.*)
 .sdata.message
                0x0000000020000070        0x2 ./USER/main.o
                0x0000000020000070                message
 *fill*         0x0000000020000072        0x2 
 .sdata.ADCPrescTable
                0x0000000020000074        0x4 ./Libraries/wch_libraries/Peripheral/ch32v10x_rcc.o
 .sdata.gFlashStatus.3178
                0x0000000020000078        0x4 ./Libraries/seekfree_libraries/zf_flash.o
 .sdata.gFlashStatus.3197
                0x000000002000007c        0x4 ./Libraries/seekfree_libraries/zf_flash.o
 .sdata.key1_status
                0x0000000020000080        0x1 ./CODE/key.o
                0x0000000020000080                key1_status
 .sdata.key2_status
                0x0000000020000081        0x1 ./CODE/key.o
                0x0000000020000081                key2_status
 .sdata.key3_status
                0x0000000020000082        0x1 ./CODE/key.o
                0x0000000020000082                key3_status
 *fill*         0x0000000020000083        0x1 
 .sdata.S_P     0x0000000020000084        0x4 ./CODE/value.o
                0x0000000020000084                S_P
 .sdata.S_I     0x0000000020000088        0x4 ./CODE/value.o
                0x0000000020000088                S_I
 .sdata.S_D     0x000000002000008c        0x4 ./CODE/value.o
                0x000000002000008c                S_D
 .sdata.T_P     0x0000000020000090        0x4 ./CODE/value.o
                0x0000000020000090                T_P
 .sdata.T_D     0x0000000020000094        0x4 ./CODE/value.o
                0x0000000020000094                T_D
 .sdata.T2_P    0x0000000020000098        0x4 ./CODE/value.o
                0x0000000020000098                T2_P
 .sdata.T2_D    0x000000002000009c        0x4 ./CODE/value.o
                0x000000002000009c                T2_D
 .sdata.limit_pwm
                0x00000000200000a0        0x2 ./CODE/value.o
                0x00000000200000a0                limit_pwm
 .sdata.basic_speed
                0x00000000200000a2        0x2 ./CODE/value.o
                0x00000000200000a2                basic_speed
 .sdata.island_need
                0x00000000200000a4        0x2 ./CODE/value.o
                0x00000000200000a4                island_need
 *fill*         0x00000000200000a6        0x2 
 .sdata.__fdlib_version
                0x00000000200000a8        0x4 e:/software/mounr/mounriver_studio/toolchain/risc-v embedded gcc/bin/../lib/gcc/riscv-none-embed/8.2.0/../../../../riscv-none-embed/lib/rv32imac/ilp32\libm.a(lib_a-s_lib_ver.o)
                0x00000000200000a8                __fdlib_version
 .sdata._impure_ptr
                0x00000000200000ac        0x4 e:/software/mounr/mounriver_studio/toolchain/risc-v embedded gcc/bin/../lib/gcc/riscv-none-embed/8.2.0/../../../../riscv-none-embed/lib/rv32imac/ilp32\libg_nano.a(lib_a-impure.o)
                0x00000000200000ac                _impure_ptr
 *(.sdata2.*)
 .sdata2.SPIN   0x00000000200000b0        0x8 ./Libraries/seekfree_libraries/zf_spi.o
                0x00000000200000b0                SPIN
 .sdata2._global_impure_ptr
                0x00000000200000b8        0x4 e:/software/mounr/mounriver_studio/toolchain/risc-v embedded gcc/bin/../lib/gcc/riscv-none-embed/8.2.0/../../../../riscv-none-embed/lib/rv32imac/ilp32\libg_nano.a(lib_a-impure.o)
                0x00000000200000b8                _global_impure_ptr
 *(.gnu.linkonce.s.*)
                0x00000000200000c0                . = ALIGN (0x8)
 *fill*         0x00000000200000bc        0x4 
 *(.srodata.cst16)
 *(.srodata.cst8)
 *(.srodata.cst4)
 *(.srodata.cst2)
 *(.srodata .srodata.*)
                0x00000000200000c0                . = ALIGN (0x4)
                0x00000000200000c0                PROVIDE (_edata = .)

.bss            0x00000000200000c0      0x1f0 load address 0x000000000000c334
                0x00000000200000c0                . = ALIGN (0x4)
                0x00000000200000c0                PROVIDE (_sbss = .)
 *(.sbss*)
 .sbss.new_angle.6489
                0x00000000200000c0        0x2 ./Libraries/seekfree_peripheral/SEEKFREE_ABSOLUTE_ENCODER.o
 .sbss.old_angle.6488
                0x00000000200000c2        0x2 ./Libraries/seekfree_peripheral/SEEKFREE_ABSOLUTE_ENCODER.o
 .sbss.new_angle.6495
                0x00000000200000c4        0x2 ./Libraries/seekfree_peripheral/SEEKFREE_ABSOLUTE_ENCODER.o
 .sbss.old_angle.6494
                0x00000000200000c6        0x2 ./Libraries/seekfree_peripheral/SEEKFREE_ABSOLUTE_ENCODER.o
 .sbss.new_angle.6507
                0x00000000200000c8        0x2 ./Libraries/seekfree_peripheral/SEEKFREE_ABSOLUTE_ENCODER.o
 .sbss.old_angle.6506
                0x00000000200000ca        0x2 ./Libraries/seekfree_peripheral/SEEKFREE_ABSOLUTE_ENCODER.o
 .sbss.receive  0x00000000200000cc        0x3 ./Libraries/seekfree_peripheral/SEEKFREE_MT9V03X.o
                0x00000000200000cc                receive
 .sbss.receive_num
                0x00000000200000cf        0x1 ./Libraries/seekfree_peripheral/SEEKFREE_MT9V03X.o
                0x00000000200000cf                receive_num
 .sbss.uart_receive_flag
                0x00000000200000d0        0x1 ./Libraries/seekfree_peripheral/SEEKFREE_MT9V03X.o
                0x00000000200000d0                uart_receive_flag
 .sbss.mt9v03x_finish_flag
                0x00000000200000d1        0x1 ./Libraries/seekfree_peripheral/SEEKFREE_MT9V03X.o
                0x00000000200000d1                mt9v03x_finish_flag
 *fill*         0x00000000200000d2        0x2 
 .sbss.sys_clk  0x00000000200000d4        0x4 ./Libraries/seekfree_libraries/common.o
                0x00000000200000d4                sys_clk
 .sbss.ad_diff  0x00000000200000d8        0x2 ./CODE/function.o
                0x00000000200000d8                ad_diff
 .sbss.threeWay_flag
                0x00000000200000da        0x2 ./CODE/function.o
                0x00000000200000da                threeWay_flag
 .sbss.threeWay_sum
                0x00000000200000dc        0x2 ./CODE/function.o
                0x00000000200000dc                threeWay_sum
 .sbss.key1_flag
                0x00000000200000de        0x1 ./CODE/key.o
                0x00000000200000de                key1_flag
 .sbss.key2_flag
                0x00000000200000df        0x1 ./CODE/key.o
                0x00000000200000df                key2_flag
 .sbss.key3_flag
                0x00000000200000e0        0x1 ./CODE/key.o
                0x00000000200000e0                key3_flag
 *fill*         0x00000000200000e1        0x1 
 .sbss.five_mstick
                0x00000000200000e2        0x2 ./CODE/value.o
                0x00000000200000e2                five_mstick
 .sbss.key_tick
                0x00000000200000e4        0x2 ./CODE/value.o
                0x00000000200000e4                key_tick
 *fill*         0x00000000200000e6        0x2 
 .sbss.dx       0x00000000200000e8        0x4 ./CODE/value.o
                0x00000000200000e8                dx
 .sbss.dy       0x00000000200000ec        0x4 ./CODE/value.o
                0x00000000200000ec                dy
 .sbss.dz       0x00000000200000f0        0x4 ./CODE/value.o
                0x00000000200000f0                dz
 .sbss.dist     0x00000000200000f4        0x4 ./CODE/value.o
                0x00000000200000f4                dist
 .sbss.car_flag
                0x00000000200000f8        0x1 ./CODE/value.o
                0x00000000200000f8                car_flag
 *fill*         0x00000000200000f9        0x3 
 .sbss.encoder_data
                0x00000000200000fc        0x8 ./CODE/value.o
                0x00000000200000fc                encoder_data
 .sbss.Left_rear
                0x0000000020000104        0x2 ./CODE/value.o
                0x0000000020000104                Left_rear
 .sbss.Left_front
                0x0000000020000106        0x2 ./CODE/value.o
                0x0000000020000106                Left_front
 .sbss.Right_front
                0x0000000020000108        0x2 ./CODE/value.o
                0x0000000020000108                Right_front
 .sbss.Right_rear
                0x000000002000010a        0x2 ./CODE/value.o
                0x000000002000010a                Right_rear
 .sbss.enconder_input
                0x000000002000010c        0x2 ./CODE/value.o
                0x000000002000010c                enconder_input
 *fill*         0x000000002000010e        0x2 
 .sbss.position
                0x0000000020000110        0x4 ./CODE/value.o
                0x0000000020000110                position
 .sbss.ad_sum   0x0000000020000114        0x2 ./CODE/value.o
                0x0000000020000114                ad_sum
 .sbss.key_cnt  0x0000000020000116        0x1 ./CODE/value.o
                0x0000000020000116                key_cnt
 .sbss.island_flag
                0x0000000020000117        0x1 ./CODE/value.o
                0x0000000020000117                island_flag
 .sbss.island_finish
                0x0000000020000118        0x1 ./CODE/value.o
                0x0000000020000118                island_finish
 *fill*         0x0000000020000119        0x1 
 .sbss.ad_dif0  0x000000002000011a        0x2 ./CODE/value.o
                0x000000002000011a                ad_dif0
 .sbss.ad_dif1  0x000000002000011c        0x2 ./CODE/value.o
                0x000000002000011c                ad_dif1
 .sbss.ad_dif2  0x000000002000011e        0x2 ./CODE/value.o
                0x000000002000011e                ad_dif2
 .sbss.ad_dif3  0x0000000020000120        0x2 ./CODE/value.o
                0x0000000020000120                ad_dif3
 .sbss.ad_sum2  0x0000000020000122        0x2 ./CODE/value.o
                0x0000000020000122                ad_sum2
 .sbss.ad_sum3  0x0000000020000124        0x2 ./CODE/value.o
                0x0000000020000124                ad_sum3
 .sbss.island_sum
                0x0000000020000126        0x2 ./CODE/value.o
                0x0000000020000126                island_sum
 .sbss.distance_real
                0x0000000020000128        0x4 ./CODE/value.o
                0x0000000020000128                distance_real
 .sbss.__malloc_free_list
                0x000000002000012c        0x4 e:/software/mounr/mounriver_studio/toolchain/risc-v embedded gcc/bin/../lib/gcc/riscv-none-embed/8.2.0/../../../../riscv-none-embed/lib/rv32imac/ilp32\libg_nano.a(lib_a-nano-mallocr.o)
                0x000000002000012c                __malloc_free_list
 .sbss.__malloc_sbrk_start
                0x0000000020000130        0x4 e:/software/mounr/mounriver_studio/toolchain/risc-v embedded gcc/bin/../lib/gcc/riscv-none-embed/8.2.0/../../../../riscv-none-embed/lib/rv32imac/ilp32\libg_nano.a(lib_a-nano-mallocr.o)
                0x0000000020000130                __malloc_sbrk_start
 .sbss.heap_end.1518
                0x0000000020000134        0x4 e:/software/mounr/mounriver_studio/toolchain/risc-v embedded gcc/bin/../lib/gcc/riscv-none-embed/8.2.0/../../../../riscv-none-embed/lib/rv32imac/ilp32\libnosys.a(sbrk.o)
 *(.gnu.linkonce.sb.*)
 *(.bss*)
 .bss.irq_status
                0x0000000020000138        0xc ./Libraries/seekfree_libraries/common.o
                0x0000000020000138                irq_status
 .bss.write_buff
                0x0000000020000144       0x28 ./CODE/value.o
                0x0000000020000144                write_buff
 .bss.read_buff
                0x000000002000016c       0x28 ./CODE/value.o
                0x000000002000016c                read_buff
 .bss.motor1_pid
                0x0000000020000194       0x20 ./CODE/value.o
                0x0000000020000194                motor1_pid
 .bss.motor2_pid
                0x00000000200001b4       0x20 ./CODE/value.o
                0x00000000200001b4                motor2_pid
 .bss.motor3_pid
                0x00000000200001d4       0x20 ./CODE/value.o
                0x00000000200001d4                motor3_pid
 .bss.motor4_pid
                0x00000000200001f4       0x20 ./CODE/value.o
                0x00000000200001f4                motor4_pid
 .bss.turn_pid  0x0000000020000214       0x2c ./CODE/value.o
                0x0000000020000214                turn_pid
 .bss.adc_value
                0x0000000020000240       0x3c ./CODE/value.o
                0x0000000020000240                adc_value
 .bss.ad        0x000000002000027c        0xc ./CODE/value.o
                0x000000002000027c                ad
 .bss.ad_max    0x0000000020000288        0xc ./CODE/value.o
                0x0000000020000288                ad_max
 .bss.ad_min    0x0000000020000294        0xc ./CODE/value.o
                0x0000000020000294                ad_min
 .bss.ad_real   0x00000000200002a0        0xc ./CODE/value.o
                0x00000000200002a0                ad_real
 *(.gnu.linkonce.b.*)
 *(COMMON*)
 COMMON         0x00000000200002ac        0x4 e:/software/mounr/mounriver_studio/toolchain/risc-v embedded gcc/bin/../lib/gcc/riscv-none-embed/8.2.0/../../../../riscv-none-embed/lib/rv32imac/ilp32\libg_nano.a(lib_a-reent.o)
                0x00000000200002ac                errno
                0x00000000200002b0                . = ALIGN (0x4)
                0x00000000200002b0                PROVIDE (_ebss = .)
                [!provide]                        PROVIDE (_end = _ebss)
                0x00000000200002b0                PROVIDE (end = .)

.stack          0x0000000020004800      0x800
                0x0000000020004800                . = ALIGN (0x4)
                [!provide]                        PROVIDE (_susrstack = .)
                0x0000000020005000                . = (. + __stack_size)
 *fill*         0x0000000020004800      0x800 
                0x0000000020005000                PROVIDE (_eusrstack = .)
OUTPUT(signle_core_v1.2.elf elf32-littleriscv)

.debug_info     0x0000000000000000    0x21e19
 .debug_info    0x0000000000000000     0x1b8a ./USER/isr.o
 .debug_info    0x0000000000001b8a     0x156e ./USER/main.o
 .debug_info    0x00000000000030f8       0x22 ./Libraries/wch_libraries/Startup/startup_ch32v10x.o
 .debug_info    0x000000000000311a      0xc6c ./Libraries/wch_libraries/Peripheral/ch32v10x_adc.o
 .debug_info    0x0000000000003d86      0x476 ./Libraries/wch_libraries/Peripheral/ch32v10x_dma.o
 .debug_info    0x00000000000041fc      0x353 ./Libraries/wch_libraries/Peripheral/ch32v10x_exti.o
 .debug_info    0x000000000000454f      0x8e7 ./Libraries/wch_libraries/Peripheral/ch32v10x_flash.o
 .debug_info    0x0000000000004e36      0x6e7 ./Libraries/wch_libraries/Peripheral/ch32v10x_gpio.o
 .debug_info    0x000000000000551d      0x517 ./Libraries/wch_libraries/Peripheral/ch32v10x_misc.o
 .debug_info    0x0000000000005a34      0x8d8 ./Libraries/wch_libraries/Peripheral/ch32v10x_rcc.o
 .debug_info    0x000000000000630c      0x94f ./Libraries/wch_libraries/Peripheral/ch32v10x_spi.o
 .debug_info    0x0000000000006c5b     0x1dcc ./Libraries/wch_libraries/Peripheral/ch32v10x_tim.o
 .debug_info    0x0000000000008a27      0xa42 ./Libraries/wch_libraries/Peripheral/ch32v10x_usart.o
 .debug_info    0x0000000000009469     0x1b64 ./Libraries/seekfree_peripheral/SEEKFREE_ABSOLUTE_ENCODER.o
 .debug_info    0x000000000000afcd      0xb50 ./Libraries/seekfree_peripheral/SEEKFREE_FONT.o
 .debug_info    0x000000000000bb1d     0x1a03 ./Libraries/seekfree_peripheral/SEEKFREE_IPS114_SPI.o
 .debug_info    0x000000000000d520     0x159f ./Libraries/seekfree_peripheral/SEEKFREE_MT9V03X.o
 .debug_info    0x000000000000eabf      0xfc7 ./Libraries/seekfree_peripheral/SEEKFREE_WIRELESS.o
 .debug_info    0x000000000000fa86      0xa5b ./Libraries/seekfree_libraries/common.o
 .debug_info    0x00000000000104e1      0xcee ./Libraries/seekfree_libraries/zf_flash.o
 .debug_info    0x00000000000111cf     0x118f ./Libraries/seekfree_libraries/zf_gpio.o
 .debug_info    0x000000000001235e      0xeeb ./Libraries/seekfree_libraries/zf_nvic.o
 .debug_info    0x0000000000013249      0xfe7 ./Libraries/seekfree_libraries/zf_pit.o
 .debug_info    0x0000000000014230     0x1488 ./Libraries/seekfree_libraries/zf_pwm.o
 .debug_info    0x00000000000156b8     0x125a ./Libraries/seekfree_libraries/zf_qtimer.o
 .debug_info    0x0000000000016912     0x1218 ./Libraries/seekfree_libraries/zf_spi.o
 .debug_info    0x0000000000017b2a      0xbae ./Libraries/seekfree_libraries/zf_systick.o
 .debug_info    0x00000000000186d8     0x1339 ./Libraries/seekfree_libraries/zf_uart.o
 .debug_info    0x0000000000019a11      0xcf3 ./Libraries/board/board.o
 .debug_info    0x000000000001a704      0x25f ./Libraries/board/clock_config.o
 .debug_info    0x000000000001a963     0x2184 ./CODE/function.o
 .debug_info    0x000000000001cae7     0x17c5 ./CODE/key.o
 .debug_info    0x000000000001e2ac     0x1839 ./CODE/motor.o
 .debug_info    0x000000000001fae5      0xffc ./CODE/pid.o
 .debug_info    0x0000000000020ae1     0x1338 ./CODE/value.o

.debug_abbrev   0x0000000000000000     0x4e81
 .debug_abbrev  0x0000000000000000      0x2a8 ./USER/isr.o
 .debug_abbrev  0x00000000000002a8      0x289 ./USER/main.o
 .debug_abbrev  0x0000000000000531       0x12 ./Libraries/wch_libraries/Startup/startup_ch32v10x.o
 .debug_abbrev  0x0000000000000543      0x17e ./Libraries/wch_libraries/Peripheral/ch32v10x_adc.o
 .debug_abbrev  0x00000000000006c1      0x18f ./Libraries/wch_libraries/Peripheral/ch32v10x_dma.o
 .debug_abbrev  0x0000000000000850      0x144 ./Libraries/wch_libraries/Peripheral/ch32v10x_exti.o
 .debug_abbrev  0x0000000000000994      0x1f6 ./Libraries/wch_libraries/Peripheral/ch32v10x_flash.o
 .debug_abbrev  0x0000000000000b8a      0x1c7 ./Libraries/wch_libraries/Peripheral/ch32v10x_gpio.o
 .debug_abbrev  0x0000000000000d51      0x179 ./Libraries/wch_libraries/Peripheral/ch32v10x_misc.o
 .debug_abbrev  0x0000000000000eca      0x1ef ./Libraries/wch_libraries/Peripheral/ch32v10x_rcc.o
 .debug_abbrev  0x00000000000010b9      0x19e ./Libraries/wch_libraries/Peripheral/ch32v10x_spi.o
 .debug_abbrev  0x0000000000001257      0x1c9 ./Libraries/wch_libraries/Peripheral/ch32v10x_tim.o
 .debug_abbrev  0x0000000000001420      0x19e ./Libraries/wch_libraries/Peripheral/ch32v10x_usart.o
 .debug_abbrev  0x00000000000015be      0x318 ./Libraries/seekfree_peripheral/SEEKFREE_ABSOLUTE_ENCODER.o
 .debug_abbrev  0x00000000000018d6      0x217 ./Libraries/seekfree_peripheral/SEEKFREE_FONT.o
 .debug_abbrev  0x0000000000001aed      0x328 ./Libraries/seekfree_peripheral/SEEKFREE_IPS114_SPI.o
 .debug_abbrev  0x0000000000001e15      0x365 ./Libraries/seekfree_peripheral/SEEKFREE_MT9V03X.o
 .debug_abbrev  0x000000000000217a      0x2a3 ./Libraries/seekfree_peripheral/SEEKFREE_WIRELESS.o
 .debug_abbrev  0x000000000000241d      0x1fa ./Libraries/seekfree_libraries/common.o
 .debug_abbrev  0x0000000000002617      0x28e ./Libraries/seekfree_libraries/zf_flash.o
 .debug_abbrev  0x00000000000028a5      0x2c2 ./Libraries/seekfree_libraries/zf_gpio.o
 .debug_abbrev  0x0000000000002b67      0x2b8 ./Libraries/seekfree_libraries/zf_nvic.o
 .debug_abbrev  0x0000000000002e1f      0x2b5 ./Libraries/seekfree_libraries/zf_pit.o
 .debug_abbrev  0x00000000000030d4      0x2d0 ./Libraries/seekfree_libraries/zf_pwm.o
 .debug_abbrev  0x00000000000033a4      0x2b6 ./Libraries/seekfree_libraries/zf_qtimer.o
 .debug_abbrev  0x000000000000365a      0x293 ./Libraries/seekfree_libraries/zf_spi.o
 .debug_abbrev  0x00000000000038ed      0x257 ./Libraries/seekfree_libraries/zf_systick.o
 .debug_abbrev  0x0000000000003b44      0x2e5 ./Libraries/seekfree_libraries/zf_uart.o
 .debug_abbrev  0x0000000000003e29      0x280 ./Libraries/board/board.o
 .debug_abbrev  0x00000000000040a9       0xe8 ./Libraries/board/clock_config.o
 .debug_abbrev  0x0000000000004191      0x36a ./CODE/function.o
 .debug_abbrev  0x00000000000044fb      0x26f ./CODE/key.o
 .debug_abbrev  0x000000000000476a      0x290 ./CODE/motor.o
 .debug_abbrev  0x00000000000049fa      0x26b ./CODE/pid.o
 .debug_abbrev  0x0000000000004c65      0x21c ./CODE/value.o

.debug_aranges  0x0000000000000000     0x10d0
 .debug_aranges
                0x0000000000000000       0xc0 ./USER/isr.o
 .debug_aranges
                0x00000000000000c0       0x20 ./USER/main.o
 .debug_aranges
                0x00000000000000e0       0x30 ./Libraries/wch_libraries/Startup/startup_ch32v10x.o
 .debug_aranges
                0x0000000000000110      0x140 ./Libraries/wch_libraries/Peripheral/ch32v10x_adc.o
 .debug_aranges
                0x0000000000000250       0x70 ./Libraries/wch_libraries/Peripheral/ch32v10x_dma.o
 .debug_aranges
                0x00000000000002c0       0x58 ./Libraries/wch_libraries/Peripheral/ch32v10x_exti.o
 .debug_aranges
                0x0000000000000318      0x128 ./Libraries/wch_libraries/Peripheral/ch32v10x_flash.o
 .debug_aranges
                0x0000000000000440       0xa0 ./Libraries/wch_libraries/Peripheral/ch32v10x_gpio.o
 .debug_aranges
                0x00000000000004e0       0x40 ./Libraries/wch_libraries/Peripheral/ch32v10x_misc.o
 .debug_aranges
                0x0000000000000520      0x118 ./Libraries/wch_libraries/Peripheral/ch32v10x_rcc.o
 .debug_aranges
                0x0000000000000638       0xd0 ./Libraries/wch_libraries/Peripheral/ch32v10x_spi.o
 .debug_aranges
                0x0000000000000708      0x2f0 ./Libraries/wch_libraries/Peripheral/ch32v10x_tim.o
 .debug_aranges
                0x00000000000009f8      0x100 ./Libraries/wch_libraries/Peripheral/ch32v10x_usart.o
 .debug_aranges
                0x0000000000000af8       0x80 ./Libraries/seekfree_peripheral/SEEKFREE_ABSOLUTE_ENCODER.o
 .debug_aranges
                0x0000000000000b78       0x18 ./Libraries/seekfree_peripheral/SEEKFREE_FONT.o
 .debug_aranges
                0x0000000000000b90       0xc8 ./Libraries/seekfree_peripheral/SEEKFREE_IPS114_SPI.o
 .debug_aranges
                0x0000000000000c58       0x80 ./Libraries/seekfree_peripheral/SEEKFREE_MT9V03X.o
 .debug_aranges
                0x0000000000000cd8       0x30 ./Libraries/seekfree_peripheral/SEEKFREE_WIRELESS.o
 .debug_aranges
                0x0000000000000d08       0x18 ./Libraries/seekfree_libraries/common.o
 .debug_aranges
                0x0000000000000d20       0x38 ./Libraries/seekfree_libraries/zf_flash.o
 .debug_aranges
                0x0000000000000d58       0x40 ./Libraries/seekfree_libraries/zf_gpio.o
 .debug_aranges
                0x0000000000000d98       0x40 ./Libraries/seekfree_libraries/zf_nvic.o
 .debug_aranges
                0x0000000000000dd8       0x40 ./Libraries/seekfree_libraries/zf_pit.o
 .debug_aranges
                0x0000000000000e18       0x40 ./Libraries/seekfree_libraries/zf_pwm.o
 .debug_aranges
                0x0000000000000e58       0x38 ./Libraries/seekfree_libraries/zf_qtimer.o
 .debug_aranges
                0x0000000000000e90       0x30 ./Libraries/seekfree_libraries/zf_spi.o
 .debug_aranges
                0x0000000000000ec0       0x30 ./Libraries/seekfree_libraries/zf_systick.o
 .debug_aranges
                0x0000000000000ef0       0x60 ./Libraries/seekfree_libraries/zf_uart.o
 .debug_aranges
                0x0000000000000f50       0x28 ./Libraries/board/board.o
 .debug_aranges
                0x0000000000000f78       0x28 ./Libraries/board/clock_config.o
 .debug_aranges
                0x0000000000000fa0       0x88 ./CODE/function.o
 .debug_aranges
                0x0000000000001028       0x20 ./CODE/key.o
 .debug_aranges
                0x0000000000001048       0x40 ./CODE/motor.o
 .debug_aranges
                0x0000000000001088       0x30 ./CODE/pid.o
 .debug_aranges
                0x00000000000010b8       0x18 ./CODE/value.o

.debug_ranges   0x0000000000000000      0xe90
 .debug_ranges  0x0000000000000000       0xb0 ./USER/isr.o
 .debug_ranges  0x00000000000000b0       0x10 ./USER/main.o
 .debug_ranges  0x00000000000000c0       0x28 ./Libraries/wch_libraries/Startup/startup_ch32v10x.o
 .debug_ranges  0x00000000000000e8      0x130 ./Libraries/wch_libraries/Peripheral/ch32v10x_adc.o
 .debug_ranges  0x0000000000000218       0x60 ./Libraries/wch_libraries/Peripheral/ch32v10x_dma.o
 .debug_ranges  0x0000000000000278       0x48 ./Libraries/wch_libraries/Peripheral/ch32v10x_exti.o
 .debug_ranges  0x00000000000002c0      0x118 ./Libraries/wch_libraries/Peripheral/ch32v10x_flash.o
 .debug_ranges  0x00000000000003d8       0x90 ./Libraries/wch_libraries/Peripheral/ch32v10x_gpio.o
 .debug_ranges  0x0000000000000468       0x30 ./Libraries/wch_libraries/Peripheral/ch32v10x_misc.o
 .debug_ranges  0x0000000000000498      0x108 ./Libraries/wch_libraries/Peripheral/ch32v10x_rcc.o
 .debug_ranges  0x00000000000005a0       0xc0 ./Libraries/wch_libraries/Peripheral/ch32v10x_spi.o
 .debug_ranges  0x0000000000000660      0x2e0 ./Libraries/wch_libraries/Peripheral/ch32v10x_tim.o
 .debug_ranges  0x0000000000000940       0xf0 ./Libraries/wch_libraries/Peripheral/ch32v10x_usart.o
 .debug_ranges  0x0000000000000a30       0x70 ./Libraries/seekfree_peripheral/SEEKFREE_ABSOLUTE_ENCODER.o
 .debug_ranges  0x0000000000000aa0       0xb8 ./Libraries/seekfree_peripheral/SEEKFREE_IPS114_SPI.o
 .debug_ranges  0x0000000000000b58       0x70 ./Libraries/seekfree_peripheral/SEEKFREE_MT9V03X.o
 .debug_ranges  0x0000000000000bc8       0x20 ./Libraries/seekfree_peripheral/SEEKFREE_WIRELESS.o
 .debug_ranges  0x0000000000000be8       0x28 ./Libraries/seekfree_libraries/zf_flash.o
 .debug_ranges  0x0000000000000c10       0x30 ./Libraries/seekfree_libraries/zf_gpio.o
 .debug_ranges  0x0000000000000c40       0x30 ./Libraries/seekfree_libraries/zf_nvic.o
 .debug_ranges  0x0000000000000c70       0x30 ./Libraries/seekfree_libraries/zf_pit.o
 .debug_ranges  0x0000000000000ca0       0x30 ./Libraries/seekfree_libraries/zf_pwm.o
 .debug_ranges  0x0000000000000cd0       0x28 ./Libraries/seekfree_libraries/zf_qtimer.o
 .debug_ranges  0x0000000000000cf8       0x20 ./Libraries/seekfree_libraries/zf_spi.o
 .debug_ranges  0x0000000000000d18       0x20 ./Libraries/seekfree_libraries/zf_systick.o
 .debug_ranges  0x0000000000000d38       0x50 ./Libraries/seekfree_libraries/zf_uart.o
 .debug_ranges  0x0000000000000d88       0x18 ./Libraries/board/board.o
 .debug_ranges  0x0000000000000da0       0x18 ./Libraries/board/clock_config.o
 .debug_ranges  0x0000000000000db8       0x78 ./CODE/function.o
 .debug_ranges  0x0000000000000e30       0x10 ./CODE/key.o
 .debug_ranges  0x0000000000000e40       0x30 ./CODE/motor.o
 .debug_ranges  0x0000000000000e70       0x20 ./CODE/pid.o

.debug_line     0x0000000000000000    0x11fe0
 .debug_line    0x0000000000000000      0x9b7 ./USER/isr.o
 .debug_line    0x00000000000009b7      0x84f ./USER/main.o
 .debug_line    0x0000000000001206      0x225 ./Libraries/wch_libraries/Startup/startup_ch32v10x.o
 .debug_line    0x000000000000142b      0xf35 ./Libraries/wch_libraries/Peripheral/ch32v10x_adc.o
 .debug_line    0x0000000000002360      0x6b6 ./Libraries/wch_libraries/Peripheral/ch32v10x_dma.o
 .debug_line    0x0000000000002a16      0x4f4 ./Libraries/wch_libraries/Peripheral/ch32v10x_exti.o
 .debug_line    0x0000000000002f0a     0x1158 ./Libraries/wch_libraries/Peripheral/ch32v10x_flash.o
 .debug_line    0x0000000000004062      0x986 ./Libraries/wch_libraries/Peripheral/ch32v10x_gpio.o
 .debug_line    0x00000000000049e8      0x3a7 ./Libraries/wch_libraries/Peripheral/ch32v10x_misc.o
 .debug_line    0x0000000000004d8f      0xcbc ./Libraries/wch_libraries/Peripheral/ch32v10x_rcc.o
 .debug_line    0x0000000000005a4b      0xa0a ./Libraries/wch_libraries/Peripheral/ch32v10x_spi.o
 .debug_line    0x0000000000006455     0x1f66 ./Libraries/wch_libraries/Peripheral/ch32v10x_tim.o
 .debug_line    0x00000000000083bb      0xbea ./Libraries/wch_libraries/Peripheral/ch32v10x_usart.o
 .debug_line    0x0000000000008fa5      0x868 ./Libraries/seekfree_peripheral/SEEKFREE_ABSOLUTE_ENCODER.o
 .debug_line    0x000000000000980d      0x1e7 ./Libraries/seekfree_peripheral/SEEKFREE_FONT.o
 .debug_line    0x00000000000099f4     0x14bc ./Libraries/seekfree_peripheral/SEEKFREE_IPS114_SPI.o
 .debug_line    0x000000000000aeb0      0x9f6 ./Libraries/seekfree_peripheral/SEEKFREE_MT9V03X.o
 .debug_line    0x000000000000b8a6      0x3bc ./Libraries/seekfree_peripheral/SEEKFREE_WIRELESS.o
 .debug_line    0x000000000000bc62      0x1ac ./Libraries/seekfree_libraries/common.o
 .debug_line    0x000000000000be0e      0x4f9 ./Libraries/seekfree_libraries/zf_flash.o
 .debug_line    0x000000000000c307      0x657 ./Libraries/seekfree_libraries/zf_gpio.o
 .debug_line    0x000000000000c95e      0x475 ./Libraries/seekfree_libraries/zf_nvic.o
 .debug_line    0x000000000000cdd3      0x62a ./Libraries/seekfree_libraries/zf_pit.o
 .debug_line    0x000000000000d3fd      0xaa9 ./Libraries/seekfree_libraries/zf_pwm.o